
===========================================================================
report_checks -path_delay max (Setup)
============================================================================
======================= Typical Corner ===================================

Startpoint: a[14] (input port clocked by __VIRTUAL_CLK__)
Endpoint: zero (output port clocked by __VIRTUAL_CLK__)
Path Group: __VIRTUAL_CLK__
Path Type: max

Fanout     Cap    Slew   Delay    Time   Description
-----------------------------------------------------------------------------
                  0.00    0.00    0.00   clock __VIRTUAL_CLK__ (rise edge)
                          0.00    0.00   clock network delay (ideal)
                          2.00    2.00 ^ input external delay
                  0.02    0.01    2.01 ^ a[14] (in)
     1    0.00                           a[14] (net)
                  0.02    0.00    2.01 ^ input6/A (sky130_fd_sc_hd__dlymetal6s2s_1)
                  0.28    0.26    2.27 ^ input6/X (sky130_fd_sc_hd__dlymetal6s2s_1)
     3    0.03                           net6 (net)
                  0.28    0.00    2.27 ^ _459_/A (sky130_fd_sc_hd__buf_2)
                  0.22    0.32    2.58 ^ _459_/X (sky130_fd_sc_hd__buf_2)
    10    0.04                           _005_ (net)
                  0.22    0.00    2.58 ^ _460_/A (sky130_fd_sc_hd__nand2_1)
                  0.07    0.09    2.68 v _460_/Y (sky130_fd_sc_hd__nand2_1)
     2    0.00                           _006_ (net)
                  0.07    0.00    2.68 v _461_/B (sky130_fd_sc_hd__and2_1)
                  0.05    0.19    2.86 v _461_/X (sky130_fd_sc_hd__and2_1)
     2    0.01                           _007_ (net)
                  0.05    0.00    2.86 v _464_/B1 (sky130_fd_sc_hd__a2111o_1)
                  0.10    0.46    3.32 v _464_/X (sky130_fd_sc_hd__a2111o_1)
     2    0.01                           _010_ (net)
                  0.10    0.00    3.32 v _465_/D1 (sky130_fd_sc_hd__a2111o_1)
                  0.12    0.39    3.72 v _465_/X (sky130_fd_sc_hd__a2111o_1)
     2    0.02                           _011_ (net)
                  0.12    0.00    3.72 v _491_/A1 (sky130_fd_sc_hd__o2111a_1)
                  0.04    0.28    4.00 v _491_/X (sky130_fd_sc_hd__o2111a_1)
     1    0.00                           _037_ (net)
                  0.04    0.00    4.00 v _492_/B1 (sky130_fd_sc_hd__o31a_1)
                  0.05    0.11    4.10 v _492_/X (sky130_fd_sc_hd__o31a_1)
     1    0.00                           _038_ (net)
                  0.05    0.00    4.10 v _525_/A1 (sky130_fd_sc_hd__o32a_1)
                  0.07    0.38    4.48 v _525_/X (sky130_fd_sc_hd__o32a_1)
     2    0.01                           net36 (net)
                  0.07    0.00    4.48 v _824_/A (sky130_fd_sc_hd__or4_4)
                  0.08    0.55    5.03 v _824_/X (sky130_fd_sc_hd__or4_4)
     1    0.00                           _354_ (net)
                  0.08    0.00    5.03 v _825_/C (sky130_fd_sc_hd__or3_4)
                  0.07    0.36    5.38 v _825_/X (sky130_fd_sc_hd__or3_4)
     1    0.01                           _355_ (net)
                  0.07    0.00    5.39 v _826_/D (sky130_fd_sc_hd__or4_4)
                  0.09    0.44    5.83 v _826_/X (sky130_fd_sc_hd__or4_4)
     1    0.01                           _356_ (net)
                  0.09    0.00    5.83 v _827_/D (sky130_fd_sc_hd__nor4_2)
                  0.18    0.14    5.96 ^ _827_/Y (sky130_fd_sc_hd__nor4_2)
     1    0.00                           _357_ (net)
                  0.18    0.00    5.96 ^ _829_/C (sky130_fd_sc_hd__and4bb_1)
                  0.18    0.33    6.30 ^ _829_/X (sky130_fd_sc_hd__and4bb_1)
     1    0.02                           _359_ (net)
                  0.18    0.00    6.30 ^ _830_/A (sky130_fd_sc_hd__clkbuf_1)
                  0.08    0.14    6.44 ^ _830_/X (sky130_fd_sc_hd__clkbuf_1)
     1    0.01                           net52 (net)
                  0.08    0.00    6.44 ^ output52/A (sky130_fd_sc_hd__buf_6)
                  0.08    0.14    6.58 ^ output52/X (sky130_fd_sc_hd__buf_6)
     1    0.03                           zero (net)
                  0.08    0.00    6.58 ^ zero (out)
                                  6.58   data arrival time

                  0.00   10.00   10.00   clock __VIRTUAL_CLK__ (rise edge)
                          0.00   10.00   clock network delay (ideal)
                         -0.25    9.75   clock uncertainty
                          0.00    9.75   clock reconvergence pessimism
                         -2.00    7.75   output external delay
                                  7.75   data required time
-----------------------------------------------------------------------------
                                  7.75   data required time
                                 -6.58   data arrival time
-----------------------------------------------------------------------------
                                  1.17   slack (MET)


Startpoint: b[3] (input port clocked by __VIRTUAL_CLK__)
Endpoint: out[15] (output port clocked by __VIRTUAL_CLK__)
Path Group: __VIRTUAL_CLK__
Path Type: max

Fanout     Cap    Slew   Delay    Time   Description
-----------------------------------------------------------------------------
                  0.00    0.00    0.00   clock __VIRTUAL_CLK__ (rise edge)
                          0.00    0.00   clock network delay (ideal)
                          2.00    2.00 v input external delay
                  0.01    0.00    2.00 v b[3] (in)
     1    0.00                           b[3] (net)
                  0.01    0.00    2.00 v input29/A (sky130_fd_sc_hd__dlymetal6s2s_1)
                  0.10    0.18    2.19 v input29/X (sky130_fd_sc_hd__dlymetal6s2s_1)
     4    0.02                           net29 (net)
                  0.10    0.00    2.19 v _609_/B (sky130_fd_sc_hd__or4_4)
                  0.14    0.65    2.84 v _609_/X (sky130_fd_sc_hd__or4_4)
     7    0.04                           _151_ (net)
                  0.14    0.00    2.84 v _726_/A (sky130_fd_sc_hd__or3_1)
                  0.12    0.49    3.33 v _726_/X (sky130_fd_sc_hd__or3_1)
     2    0.01                           _262_ (net)
                  0.12    0.00    3.33 v _745_/A4 (sky130_fd_sc_hd__o41a_2)
                  0.10    0.47    3.79 v _745_/X (sky130_fd_sc_hd__o41a_2)
     2    0.02                           _280_ (net)
                  0.10    0.00    3.79 v _746_/B (sky130_fd_sc_hd__xnor2_2)
                  0.27    0.27    4.07 ^ _746_/Y (sky130_fd_sc_hd__xnor2_2)
     3    0.02                           _281_ (net)
                  0.27    0.00    4.07 ^ _747_/B (sky130_fd_sc_hd__xor2_2)
                  0.10    0.14    4.21 v _747_/X (sky130_fd_sc_hd__xor2_2)
     4    0.01                           _282_ (net)
                  0.10    0.00    4.21 v _764_/C_N (sky130_fd_sc_hd__or3b_1)
                  0.10    0.23    4.44 ^ _764_/X (sky130_fd_sc_hd__or3b_1)
     1    0.01                           _298_ (net)
                  0.10    0.00    4.44 ^ _768_/A2 (sky130_fd_sc_hd__o211ai_4)
                  0.09    0.11    4.55 v _768_/Y (sky130_fd_sc_hd__o211ai_4)
     3    0.02                           _302_ (net)
                  0.09    0.00    4.55 v _793_/A2 (sky130_fd_sc_hd__a211o_1)
                  0.06    0.33    4.88 v _793_/X (sky130_fd_sc_hd__a211o_1)
     2    0.01                           _325_ (net)
                  0.06    0.00    4.88 v _798_/B (sky130_fd_sc_hd__and3_1)
                  0.06    0.20    5.08 v _798_/X (sky130_fd_sc_hd__and3_1)
     3    0.01                           _330_ (net)
                  0.06    0.00    5.08 v _813_/B (sky130_fd_sc_hd__or3_1)
                  0.07    0.37    5.45 v _813_/X (sky130_fd_sc_hd__or3_1)
     1    0.00                           _344_ (net)
                  0.07    0.00    5.45 v _823_/A3 (sky130_fd_sc_hd__a31oi_2)
                  0.23    0.28    5.74 ^ _823_/Y (sky130_fd_sc_hd__a31oi_2)
     2    0.01                           net42 (net)
                  0.23    0.00    5.74 ^ output42/A (sky130_fd_sc_hd__clkbuf_4)
                  0.11    0.26    6.00 ^ output42/X (sky130_fd_sc_hd__clkbuf_4)
     1    0.03                           out[15] (net)
                  0.11    0.00    6.00 ^ out[15] (out)
                                  6.00   data arrival time

                  0.00   10.00   10.00   clock __VIRTUAL_CLK__ (rise edge)
                          0.00   10.00   clock network delay (ideal)
                         -0.25    9.75   clock uncertainty
                          0.00    9.75   clock reconvergence pessimism
                         -2.00    7.75   output external delay
                                  7.75   data required time
-----------------------------------------------------------------------------
                                  7.75   data required time
                                 -6.00   data arrival time
-----------------------------------------------------------------------------
                                  1.75   slack (MET)


Startpoint: b[3] (input port clocked by __VIRTUAL_CLK__)
Endpoint: out[14] (output port clocked by __VIRTUAL_CLK__)
Path Group: __VIRTUAL_CLK__
Path Type: max

Fanout     Cap    Slew   Delay    Time   Description
-----------------------------------------------------------------------------
                  0.00    0.00    0.00   clock __VIRTUAL_CLK__ (rise edge)
                          0.00    0.00   clock network delay (ideal)
                          2.00    2.00 v input external delay
                  0.01    0.00    2.00 v b[3] (in)
     1    0.00                           b[3] (net)
                  0.01    0.00    2.00 v input29/A (sky130_fd_sc_hd__dlymetal6s2s_1)
                  0.10    0.18    2.19 v input29/X (sky130_fd_sc_hd__dlymetal6s2s_1)
     4    0.02                           net29 (net)
                  0.10    0.00    2.19 v _609_/B (sky130_fd_sc_hd__or4_4)
                  0.14    0.65    2.84 v _609_/X (sky130_fd_sc_hd__or4_4)
     7    0.04                           _151_ (net)
                  0.14    0.00    2.84 v _726_/A (sky130_fd_sc_hd__or3_1)
                  0.12    0.49    3.33 v _726_/X (sky130_fd_sc_hd__or3_1)
     2    0.01                           _262_ (net)
                  0.12    0.00    3.33 v _745_/A4 (sky130_fd_sc_hd__o41a_2)
                  0.10    0.47    3.79 v _745_/X (sky130_fd_sc_hd__o41a_2)
     2    0.02                           _280_ (net)
                  0.10    0.00    3.79 v _746_/B (sky130_fd_sc_hd__xnor2_2)
                  0.27    0.27    4.07 ^ _746_/Y (sky130_fd_sc_hd__xnor2_2)
     3    0.02                           _281_ (net)
                  0.27    0.00    4.07 ^ _747_/B (sky130_fd_sc_hd__xor2_2)
                  0.18    0.23    4.29 ^ _747_/X (sky130_fd_sc_hd__xor2_2)
     4    0.01                           _282_ (net)
                  0.18    0.00    4.29 ^ _764_/C_N (sky130_fd_sc_hd__or3b_1)
                  0.10    0.43    4.72 v _764_/X (sky130_fd_sc_hd__or3b_1)
     1    0.01                           _298_ (net)
                  0.10    0.00    4.72 v _768_/A2 (sky130_fd_sc_hd__o211ai_4)
                  0.22    0.25    4.97 ^ _768_/Y (sky130_fd_sc_hd__o211ai_4)
     3    0.02                           _302_ (net)
                  0.22    0.00    4.97 ^ _793_/A2 (sky130_fd_sc_hd__a211o_1)
                  0.06    0.18    5.15 ^ _793_/X (sky130_fd_sc_hd__a211o_1)
     2    0.01                           _325_ (net)
                  0.06    0.00    5.15 ^ _798_/B (sky130_fd_sc_hd__and3_1)
                  0.09    0.19    5.34 ^ _798_/X (sky130_fd_sc_hd__and3_1)
     3    0.01                           _330_ (net)
                  0.09    0.00    5.34 ^ _799_/B (sky130_fd_sc_hd__nor2_1)
                  0.04    0.06    5.40 v _799_/Y (sky130_fd_sc_hd__nor2_1)
     1    0.00                           _331_ (net)
                  0.04    0.00    5.40 v _808_/A2 (sky130_fd_sc_hd__a211o_1)
                  0.10    0.36    5.76 v _808_/X (sky130_fd_sc_hd__a211o_1)
     2    0.01                           net41 (net)
                  0.10    0.00    5.77 v output41/A (sky130_fd_sc_hd__clkbuf_4)
                  0.08    0.22    5.98 v output41/X (sky130_fd_sc_hd__clkbuf_4)
     1    0.03                           out[14] (net)
                  0.08    0.00    5.98 v out[14] (out)
                                  5.98   data arrival time

                  0.00   10.00   10.00   clock __VIRTUAL_CLK__ (rise edge)
                          0.00   10.00   clock network delay (ideal)
                         -0.25    9.75   clock uncertainty
                          0.00    9.75   clock reconvergence pessimism
                         -2.00    7.75   output external delay
                                  7.75   data required time
-----------------------------------------------------------------------------
                                  7.75   data required time
                                 -5.98   data arrival time
-----------------------------------------------------------------------------
                                  1.77   slack (MET)


Startpoint: b[3] (input port clocked by __VIRTUAL_CLK__)
Endpoint: out[13] (output port clocked by __VIRTUAL_CLK__)
Path Group: __VIRTUAL_CLK__
Path Type: max

Fanout     Cap    Slew   Delay    Time   Description
-----------------------------------------------------------------------------
                  0.00    0.00    0.00   clock __VIRTUAL_CLK__ (rise edge)
                          0.00    0.00   clock network delay (ideal)
                          2.00    2.00 v input external delay
                  0.01    0.00    2.00 v b[3] (in)
     1    0.00                           b[3] (net)
                  0.01    0.00    2.00 v input29/A (sky130_fd_sc_hd__dlymetal6s2s_1)
                  0.10    0.18    2.19 v input29/X (sky130_fd_sc_hd__dlymetal6s2s_1)
     4    0.02                           net29 (net)
                  0.10    0.00    2.19 v _609_/B (sky130_fd_sc_hd__or4_4)
                  0.14    0.65    2.84 v _609_/X (sky130_fd_sc_hd__or4_4)
     7    0.04                           _151_ (net)
                  0.14    0.00    2.84 v _726_/A (sky130_fd_sc_hd__or3_1)
                  0.12    0.49    3.33 v _726_/X (sky130_fd_sc_hd__or3_1)
     2    0.01                           _262_ (net)
                  0.12    0.00    3.33 v _745_/A4 (sky130_fd_sc_hd__o41a_2)
                  0.10    0.47    3.79 v _745_/X (sky130_fd_sc_hd__o41a_2)
     2    0.02                           _280_ (net)
                  0.10    0.00    3.79 v _746_/B (sky130_fd_sc_hd__xnor2_2)
                  0.27    0.27    4.07 ^ _746_/Y (sky130_fd_sc_hd__xnor2_2)
     3    0.02                           _281_ (net)
                  0.27    0.00    4.07 ^ _747_/B (sky130_fd_sc_hd__xor2_2)
                  0.18    0.23    4.29 ^ _747_/X (sky130_fd_sc_hd__xor2_2)
     4    0.01                           _282_ (net)
                  0.18    0.00    4.29 ^ _764_/C_N (sky130_fd_sc_hd__or3b_1)
                  0.10    0.43    4.72 v _764_/X (sky130_fd_sc_hd__or3b_1)
     1    0.01                           _298_ (net)
                  0.10    0.00    4.72 v _768_/A2 (sky130_fd_sc_hd__o211ai_4)
                  0.22    0.25    4.97 ^ _768_/Y (sky130_fd_sc_hd__o211ai_4)
     3    0.02                           _302_ (net)
                  0.22    0.00    4.97 ^ _777_/A2 (sky130_fd_sc_hd__a21oi_1)
                  0.08    0.13    5.09 v _777_/Y (sky130_fd_sc_hd__a21oi_1)
     1    0.01                           _310_ (net)
                  0.08    0.00    5.09 v _783_/A (sky130_fd_sc_hd__xnor2_1)
                  0.07    0.16    5.25 v _783_/Y (sky130_fd_sc_hd__xnor2_1)
     1    0.01                           _316_ (net)
                  0.07    0.00    5.25 v _791_/A2 (sky130_fd_sc_hd__a22oi_2)
                  0.25    0.29    5.55 ^ _791_/Y (sky130_fd_sc_hd__a22oi_2)
     2    0.02                           net40 (net)
                  0.25    0.00    5.55 ^ output40/A (sky130_fd_sc_hd__clkbuf_4)
                  0.11    0.27    5.82 ^ output40/X (sky130_fd_sc_hd__clkbuf_4)
     1    0.03                           out[13] (net)
                  0.11    0.00    5.82 ^ out[13] (out)
                                  5.82   data arrival time

                  0.00   10.00   10.00   clock __VIRTUAL_CLK__ (rise edge)
                          0.00   10.00   clock network delay (ideal)
                         -0.25    9.75   clock uncertainty
                          0.00    9.75   clock reconvergence pessimism
                         -2.00    7.75   output external delay
                                  7.75   data required time
-----------------------------------------------------------------------------
                                  7.75   data required time
                                 -5.82   data arrival time
-----------------------------------------------------------------------------
                                  1.93   slack (MET)


Startpoint: b[3] (input port clocked by __VIRTUAL_CLK__)
Endpoint: out[12] (output port clocked by __VIRTUAL_CLK__)
Path Group: __VIRTUAL_CLK__
Path Type: max

Fanout     Cap    Slew   Delay    Time   Description
-----------------------------------------------------------------------------
                  0.00    0.00    0.00   clock __VIRTUAL_CLK__ (rise edge)
                          0.00    0.00   clock network delay (ideal)
                          2.00    2.00 v input external delay
                  0.01    0.00    2.00 v b[3] (in)
     1    0.00                           b[3] (net)
                  0.01    0.00    2.00 v input29/A (sky130_fd_sc_hd__dlymetal6s2s_1)
                  0.10    0.18    2.19 v input29/X (sky130_fd_sc_hd__dlymetal6s2s_1)
     4    0.02                           net29 (net)
                  0.10    0.00    2.19 v _609_/B (sky130_fd_sc_hd__or4_4)
                  0.14    0.65    2.84 v _609_/X (sky130_fd_sc_hd__or4_4)
     7    0.04                           _151_ (net)
                  0.14    0.00    2.84 v _726_/A (sky130_fd_sc_hd__or3_1)
                  0.12    0.49    3.33 v _726_/X (sky130_fd_sc_hd__or3_1)
     2    0.01                           _262_ (net)
                  0.12    0.00    3.33 v _745_/A4 (sky130_fd_sc_hd__o41a_2)
                  0.10    0.47    3.79 v _745_/X (sky130_fd_sc_hd__o41a_2)
     2    0.02                           _280_ (net)
                  0.10    0.00    3.79 v _746_/B (sky130_fd_sc_hd__xnor2_2)
                  0.27    0.27    4.07 ^ _746_/Y (sky130_fd_sc_hd__xnor2_2)
     3    0.02                           _281_ (net)
                  0.27    0.00    4.07 ^ _747_/B (sky130_fd_sc_hd__xor2_2)
                  0.18    0.23    4.29 ^ _747_/X (sky130_fd_sc_hd__xor2_2)
     4    0.01                           _282_ (net)
                  0.18    0.00    4.29 ^ _764_/C_N (sky130_fd_sc_hd__or3b_1)
                  0.10    0.43    4.72 v _764_/X (sky130_fd_sc_hd__or3b_1)
     1    0.01                           _298_ (net)
                  0.10    0.00    4.72 v _768_/A2 (sky130_fd_sc_hd__o211ai_4)
                  0.22    0.25    4.97 ^ _768_/Y (sky130_fd_sc_hd__o211ai_4)
     3    0.02                           _302_ (net)
                  0.22    0.00    4.97 ^ _769_/B (sky130_fd_sc_hd__xor2_1)
                  0.07    0.10    5.07 v _769_/X (sky130_fd_sc_hd__xor2_1)
     1    0.00                           _303_ (net)
                  0.07    0.00    5.07 v _776_/A2 (sky130_fd_sc_hd__a211o_1)
                  0.15    0.43    5.50 v _776_/X (sky130_fd_sc_hd__a211o_1)
     2    0.03                           net39 (net)
                  0.15    0.00    5.50 v output39/A (sky130_fd_sc_hd__buf_2)
                  0.09    0.24    5.74 v output39/X (sky130_fd_sc_hd__buf_2)
     1    0.03                           out[12] (net)
                  0.09    0.00    5.74 v out[12] (out)
                                  5.74   data arrival time

                  0.00   10.00   10.00   clock __VIRTUAL_CLK__ (rise edge)
                          0.00   10.00   clock network delay (ideal)
                         -0.25    9.75   clock uncertainty
                          0.00    9.75   clock reconvergence pessimism
                         -2.00    7.75   output external delay
                                  7.75   data required time
-----------------------------------------------------------------------------
                                  7.75   data required time
                                 -5.74   data arrival time
-----------------------------------------------------------------------------
                                  2.01   slack (MET)


Startpoint: alu_op[0] (input port clocked by __VIRTUAL_CLK__)
Endpoint: out[11] (output port clocked by __VIRTUAL_CLK__)
Path Group: __VIRTUAL_CLK__
Path Type: max

Fanout     Cap    Slew   Delay    Time   Description
-----------------------------------------------------------------------------
                  0.00    0.00    0.00   clock __VIRTUAL_CLK__ (rise edge)
                          0.00    0.00   clock network delay (ideal)
                          2.00    2.00 ^ input external delay
                  0.04    0.03    2.03 ^ alu_op[0] (in)
     1    0.01                           alu_op[0] (net)
                  0.04    0.00    2.03 ^ input17/A (sky130_fd_sc_hd__buf_8)
                  0.07    0.12    2.15 ^ input17/X (sky130_fd_sc_hd__buf_8)
     8    0.03                           net17 (net)
                  0.07    0.00    2.15 ^ _526_/C_N (sky130_fd_sc_hd__or3b_4)
                  0.07    0.39    2.55 v _526_/X (sky130_fd_sc_hd__or3b_4)
     1    0.01                           _071_ (net)
                  0.07    0.00    2.55 v _527_/A (sky130_fd_sc_hd__buf_6)
                  0.04    0.15    2.69 v _527_/X (sky130_fd_sc_hd__buf_6)
     5    0.02                           _072_ (net)
                  0.04    0.00    2.69 v rebuffer4/A (sky130_fd_sc_hd__buf_1)
                  0.06    0.12    2.81 v rebuffer4/X (sky130_fd_sc_hd__buf_1)
     3    0.01                           net57 (net)
                  0.06    0.00    2.82 v _557_/A (sky130_fd_sc_hd__buf_4)
                  0.09    0.22    3.03 v _557_/X (sky130_fd_sc_hd__buf_4)
    10    0.07                           _101_ (net)
                  0.09    0.01    3.04 v _558_/C (sky130_fd_sc_hd__nand3_1)
                  0.09    0.12    3.16 ^ _558_/Y (sky130_fd_sc_hd__nand3_1)
     2    0.01                           _102_ (net)
                  0.09    0.00    3.16 ^ _560_/A2 (sky130_fd_sc_hd__a21o_1)
                  0.09    0.17    3.33 ^ _560_/X (sky130_fd_sc_hd__a21o_1)
     3    0.01                           _104_ (net)
                  0.09    0.00    3.33 ^ _562_/A (sky130_fd_sc_hd__nand2_1)
                  0.09    0.11    3.44 v _562_/Y (sky130_fd_sc_hd__nand2_1)
     4    0.01                           _106_ (net)
                  0.09    0.00    3.44 v _615_/A2 (sky130_fd_sc_hd__o31a_2)
                  0.11    0.43    3.86 v _615_/X (sky130_fd_sc_hd__o31a_2)
     4    0.03                           _157_ (net)
                  0.11    0.00    3.87 v _694_/A1 (sky130_fd_sc_hd__o311a_2)
                  0.10    0.50    4.37 v _694_/X (sky130_fd_sc_hd__o311a_2)
     4    0.02                           _232_ (net)
                  0.10    0.00    4.37 v _733_/A1 (sky130_fd_sc_hd__o21a_1)
                  0.04    0.22    4.59 v _733_/X (sky130_fd_sc_hd__o21a_1)
     2    0.00                           _269_ (net)
                  0.04    0.00    4.59 v _734_/B (sky130_fd_sc_hd__or2_1)
                  0.07    0.25    4.84 v _734_/X (sky130_fd_sc_hd__or2_1)
     3    0.01                           _270_ (net)
                  0.07    0.00    4.84 v _749_/A2 (sky130_fd_sc_hd__a31o_1)
                  0.04    0.22    5.06 v _749_/X (sky130_fd_sc_hd__a31o_1)
     1    0.00                           _284_ (net)
                  0.04    0.00    5.06 v _758_/A2 (sky130_fd_sc_hd__o22a_1)
                  0.14    0.29    5.35 v _758_/X (sky130_fd_sc_hd__o22a_1)
     2    0.02                           net38 (net)
                  0.14    0.00    5.35 v output38/A (sky130_fd_sc_hd__clkbuf_4)
                  0.08    0.24    5.59 v output38/X (sky130_fd_sc_hd__clkbuf_4)
     1    0.03                           out[11] (net)
                  0.08    0.00    5.59 v out[11] (out)
                                  5.59   data arrival time

                  0.00   10.00   10.00   clock __VIRTUAL_CLK__ (rise edge)
                          0.00   10.00   clock network delay (ideal)
                         -0.25    9.75   clock uncertainty
                          0.00    9.75   clock reconvergence pessimism
                         -2.00    7.75   output external delay
                                  7.75   data required time
-----------------------------------------------------------------------------
                                  7.75   data required time
                                 -5.59   data arrival time
-----------------------------------------------------------------------------
                                  2.16   slack (MET)


Startpoint: alu_op[0] (input port clocked by __VIRTUAL_CLK__)
Endpoint: out[9] (output port clocked by __VIRTUAL_CLK__)
Path Group: __VIRTUAL_CLK__
Path Type: max

Fanout     Cap    Slew   Delay    Time   Description
-----------------------------------------------------------------------------
                  0.00    0.00    0.00   clock __VIRTUAL_CLK__ (rise edge)
                          0.00    0.00   clock network delay (ideal)
                          2.00    2.00 ^ input external delay
                  0.04    0.03    2.03 ^ alu_op[0] (in)
     1    0.01                           alu_op[0] (net)
                  0.04    0.00    2.03 ^ input17/A (sky130_fd_sc_hd__buf_8)
                  0.07    0.12    2.15 ^ input17/X (sky130_fd_sc_hd__buf_8)
     8    0.03                           net17 (net)
                  0.07    0.00    2.15 ^ _526_/C_N (sky130_fd_sc_hd__or3b_4)
                  0.07    0.39    2.55 v _526_/X (sky130_fd_sc_hd__or3b_4)
     1    0.01                           _071_ (net)
                  0.07    0.00    2.55 v _527_/A (sky130_fd_sc_hd__buf_6)
                  0.04    0.15    2.69 v _527_/X (sky130_fd_sc_hd__buf_6)
     5    0.02                           _072_ (net)
                  0.04    0.00    2.69 v rebuffer4/A (sky130_fd_sc_hd__buf_1)
                  0.06    0.12    2.81 v rebuffer4/X (sky130_fd_sc_hd__buf_1)
     3    0.01                           net57 (net)
                  0.06    0.00    2.82 v _557_/A (sky130_fd_sc_hd__buf_4)
                  0.09    0.22    3.03 v _557_/X (sky130_fd_sc_hd__buf_4)
    10    0.07                           _101_ (net)
                  0.09    0.01    3.04 v _558_/C (sky130_fd_sc_hd__nand3_1)
                  0.09    0.12    3.16 ^ _558_/Y (sky130_fd_sc_hd__nand3_1)
     2    0.01                           _102_ (net)
                  0.09    0.00    3.16 ^ _560_/A2 (sky130_fd_sc_hd__a21o_1)
                  0.09    0.17    3.33 ^ _560_/X (sky130_fd_sc_hd__a21o_1)
     3    0.01                           _104_ (net)
                  0.09    0.00    3.33 ^ _562_/A (sky130_fd_sc_hd__nand2_1)
                  0.09    0.11    3.44 v _562_/Y (sky130_fd_sc_hd__nand2_1)
     4    0.01                           _106_ (net)
                  0.09    0.00    3.44 v _615_/A2 (sky130_fd_sc_hd__o31a_2)
                  0.11    0.43    3.86 v _615_/X (sky130_fd_sc_hd__o31a_2)
     4    0.03                           _157_ (net)
                  0.11    0.00    3.87 v _694_/A1 (sky130_fd_sc_hd__o311a_2)
                  0.10    0.50    4.37 v _694_/X (sky130_fd_sc_hd__o311a_2)
     4    0.02                           _232_ (net)
                  0.10    0.00    4.37 v _719_/A (sky130_fd_sc_hd__or2b_1)
                  0.06    0.27    4.64 v _719_/X (sky130_fd_sc_hd__or2b_1)
     2    0.01                           _256_ (net)
                  0.06    0.00    4.64 v _723_/A2 (sky130_fd_sc_hd__a31o_1)
                  0.04    0.22    4.86 v _723_/X (sky130_fd_sc_hd__a31o_1)
     1    0.00                           _260_ (net)
                  0.04    0.00    4.86 v _725_/B1 (sky130_fd_sc_hd__o2bb2a_1)
                  0.14    0.40    5.26 v _725_/X (sky130_fd_sc_hd__o2bb2a_1)
     2    0.02                           net51 (net)
                  0.14    0.00    5.26 v output51/A (sky130_fd_sc_hd__clkbuf_4)
                  0.08    0.23    5.49 v output51/X (sky130_fd_sc_hd__clkbuf_4)
     1    0.03                           out[9] (net)
                  0.08    0.00    5.49 v out[9] (out)
                                  5.49   data arrival time

                  0.00   10.00   10.00   clock __VIRTUAL_CLK__ (rise edge)
                          0.00   10.00   clock network delay (ideal)
                         -0.25    9.75   clock uncertainty
                          0.00    9.75   clock reconvergence pessimism
                         -2.00    7.75   output external delay
                                  7.75   data required time
-----------------------------------------------------------------------------
                                  7.75   data required time
                                 -5.49   data arrival time
-----------------------------------------------------------------------------
                                  2.26   slack (MET)


Startpoint: alu_op[0] (input port clocked by __VIRTUAL_CLK__)
Endpoint: out[10] (output port clocked by __VIRTUAL_CLK__)
Path Group: __VIRTUAL_CLK__
Path Type: max

Fanout     Cap    Slew   Delay    Time   Description
-----------------------------------------------------------------------------
                  0.00    0.00    0.00   clock __VIRTUAL_CLK__ (rise edge)
                          0.00    0.00   clock network delay (ideal)
                          2.00    2.00 ^ input external delay
                  0.04    0.03    2.03 ^ alu_op[0] (in)
     1    0.01                           alu_op[0] (net)
                  0.04    0.00    2.03 ^ input17/A (sky130_fd_sc_hd__buf_8)
                  0.07    0.12    2.15 ^ input17/X (sky130_fd_sc_hd__buf_8)
     8    0.03                           net17 (net)
                  0.07    0.00    2.15 ^ _526_/C_N (sky130_fd_sc_hd__or3b_4)
                  0.07    0.39    2.55 v _526_/X (sky130_fd_sc_hd__or3b_4)
     1    0.01                           _071_ (net)
                  0.07    0.00    2.55 v _527_/A (sky130_fd_sc_hd__buf_6)
                  0.04    0.15    2.69 v _527_/X (sky130_fd_sc_hd__buf_6)
     5    0.02                           _072_ (net)
                  0.04    0.00    2.69 v rebuffer4/A (sky130_fd_sc_hd__buf_1)
                  0.06    0.12    2.81 v rebuffer4/X (sky130_fd_sc_hd__buf_1)
     3    0.01                           net57 (net)
                  0.06    0.00    2.82 v _557_/A (sky130_fd_sc_hd__buf_4)
                  0.09    0.22    3.03 v _557_/X (sky130_fd_sc_hd__buf_4)
    10    0.07                           _101_ (net)
                  0.09    0.01    3.04 v _558_/C (sky130_fd_sc_hd__nand3_1)
                  0.09    0.12    3.16 ^ _558_/Y (sky130_fd_sc_hd__nand3_1)
     2    0.01                           _102_ (net)
                  0.09    0.00    3.16 ^ _560_/A2 (sky130_fd_sc_hd__a21o_1)
                  0.09    0.17    3.33 ^ _560_/X (sky130_fd_sc_hd__a21o_1)
     3    0.01                           _104_ (net)
                  0.09    0.00    3.33 ^ _562_/A (sky130_fd_sc_hd__nand2_1)
                  0.09    0.11    3.44 v _562_/Y (sky130_fd_sc_hd__nand2_1)
     4    0.01                           _106_ (net)
                  0.09    0.00    3.44 v _615_/A2 (sky130_fd_sc_hd__o31a_2)
                  0.11    0.43    3.86 v _615_/X (sky130_fd_sc_hd__o31a_2)
     4    0.03                           _157_ (net)
                  0.11    0.00    3.87 v _694_/A1 (sky130_fd_sc_hd__o311a_2)
                  0.10    0.50    4.37 v _694_/X (sky130_fd_sc_hd__o311a_2)
     4    0.02                           _232_ (net)
                  0.10    0.00    4.37 v _733_/A1 (sky130_fd_sc_hd__o21a_1)
                  0.04    0.22    4.59 v _733_/X (sky130_fd_sc_hd__o21a_1)
     2    0.00                           _269_ (net)
                  0.04    0.00    4.59 v _734_/B (sky130_fd_sc_hd__or2_1)
                  0.07    0.25    4.84 v _734_/X (sky130_fd_sc_hd__or2_1)
     3    0.01                           _270_ (net)
                  0.07    0.00    4.84 v _743_/A1 (sky130_fd_sc_hd__a211o_1)
                  0.13    0.37    5.21 v _743_/X (sky130_fd_sc_hd__a211o_1)
     2    0.02                           net37 (net)
                  0.13    0.00    5.21 v output37/A (sky130_fd_sc_hd__clkbuf_4)
                  0.08    0.23    5.45 v output37/X (sky130_fd_sc_hd__clkbuf_4)
     1    0.03                           out[10] (net)
                  0.08    0.00    5.45 v out[10] (out)
                                  5.45   data arrival time

                  0.00   10.00   10.00   clock __VIRTUAL_CLK__ (rise edge)
                          0.00   10.00   clock network delay (ideal)
                         -0.25    9.75   clock uncertainty
                          0.00    9.75   clock reconvergence pessimism
                         -2.00    7.75   output external delay
                                  7.75   data required time
-----------------------------------------------------------------------------
                                  7.75   data required time
                                 -5.45   data arrival time
-----------------------------------------------------------------------------
                                  2.30   slack (MET)


Startpoint: alu_op[0] (input port clocked by __VIRTUAL_CLK__)
Endpoint: out[8] (output port clocked by __VIRTUAL_CLK__)
Path Group: __VIRTUAL_CLK__
Path Type: max

Fanout     Cap    Slew   Delay    Time   Description
-----------------------------------------------------------------------------
                  0.00    0.00    0.00   clock __VIRTUAL_CLK__ (rise edge)
                          0.00    0.00   clock network delay (ideal)
                          2.00    2.00 ^ input external delay
                  0.04    0.03    2.03 ^ alu_op[0] (in)
     1    0.01                           alu_op[0] (net)
                  0.04    0.00    2.03 ^ input17/A (sky130_fd_sc_hd__buf_8)
                  0.07    0.12    2.15 ^ input17/X (sky130_fd_sc_hd__buf_8)
     8    0.03                           net17 (net)
                  0.07    0.00    2.15 ^ _526_/C_N (sky130_fd_sc_hd__or3b_4)
                  0.07    0.39    2.55 v _526_/X (sky130_fd_sc_hd__or3b_4)
     1    0.01                           _071_ (net)
                  0.07    0.00    2.55 v _527_/A (sky130_fd_sc_hd__buf_6)
                  0.04    0.15    2.69 v _527_/X (sky130_fd_sc_hd__buf_6)
     5    0.02                           _072_ (net)
                  0.04    0.00    2.69 v rebuffer4/A (sky130_fd_sc_hd__buf_1)
                  0.06    0.12    2.81 v rebuffer4/X (sky130_fd_sc_hd__buf_1)
     3    0.01                           net57 (net)
                  0.06    0.00    2.82 v _557_/A (sky130_fd_sc_hd__buf_4)
                  0.09    0.22    3.03 v _557_/X (sky130_fd_sc_hd__buf_4)
    10    0.07                           _101_ (net)
                  0.09    0.01    3.04 v _558_/C (sky130_fd_sc_hd__nand3_1)
                  0.09    0.12    3.16 ^ _558_/Y (sky130_fd_sc_hd__nand3_1)
     2    0.01                           _102_ (net)
                  0.09    0.00    3.16 ^ _560_/A2 (sky130_fd_sc_hd__a21o_1)
                  0.09    0.17    3.33 ^ _560_/X (sky130_fd_sc_hd__a21o_1)
     3    0.01                           _104_ (net)
                  0.09    0.00    3.33 ^ _562_/A (sky130_fd_sc_hd__nand2_1)
                  0.09    0.11    3.44 v _562_/Y (sky130_fd_sc_hd__nand2_1)
     4    0.01                           _106_ (net)
                  0.09    0.00    3.44 v _615_/A2 (sky130_fd_sc_hd__o31a_2)
                  0.11    0.43    3.86 v _615_/X (sky130_fd_sc_hd__o31a_2)
     4    0.03                           _157_ (net)
                  0.11    0.00    3.87 v _694_/A1 (sky130_fd_sc_hd__o311a_2)
                  0.10    0.50    4.37 v _694_/X (sky130_fd_sc_hd__o311a_2)
     4    0.02                           _232_ (net)
                  0.10    0.00    4.37 v _699_/A (sky130_fd_sc_hd__xnor2_1)
                  0.07    0.17    4.54 v _699_/Y (sky130_fd_sc_hd__xnor2_1)
     1    0.00                           _237_ (net)
                  0.07    0.00    4.54 v _707_/A2 (sky130_fd_sc_hd__a211o_1)
                  0.09    0.37    4.91 v _707_/X (sky130_fd_sc_hd__a211o_1)
     2    0.01                           net50 (net)
                  0.09    0.00    4.91 v output50/A (sky130_fd_sc_hd__clkbuf_4)
                  0.08    0.21    5.12 v output50/X (sky130_fd_sc_hd__clkbuf_4)
     1    0.03                           out[8] (net)
                  0.08    0.00    5.12 v out[8] (out)
                                  5.12   data arrival time

                  0.00   10.00   10.00   clock __VIRTUAL_CLK__ (rise edge)
                          0.00   10.00   clock network delay (ideal)
                         -0.25    9.75   clock uncertainty
                          0.00    9.75   clock reconvergence pessimism
                         -2.00    7.75   output external delay
                                  7.75   data required time
-----------------------------------------------------------------------------
                                  7.75   data required time
                                 -5.12   data arrival time
-----------------------------------------------------------------------------
                                  2.63   slack (MET)


Startpoint: alu_op[0] (input port clocked by __VIRTUAL_CLK__)
Endpoint: out[5] (output port clocked by __VIRTUAL_CLK__)
Path Group: __VIRTUAL_CLK__
Path Type: max

Fanout     Cap    Slew   Delay    Time   Description
-----------------------------------------------------------------------------
                  0.00    0.00    0.00   clock __VIRTUAL_CLK__ (rise edge)
                          0.00    0.00   clock network delay (ideal)
                          2.00    2.00 ^ input external delay
                  0.04    0.03    2.03 ^ alu_op[0] (in)
     1    0.01                           alu_op[0] (net)
                  0.04    0.00    2.03 ^ input17/A (sky130_fd_sc_hd__buf_8)
                  0.07    0.12    2.15 ^ input17/X (sky130_fd_sc_hd__buf_8)
     8    0.03                           net17 (net)
                  0.07    0.00    2.15 ^ _526_/C_N (sky130_fd_sc_hd__or3b_4)
                  0.07    0.39    2.55 v _526_/X (sky130_fd_sc_hd__or3b_4)
     1    0.01                           _071_ (net)
                  0.07    0.00    2.55 v _527_/A (sky130_fd_sc_hd__buf_6)
                  0.04    0.15    2.69 v _527_/X (sky130_fd_sc_hd__buf_6)
     5    0.02                           _072_ (net)
                  0.04    0.00    2.69 v rebuffer4/A (sky130_fd_sc_hd__buf_1)
                  0.06    0.12    2.81 v rebuffer4/X (sky130_fd_sc_hd__buf_1)
     3    0.01                           net57 (net)
                  0.06    0.00    2.82 v _557_/A (sky130_fd_sc_hd__buf_4)
                  0.09    0.22    3.03 v _557_/X (sky130_fd_sc_hd__buf_4)
    10    0.07                           _101_ (net)
                  0.09    0.01    3.04 v _558_/C (sky130_fd_sc_hd__nand3_1)
                  0.09    0.12    3.16 ^ _558_/Y (sky130_fd_sc_hd__nand3_1)
     2    0.01                           _102_ (net)
                  0.09    0.00    3.16 ^ _560_/A2 (sky130_fd_sc_hd__a21o_1)
                  0.09    0.17    3.33 ^ _560_/X (sky130_fd_sc_hd__a21o_1)
     3    0.01                           _104_ (net)
                  0.09    0.00    3.33 ^ _562_/A (sky130_fd_sc_hd__nand2_1)
                  0.09    0.11    3.44 v _562_/Y (sky130_fd_sc_hd__nand2_1)
     4    0.01                           _106_ (net)
                  0.09    0.00    3.44 v _615_/A2 (sky130_fd_sc_hd__o31a_2)
                  0.11    0.43    3.86 v _615_/X (sky130_fd_sc_hd__o31a_2)
     4    0.03                           _157_ (net)
                  0.11    0.00    3.87 v _616_/B (sky130_fd_sc_hd__or2_1)
                  0.08    0.28    4.14 v _616_/X (sky130_fd_sc_hd__or2_1)
     3    0.01                           _158_ (net)
                  0.08    0.00    4.14 v _633_/A2 (sky130_fd_sc_hd__a21oi_1)
                  0.12    0.17    4.31 ^ _633_/Y (sky130_fd_sc_hd__a21oi_1)
     1    0.00                           _174_ (net)
                  0.12    0.00    4.31 ^ _644_/A1 (sky130_fd_sc_hd__o22a_1)
                  0.29    0.35    4.66 ^ _644_/X (sky130_fd_sc_hd__o22a_1)
     2    0.03                           net47 (net)
                  0.29    0.00    4.67 ^ output47/A (sky130_fd_sc_hd__clkbuf_4)
                  0.11    0.28    4.95 ^ output47/X (sky130_fd_sc_hd__clkbuf_4)
     1    0.03                           out[5] (net)
                  0.11    0.00    4.95 ^ out[5] (out)
                                  4.95   data arrival time

                  0.00   10.00   10.00   clock __VIRTUAL_CLK__ (rise edge)
                          0.00   10.00   clock network delay (ideal)
                         -0.25    9.75   clock uncertainty
                          0.00    9.75   clock reconvergence pessimism
                         -2.00    7.75   output external delay
                                  7.75   data required time
-----------------------------------------------------------------------------
                                  7.75   data required time
                                 -4.95   data arrival time
-----------------------------------------------------------------------------
                                  2.80   slack (MET)


Startpoint: alu_op[0] (input port clocked by __VIRTUAL_CLK__)
Endpoint: out[7] (output port clocked by __VIRTUAL_CLK__)
Path Group: __VIRTUAL_CLK__
Path Type: max

Fanout     Cap    Slew   Delay    Time   Description
-----------------------------------------------------------------------------
                  0.00    0.00    0.00   clock __VIRTUAL_CLK__ (rise edge)
                          0.00    0.00   clock network delay (ideal)
                          2.00    2.00 ^ input external delay
                  0.04    0.03    2.03 ^ alu_op[0] (in)
     1    0.01                           alu_op[0] (net)
                  0.04    0.00    2.03 ^ input17/A (sky130_fd_sc_hd__buf_8)
                  0.07    0.12    2.15 ^ input17/X (sky130_fd_sc_hd__buf_8)
     8    0.03                           net17 (net)
                  0.07    0.00    2.15 ^ _526_/C_N (sky130_fd_sc_hd__or3b_4)
                  0.07    0.39    2.55 v _526_/X (sky130_fd_sc_hd__or3b_4)
     1    0.01                           _071_ (net)
                  0.07    0.00    2.55 v _527_/A (sky130_fd_sc_hd__buf_6)
                  0.04    0.15    2.69 v _527_/X (sky130_fd_sc_hd__buf_6)
     5    0.02                           _072_ (net)
                  0.04    0.00    2.69 v rebuffer4/A (sky130_fd_sc_hd__buf_1)
                  0.06    0.12    2.81 v rebuffer4/X (sky130_fd_sc_hd__buf_1)
     3    0.01                           net57 (net)
                  0.06    0.00    2.82 v _557_/A (sky130_fd_sc_hd__buf_4)
                  0.09    0.22    3.03 v _557_/X (sky130_fd_sc_hd__buf_4)
    10    0.07                           _101_ (net)
                  0.09    0.01    3.04 v _558_/C (sky130_fd_sc_hd__nand3_1)
                  0.09    0.12    3.16 ^ _558_/Y (sky130_fd_sc_hd__nand3_1)
     2    0.01                           _102_ (net)
                  0.09    0.00    3.16 ^ _560_/A2 (sky130_fd_sc_hd__a21o_1)
                  0.09    0.17    3.33 ^ _560_/X (sky130_fd_sc_hd__a21o_1)
     3    0.01                           _104_ (net)
                  0.09    0.00    3.33 ^ _562_/A (sky130_fd_sc_hd__nand2_1)
                  0.09    0.11    3.44 v _562_/Y (sky130_fd_sc_hd__nand2_1)
     4    0.01                           _106_ (net)
                  0.09    0.00    3.44 v _615_/A2 (sky130_fd_sc_hd__o31a_2)
                  0.11    0.43    3.86 v _615_/X (sky130_fd_sc_hd__o31a_2)
     4    0.03                           _157_ (net)
                  0.11    0.00    3.87 v _654_/B2 (sky130_fd_sc_hd__o22ai_1)
                  0.18    0.18    4.05 ^ _654_/Y (sky130_fd_sc_hd__o22ai_1)
     2    0.01                           _194_ (net)
                  0.18    0.00    4.05 ^ _655_/B (sky130_fd_sc_hd__nand2_1)
                  0.09    0.13    4.18 v _655_/Y (sky130_fd_sc_hd__nand2_1)
     3    0.01                           _195_ (net)
                  0.09    0.00    4.18 v _679_/A2 (sky130_fd_sc_hd__a31o_1)
                  0.04    0.23    4.40 v _679_/X (sky130_fd_sc_hd__a31o_1)
     1    0.00                           _218_ (net)
                  0.04    0.00    4.40 v _689_/A2 (sky130_fd_sc_hd__o22a_1)
                  0.10    0.25    4.66 v _689_/X (sky130_fd_sc_hd__o22a_1)
     2    0.01                           net49 (net)
                  0.10    0.00    4.66 v output49/A (sky130_fd_sc_hd__clkbuf_4)
                  0.08    0.22    4.88 v output49/X (sky130_fd_sc_hd__clkbuf_4)
     1    0.03                           out[7] (net)
                  0.08    0.00    4.88 v out[7] (out)
                                  4.88   data arrival time

                  0.00   10.00   10.00   clock __VIRTUAL_CLK__ (rise edge)
                          0.00   10.00   clock network delay (ideal)
                         -0.25    9.75   clock uncertainty
                          0.00    9.75   clock reconvergence pessimism
                         -2.00    7.75   output external delay
                                  7.75   data required time
-----------------------------------------------------------------------------
                                  7.75   data required time
                                 -4.88   data arrival time
-----------------------------------------------------------------------------
                                  2.87   slack (MET)


Startpoint: alu_op[0] (input port clocked by __VIRTUAL_CLK__)
Endpoint: out[6] (output port clocked by __VIRTUAL_CLK__)
Path Group: __VIRTUAL_CLK__
Path Type: max

Fanout     Cap    Slew   Delay    Time   Description
-----------------------------------------------------------------------------
                  0.00    0.00    0.00   clock __VIRTUAL_CLK__ (rise edge)
                          0.00    0.00   clock network delay (ideal)
                          2.00    2.00 ^ input external delay
                  0.04    0.03    2.03 ^ alu_op[0] (in)
     1    0.01                           alu_op[0] (net)
                  0.04    0.00    2.03 ^ input17/A (sky130_fd_sc_hd__buf_8)
                  0.07    0.12    2.15 ^ input17/X (sky130_fd_sc_hd__buf_8)
     8    0.03                           net17 (net)
                  0.07    0.00    2.15 ^ _526_/C_N (sky130_fd_sc_hd__or3b_4)
                  0.07    0.39    2.55 v _526_/X (sky130_fd_sc_hd__or3b_4)
     1    0.01                           _071_ (net)
                  0.07    0.00    2.55 v _527_/A (sky130_fd_sc_hd__buf_6)
                  0.04    0.15    2.69 v _527_/X (sky130_fd_sc_hd__buf_6)
     5    0.02                           _072_ (net)
                  0.04    0.00    2.69 v rebuffer4/A (sky130_fd_sc_hd__buf_1)
                  0.06    0.12    2.81 v rebuffer4/X (sky130_fd_sc_hd__buf_1)
     3    0.01                           net57 (net)
                  0.06    0.00    2.82 v _557_/A (sky130_fd_sc_hd__buf_4)
                  0.09    0.22    3.03 v _557_/X (sky130_fd_sc_hd__buf_4)
    10    0.07                           _101_ (net)
                  0.09    0.01    3.04 v _558_/C (sky130_fd_sc_hd__nand3_1)
                  0.09    0.12    3.16 ^ _558_/Y (sky130_fd_sc_hd__nand3_1)
     2    0.01                           _102_ (net)
                  0.09    0.00    3.16 ^ _560_/A2 (sky130_fd_sc_hd__a21o_1)
                  0.09    0.17    3.33 ^ _560_/X (sky130_fd_sc_hd__a21o_1)
     3    0.01                           _104_ (net)
                  0.09    0.00    3.33 ^ _562_/A (sky130_fd_sc_hd__nand2_1)
                  0.09    0.11    3.44 v _562_/Y (sky130_fd_sc_hd__nand2_1)
     4    0.01                           _106_ (net)
                  0.09    0.00    3.44 v _615_/A2 (sky130_fd_sc_hd__o31a_2)
                  0.11    0.43    3.86 v _615_/X (sky130_fd_sc_hd__o31a_2)
     4    0.03                           _157_ (net)
                  0.11    0.00    3.87 v _654_/B2 (sky130_fd_sc_hd__o22ai_1)
                  0.18    0.18    4.05 ^ _654_/Y (sky130_fd_sc_hd__o22ai_1)
     2    0.01                           _194_ (net)
                  0.18    0.00    4.05 ^ _655_/B (sky130_fd_sc_hd__nand2_1)
                  0.09    0.13    4.18 v _655_/Y (sky130_fd_sc_hd__nand2_1)
     3    0.01                           _195_ (net)
                  0.09    0.00    4.18 v _673_/A2 (sky130_fd_sc_hd__a311o_1)
                  0.14    0.44    4.62 v _673_/X (sky130_fd_sc_hd__a311o_1)
     2    0.02                           net48 (net)
                  0.14    0.00    4.62 v output48/A (sky130_fd_sc_hd__clkbuf_4)
                  0.08    0.24    4.86 v output48/X (sky130_fd_sc_hd__clkbuf_4)
     1    0.03                           out[6] (net)
                  0.08    0.00    4.86 v out[6] (out)
                                  4.86   data arrival time

                  0.00   10.00   10.00   clock __VIRTUAL_CLK__ (rise edge)
                          0.00   10.00   clock network delay (ideal)
                         -0.25    9.75   clock uncertainty
                          0.00    9.75   clock reconvergence pessimism
                         -2.00    7.75   output external delay
                                  7.75   data required time
-----------------------------------------------------------------------------
                                  7.75   data required time
                                 -4.86   data arrival time
-----------------------------------------------------------------------------
                                  2.89   slack (MET)


Startpoint: a[14] (input port clocked by __VIRTUAL_CLK__)
Endpoint: out[0] (output port clocked by __VIRTUAL_CLK__)
Path Group: __VIRTUAL_CLK__
Path Type: max

Fanout     Cap    Slew   Delay    Time   Description
-----------------------------------------------------------------------------
                  0.00    0.00    0.00   clock __VIRTUAL_CLK__ (rise edge)
                          0.00    0.00   clock network delay (ideal)
                          2.00    2.00 ^ input external delay
                  0.02    0.01    2.01 ^ a[14] (in)
     1    0.00                           a[14] (net)
                  0.02    0.00    2.01 ^ input6/A (sky130_fd_sc_hd__dlymetal6s2s_1)
                  0.28    0.26    2.27 ^ input6/X (sky130_fd_sc_hd__dlymetal6s2s_1)
     3    0.03                           net6 (net)
                  0.28    0.00    2.27 ^ _459_/A (sky130_fd_sc_hd__buf_2)
                  0.22    0.32    2.58 ^ _459_/X (sky130_fd_sc_hd__buf_2)
    10    0.04                           _005_ (net)
                  0.22    0.00    2.58 ^ _460_/A (sky130_fd_sc_hd__nand2_1)
                  0.07    0.09    2.68 v _460_/Y (sky130_fd_sc_hd__nand2_1)
     2    0.00                           _006_ (net)
                  0.07    0.00    2.68 v _461_/B (sky130_fd_sc_hd__and2_1)
                  0.05    0.19    2.86 v _461_/X (sky130_fd_sc_hd__and2_1)
     2    0.01                           _007_ (net)
                  0.05    0.00    2.86 v _464_/B1 (sky130_fd_sc_hd__a2111o_1)
                  0.10    0.46    3.32 v _464_/X (sky130_fd_sc_hd__a2111o_1)
     2    0.01                           _010_ (net)
                  0.10    0.00    3.32 v _465_/D1 (sky130_fd_sc_hd__a2111o_1)
                  0.12    0.39    3.72 v _465_/X (sky130_fd_sc_hd__a2111o_1)
     2    0.02                           _011_ (net)
                  0.12    0.00    3.72 v _491_/A1 (sky130_fd_sc_hd__o2111a_1)
                  0.04    0.28    4.00 v _491_/X (sky130_fd_sc_hd__o2111a_1)
     1    0.00                           _037_ (net)
                  0.04    0.00    4.00 v _492_/B1 (sky130_fd_sc_hd__o31a_1)
                  0.05    0.11    4.10 v _492_/X (sky130_fd_sc_hd__o31a_1)
     1    0.00                           _038_ (net)
                  0.05    0.00    4.10 v _525_/A1 (sky130_fd_sc_hd__o32a_1)
                  0.07    0.38    4.48 v _525_/X (sky130_fd_sc_hd__o32a_1)
     2    0.01                           net36 (net)
                  0.07    0.00    4.48 v rebuffer6/A (sky130_fd_sc_hd__buf_1)
                  0.07    0.14    4.62 v rebuffer6/X (sky130_fd_sc_hd__buf_1)
     1    0.01                           net59 (net)
                  0.07    0.00    4.62 v output36/A (sky130_fd_sc_hd__clkbuf_4)
                  0.08    0.20    4.82 v output36/X (sky130_fd_sc_hd__clkbuf_4)
     1    0.03                           out[0] (net)
                  0.08    0.00    4.82 v out[0] (out)
                                  4.82   data arrival time

                  0.00   10.00   10.00   clock __VIRTUAL_CLK__ (rise edge)
                          0.00   10.00   clock network delay (ideal)
                         -0.25    9.75   clock uncertainty
                          0.00    9.75   clock reconvergence pessimism
                         -2.00    7.75   output external delay
                                  7.75   data required time
-----------------------------------------------------------------------------
                                  7.75   data required time
                                 -4.82   data arrival time
-----------------------------------------------------------------------------
                                  2.93   slack (MET)


Startpoint: alu_op[0] (input port clocked by __VIRTUAL_CLK__)
Endpoint: out[4] (output port clocked by __VIRTUAL_CLK__)
Path Group: __VIRTUAL_CLK__
Path Type: max

Fanout     Cap    Slew   Delay    Time   Description
-----------------------------------------------------------------------------
                  0.00    0.00    0.00   clock __VIRTUAL_CLK__ (rise edge)
                          0.00    0.00   clock network delay (ideal)
                          2.00    2.00 ^ input external delay
                  0.04    0.03    2.03 ^ alu_op[0] (in)
     1    0.01                           alu_op[0] (net)
                  0.04    0.00    2.03 ^ input17/A (sky130_fd_sc_hd__buf_8)
                  0.07    0.12    2.15 ^ input17/X (sky130_fd_sc_hd__buf_8)
     8    0.03                           net17 (net)
                  0.07    0.00    2.15 ^ _526_/C_N (sky130_fd_sc_hd__or3b_4)
                  0.07    0.39    2.55 v _526_/X (sky130_fd_sc_hd__or3b_4)
     1    0.01                           _071_ (net)
                  0.07    0.00    2.55 v _527_/A (sky130_fd_sc_hd__buf_6)
                  0.04    0.15    2.69 v _527_/X (sky130_fd_sc_hd__buf_6)
     5    0.02                           _072_ (net)
                  0.04    0.00    2.69 v rebuffer4/A (sky130_fd_sc_hd__buf_1)
                  0.06    0.12    2.81 v rebuffer4/X (sky130_fd_sc_hd__buf_1)
     3    0.01                           net57 (net)
                  0.06    0.00    2.82 v _557_/A (sky130_fd_sc_hd__buf_4)
                  0.09    0.22    3.03 v _557_/X (sky130_fd_sc_hd__buf_4)
    10    0.07                           _101_ (net)
                  0.09    0.01    3.04 v _558_/C (sky130_fd_sc_hd__nand3_1)
                  0.09    0.12    3.16 ^ _558_/Y (sky130_fd_sc_hd__nand3_1)
     2    0.01                           _102_ (net)
                  0.09    0.00    3.16 ^ _560_/A2 (sky130_fd_sc_hd__a21o_1)
                  0.09    0.17    3.33 ^ _560_/X (sky130_fd_sc_hd__a21o_1)
     3    0.01                           _104_ (net)
                  0.09    0.00    3.33 ^ _562_/A (sky130_fd_sc_hd__nand2_1)
                  0.09    0.11    3.44 v _562_/Y (sky130_fd_sc_hd__nand2_1)
     4    0.01                           _106_ (net)
                  0.09    0.00    3.44 v _615_/A2 (sky130_fd_sc_hd__o31a_2)
                  0.11    0.43    3.86 v _615_/X (sky130_fd_sc_hd__o31a_2)
     4    0.03                           _157_ (net)
                  0.11    0.00    3.87 v _616_/B (sky130_fd_sc_hd__or2_1)
                  0.08    0.28    4.14 v _616_/X (sky130_fd_sc_hd__or2_1)
     3    0.01                           _158_ (net)
                  0.08    0.00    4.14 v _628_/A2 (sky130_fd_sc_hd__a31o_1)
                  0.11    0.30    4.45 v _628_/X (sky130_fd_sc_hd__a31o_1)
     2    0.02                           net46 (net)
                  0.11    0.00    4.45 v output46/A (sky130_fd_sc_hd__clkbuf_4)
                  0.08    0.22    4.67 v output46/X (sky130_fd_sc_hd__clkbuf_4)
     1    0.03                           out[4] (net)
                  0.08    0.00    4.67 v out[4] (out)
                                  4.67   data arrival time

                  0.00   10.00   10.00   clock __VIRTUAL_CLK__ (rise edge)
                          0.00   10.00   clock network delay (ideal)
                         -0.25    9.75   clock uncertainty
                          0.00    9.75   clock reconvergence pessimism
                         -2.00    7.75   output external delay
                                  7.75   data required time
-----------------------------------------------------------------------------
                                  7.75   data required time
                                 -4.67   data arrival time
-----------------------------------------------------------------------------
                                  3.08   slack (MET)


Startpoint: b[1] (input port clocked by __VIRTUAL_CLK__)
Endpoint: out[1] (output port clocked by __VIRTUAL_CLK__)
Path Group: __VIRTUAL_CLK__
Path Type: max

Fanout     Cap    Slew   Delay    Time   Description
-----------------------------------------------------------------------------
                  0.00    0.00    0.00   clock __VIRTUAL_CLK__ (rise edge)
                          0.00    0.00   clock network delay (ideal)
                          2.00    2.00 ^ input external delay
                  0.02    0.01    2.01 ^ b[1] (in)
     1    0.00                           b[1] (net)
                  0.02    0.00    2.01 ^ input27/A (sky130_fd_sc_hd__buf_1)
                  0.12    0.13    2.15 ^ input27/X (sky130_fd_sc_hd__buf_1)
     3    0.01                           net27 (net)
                  0.12    0.00    2.15 ^ _420_/A (sky130_fd_sc_hd__buf_2)
                  0.19    0.25    2.40 ^ _420_/X (sky130_fd_sc_hd__buf_2)
    10    0.04                           _373_ (net)
                  0.19    0.00    2.40 ^ _421_/A (sky130_fd_sc_hd__clkbuf_4)
                  0.16    0.28    2.68 ^ _421_/X (sky130_fd_sc_hd__clkbuf_4)
    10    0.05                           _374_ (net)
                  0.16    0.00    2.69 ^ _535_/A (sky130_fd_sc_hd__clkbuf_4)
                  0.16    0.27    2.96 ^ _535_/X (sky130_fd_sc_hd__clkbuf_4)
    10    0.05                           _080_ (net)
                  0.16    0.00    2.96 ^ _539_/S1 (sky130_fd_sc_hd__mux4_1)
                  0.12    0.37    3.34 v _539_/X (sky130_fd_sc_hd__mux4_1)
     3    0.01                           _084_ (net)
                  0.12    0.00    3.34 v _543_/A2 (sky130_fd_sc_hd__mux4_1)
                  0.10    0.56    3.89 v _543_/X (sky130_fd_sc_hd__mux4_1)
     1    0.00                           _088_ (net)
                  0.10    0.00    3.89 v _553_/A2 (sky130_fd_sc_hd__a211o_1)
                  0.05    0.32    4.21 v _553_/X (sky130_fd_sc_hd__a211o_1)
     1    0.00                           _098_ (net)
                  0.05    0.00    4.21 v _554_/B1 (sky130_fd_sc_hd__o21a_1)
                  0.12    0.19    4.39 v _554_/X (sky130_fd_sc_hd__o21a_1)
     2    0.02                           net43 (net)
                  0.12    0.00    4.40 v output43/A (sky130_fd_sc_hd__clkbuf_4)
                  0.08    0.23    4.63 v output43/X (sky130_fd_sc_hd__clkbuf_4)
     1    0.03                           out[1] (net)
                  0.08    0.00    4.63 v out[1] (out)
                                  4.63   data arrival time

                  0.00   10.00   10.00   clock __VIRTUAL_CLK__ (rise edge)
                          0.00   10.00   clock network delay (ideal)
                         -0.25    9.75   clock uncertainty
                          0.00    9.75   clock reconvergence pessimism
                         -2.00    7.75   output external delay
                                  7.75   data required time
-----------------------------------------------------------------------------
                                  7.75   data required time
                                 -4.63   data arrival time
-----------------------------------------------------------------------------
                                  3.12   slack (MET)


Startpoint: alu_op[0] (input port clocked by __VIRTUAL_CLK__)
Endpoint: out[2] (output port clocked by __VIRTUAL_CLK__)
Path Group: __VIRTUAL_CLK__
Path Type: max

Fanout     Cap    Slew   Delay    Time   Description
-----------------------------------------------------------------------------
                  0.00    0.00    0.00   clock __VIRTUAL_CLK__ (rise edge)
                          0.00    0.00   clock network delay (ideal)
                          2.00    2.00 ^ input external delay
                  0.04    0.03    2.03 ^ alu_op[0] (in)
     1    0.01                           alu_op[0] (net)
                  0.04    0.00    2.03 ^ input17/A (sky130_fd_sc_hd__buf_8)
                  0.07    0.12    2.15 ^ input17/X (sky130_fd_sc_hd__buf_8)
     8    0.03                           net17 (net)
                  0.07    0.00    2.15 ^ _526_/C_N (sky130_fd_sc_hd__or3b_4)
                  0.07    0.39    2.55 v _526_/X (sky130_fd_sc_hd__or3b_4)
     1    0.01                           _071_ (net)
                  0.07    0.00    2.55 v _527_/A (sky130_fd_sc_hd__buf_6)
                  0.04    0.15    2.69 v _527_/X (sky130_fd_sc_hd__buf_6)
     5    0.02                           _072_ (net)
                  0.04    0.00    2.69 v rebuffer4/A (sky130_fd_sc_hd__buf_1)
                  0.06    0.12    2.81 v rebuffer4/X (sky130_fd_sc_hd__buf_1)
     3    0.01                           net57 (net)
                  0.06    0.00    2.82 v _557_/A (sky130_fd_sc_hd__buf_4)
                  0.09    0.22    3.03 v _557_/X (sky130_fd_sc_hd__buf_4)
    10    0.07                           _101_ (net)
                  0.09    0.01    3.04 v _558_/C (sky130_fd_sc_hd__nand3_1)
                  0.09    0.12    3.16 ^ _558_/Y (sky130_fd_sc_hd__nand3_1)
     2    0.01                           _102_ (net)
                  0.09    0.00    3.16 ^ _560_/A2 (sky130_fd_sc_hd__a21o_1)
                  0.09    0.17    3.33 ^ _560_/X (sky130_fd_sc_hd__a21o_1)
     3    0.01                           _104_ (net)
                  0.09    0.00    3.33 ^ _562_/A (sky130_fd_sc_hd__nand2_1)
                  0.09    0.11    3.44 v _562_/Y (sky130_fd_sc_hd__nand2_1)
     4    0.01                           _106_ (net)
                  0.09    0.00    3.44 v _563_/B (sky130_fd_sc_hd__nor2_1)
                  0.07    0.09    3.53 ^ _563_/Y (sky130_fd_sc_hd__nor2_1)
     1    0.00                           _107_ (net)
                  0.07    0.00    3.53 ^ _565_/A_N (sky130_fd_sc_hd__and3b_1)
                  0.05    0.20    3.73 v _565_/X (sky130_fd_sc_hd__and3b_1)
     1    0.01                           _109_ (net)
                  0.05    0.00    3.73 v _582_/A (sky130_fd_sc_hd__or4_4)
                  0.09    0.56    4.28 v _582_/X (sky130_fd_sc_hd__or4_4)
     1    0.01                           _126_ (net)
                  0.09    0.00    4.28 v _583_/A (sky130_fd_sc_hd__buf_6)
                  0.03    0.15    4.43 v _583_/X (sky130_fd_sc_hd__buf_6)
     2    0.02                           net44 (net)
                  0.03    0.00    4.43 v output44/A (sky130_fd_sc_hd__clkbuf_4)
                  0.08    0.18    4.62 v output44/X (sky130_fd_sc_hd__clkbuf_4)
     1    0.03                           out[2] (net)
                  0.08    0.00    4.62 v out[2] (out)
                                  4.62   data arrival time

                  0.00   10.00   10.00   clock __VIRTUAL_CLK__ (rise edge)
                          0.00   10.00   clock network delay (ideal)
                         -0.25    9.75   clock uncertainty
                          0.00    9.75   clock reconvergence pessimism
                         -2.00    7.75   output external delay
                                  7.75   data required time
-----------------------------------------------------------------------------
                                  7.75   data required time
                                 -4.62   data arrival time
-----------------------------------------------------------------------------
                                  3.13   slack (MET)


Startpoint: b[1] (input port clocked by __VIRTUAL_CLK__)
Endpoint: out[3] (output port clocked by __VIRTUAL_CLK__)
Path Group: __VIRTUAL_CLK__
Path Type: max

Fanout     Cap    Slew   Delay    Time   Description
-----------------------------------------------------------------------------
                  0.00    0.00    0.00   clock __VIRTUAL_CLK__ (rise edge)
                          0.00    0.00   clock network delay (ideal)
                          2.00    2.00 ^ input external delay
                  0.02    0.01    2.01 ^ b[1] (in)
     1    0.00                           b[1] (net)
                  0.02    0.00    2.01 ^ input27/A (sky130_fd_sc_hd__buf_1)
                  0.12    0.13    2.15 ^ input27/X (sky130_fd_sc_hd__buf_1)
     3    0.01                           net27 (net)
                  0.12    0.00    2.15 ^ _420_/A (sky130_fd_sc_hd__buf_2)
                  0.19    0.25    2.40 ^ _420_/X (sky130_fd_sc_hd__buf_2)
    10    0.04                           _373_ (net)
                  0.19    0.00    2.40 ^ _421_/A (sky130_fd_sc_hd__clkbuf_4)
                  0.16    0.28    2.68 ^ _421_/X (sky130_fd_sc_hd__clkbuf_4)
    10    0.05                           _374_ (net)
                  0.16    0.00    2.68 ^ _593_/S1 (sky130_fd_sc_hd__mux4_1)
                  0.13    0.38    3.06 v _593_/X (sky130_fd_sc_hd__mux4_1)
     2    0.01                           _136_ (net)
                  0.13    0.00    3.06 v _594_/A1 (sky130_fd_sc_hd__mux2_1)
                  0.06    0.33    3.40 v _594_/X (sky130_fd_sc_hd__mux2_1)
     1    0.00                           _137_ (net)
                  0.06    0.00    3.40 v _600_/A2 (sky130_fd_sc_hd__o211a_1)
                  0.05    0.23    3.63 v _600_/X (sky130_fd_sc_hd__o211a_1)
     1    0.01                           _143_ (net)
                  0.05    0.00    3.63 v _607_/B (sky130_fd_sc_hd__or4_1)
                  0.08    0.52    4.15 v _607_/X (sky130_fd_sc_hd__or4_1)
     1    0.00                           _150_ (net)
                  0.08    0.00    4.15 v _608_/B1 (sky130_fd_sc_hd__o21a_1)
                  0.11    0.19    4.34 v _608_/X (sky130_fd_sc_hd__o21a_1)
     2    0.02                           net45 (net)
                  0.11    0.00    4.34 v output45/A (sky130_fd_sc_hd__clkbuf_4)
                  0.08    0.22    4.56 v output45/X (sky130_fd_sc_hd__clkbuf_4)
     1    0.04                           out[3] (net)
                  0.08    0.00    4.56 v out[3] (out)
                                  4.56   data arrival time

                  0.00   10.00   10.00   clock __VIRTUAL_CLK__ (rise edge)
                          0.00   10.00   clock network delay (ideal)
                         -0.25    9.75   clock uncertainty
                          0.00    9.75   clock reconvergence pessimism
                         -2.00    7.75   output external delay
                                  7.75   data required time
-----------------------------------------------------------------------------
                                  7.75   data required time
                                 -4.56   data arrival time
-----------------------------------------------------------------------------
                                  3.19   slack (MET)



