
===========================================================================
report_checks -path_delay min (Hold)
============================================================================
======================= Typical Corner ===================================

Startpoint: alu_op[1] (input port clocked by __VIRTUAL_CLK__)
Endpoint: out[4] (output port clocked by __VIRTUAL_CLK__)
Path Group: __VIRTUAL_CLK__
Path Type: min

Fanout     Cap    Slew   Delay    Time   Description
-----------------------------------------------------------------------------
                  0.00    0.00    0.00   clock __VIRTUAL_CLK__ (rise edge)
                          0.00    0.00   clock network delay (ideal)
                          2.00    2.00 ^ input external delay
                  0.03    0.02    2.02 ^ alu_op[1] (in)
     1    0.01                           alu_op[1] (net)
                  0.03    0.00    2.02 ^ input18/A (sky130_fd_sc_hd__buf_6)
                  0.07    0.11    2.13 ^ input18/X (sky130_fd_sc_hd__buf_6)
    10    0.03                           net18 (net)
                  0.07    0.00    2.13 ^ _501_/B (sky130_fd_sc_hd__nor2_2)
                  0.08    0.08    2.21 v _501_/Y (sky130_fd_sc_hd__nor2_2)
     7    0.03                           _047_ (net)
                  0.08    0.00    2.21 v _628_/A1 (sky130_fd_sc_hd__a31o_1)
                  0.11    0.25    2.46 v _628_/X (sky130_fd_sc_hd__a31o_1)
     2    0.02                           net46 (net)
                  0.11    0.00    2.46 v output46/A (sky130_fd_sc_hd__clkbuf_4)
                  0.08    0.20    2.66 v output46/X (sky130_fd_sc_hd__clkbuf_4)
     1    0.03                           out[4] (net)
                  0.08    0.00    2.66 v out[4] (out)
                                  2.66   data arrival time

                  0.00    0.00    0.00   clock __VIRTUAL_CLK__ (rise edge)
                          0.00    0.00   clock network delay (ideal)
                          0.25    0.25   clock uncertainty
                          0.00    0.25   clock reconvergence pessimism
                         -2.00   -1.75   output external delay
                                 -1.75   data required time
-----------------------------------------------------------------------------
                                 -1.75   data required time
                                 -2.66   data arrival time
-----------------------------------------------------------------------------
                                  4.41   slack (MET)


Startpoint: b[13] (input port clocked by __VIRTUAL_CLK__)
Endpoint: out[13] (output port clocked by __VIRTUAL_CLK__)
Path Group: __VIRTUAL_CLK__
Path Type: min

Fanout     Cap    Slew   Delay    Time   Description
-----------------------------------------------------------------------------
                  0.00    0.00    0.00   clock __VIRTUAL_CLK__ (rise edge)
                          0.00    0.00   clock network delay (ideal)
                          2.00    2.00 v input external delay
                  0.01    0.00    2.00 v b[13] (in)
     1    0.00                           b[13] (net)
                  0.01    0.00    2.00 v input24/A (sky130_fd_sc_hd__buf_2)
                  0.09    0.16    2.16 v input24/X (sky130_fd_sc_hd__buf_2)
     8    0.04                           net24 (net)
                  0.09    0.00    2.16 v _786_/A2 (sky130_fd_sc_hd__o22a_1)
                  0.04    0.20    2.36 v _786_/X (sky130_fd_sc_hd__o22a_1)
     1    0.00                           _319_ (net)
                  0.04    0.00    2.36 v _787_/B (sky130_fd_sc_hd__nor2_1)
                  0.11    0.10    2.46 ^ _787_/Y (sky130_fd_sc_hd__nor2_1)
     1    0.00                           _320_ (net)
                  0.11    0.00    2.46 ^ _791_/B1 (sky130_fd_sc_hd__a22oi_2)
                  0.08    0.09    2.56 v _791_/Y (sky130_fd_sc_hd__a22oi_2)
     2    0.02                           net40 (net)
                  0.08    0.00    2.56 v output40/A (sky130_fd_sc_hd__clkbuf_4)
                  0.08    0.19    2.75 v output40/X (sky130_fd_sc_hd__clkbuf_4)
     1    0.03                           out[13] (net)
                  0.08    0.00    2.75 v out[13] (out)
                                  2.75   data arrival time

                  0.00    0.00    0.00   clock __VIRTUAL_CLK__ (rise edge)
                          0.00    0.00   clock network delay (ideal)
                          0.25    0.25   clock uncertainty
                          0.00    0.25   clock reconvergence pessimism
                         -2.00   -1.75   output external delay
                                 -1.75   data required time
-----------------------------------------------------------------------------
                                 -1.75   data required time
                                 -2.75   data arrival time
-----------------------------------------------------------------------------
                                  4.50   slack (MET)


Startpoint: alu_op[2] (input port clocked by __VIRTUAL_CLK__)
Endpoint: out[9] (output port clocked by __VIRTUAL_CLK__)
Path Group: __VIRTUAL_CLK__
Path Type: min

Fanout     Cap    Slew   Delay    Time   Description
-----------------------------------------------------------------------------
                  0.00    0.00    0.00   clock __VIRTUAL_CLK__ (rise edge)
                          0.00    0.00   clock network delay (ideal)
                          2.00    2.00 v input external delay
                  0.01    0.01    2.01 v alu_op[2] (in)
     1    0.01                           alu_op[2] (net)
                  0.01    0.00    2.01 v input19/A (sky130_fd_sc_hd__buf_6)
                  0.03    0.11    2.12 v input19/X (sky130_fd_sc_hd__buf_6)
     6    0.02                           net19 (net)
                  0.03    0.00    2.12 v _505_/C (sky130_fd_sc_hd__nand3b_1)
                  0.10    0.11    2.22 ^ _505_/Y (sky130_fd_sc_hd__nand3b_1)
     2    0.01                           _051_ (net)
                  0.10    0.00    2.22 ^ _717_/C1 (sky130_fd_sc_hd__a211o_1)
                  0.04    0.10    2.32 ^ _717_/X (sky130_fd_sc_hd__a211o_1)
     1    0.00                           _254_ (net)
                  0.04    0.00    2.32 ^ _725_/A2_N (sky130_fd_sc_hd__o2bb2a_1)
                  0.12    0.27    2.59 v _725_/X (sky130_fd_sc_hd__o2bb2a_1)
     2    0.02                           net51 (net)
                  0.12    0.00    2.59 v output51/A (sky130_fd_sc_hd__clkbuf_4)
                  0.08    0.21    2.80 v output51/X (sky130_fd_sc_hd__clkbuf_4)
     1    0.03                           out[9] (net)
                  0.08    0.00    2.80 v out[9] (out)
                                  2.80   data arrival time

                  0.00    0.00    0.00   clock __VIRTUAL_CLK__ (rise edge)
                          0.00    0.00   clock network delay (ideal)
                          0.25    0.25   clock uncertainty
                          0.00    0.25   clock reconvergence pessimism
                         -2.00   -1.75   output external delay
                                 -1.75   data required time
-----------------------------------------------------------------------------
                                 -1.75   data required time
                                 -2.80   data arrival time
-----------------------------------------------------------------------------
                                  4.55   slack (MET)


Startpoint: alu_op[1] (input port clocked by __VIRTUAL_CLK__)
Endpoint: out[1] (output port clocked by __VIRTUAL_CLK__)
Path Group: __VIRTUAL_CLK__
Path Type: min

Fanout     Cap    Slew   Delay    Time   Description
-----------------------------------------------------------------------------
                  0.00    0.00    0.00   clock __VIRTUAL_CLK__ (rise edge)
                          0.00    0.00   clock network delay (ideal)
                          2.00    2.00 ^ input external delay
                  0.03    0.02    2.02 ^ alu_op[1] (in)
     1    0.01                           alu_op[1] (net)
                  0.03    0.00    2.02 ^ input18/A (sky130_fd_sc_hd__buf_6)
                  0.07    0.11    2.13 ^ input18/X (sky130_fd_sc_hd__buf_6)
    10    0.03                           net18 (net)
                  0.07    0.00    2.13 ^ _501_/B (sky130_fd_sc_hd__nor2_2)
                  0.08    0.08    2.21 v _501_/Y (sky130_fd_sc_hd__nor2_2)
     7    0.03                           _047_ (net)
                  0.08    0.00    2.21 v _553_/C1 (sky130_fd_sc_hd__a211o_1)
                  0.04    0.22    2.43 v _553_/X (sky130_fd_sc_hd__a211o_1)
     1    0.00                           _098_ (net)
                  0.04    0.00    2.43 v _554_/B1 (sky130_fd_sc_hd__o21a_1)
                  0.12    0.17    2.60 v _554_/X (sky130_fd_sc_hd__o21a_1)
     2    0.02                           net43 (net)
                  0.12    0.00    2.60 v output43/A (sky130_fd_sc_hd__clkbuf_4)
                  0.08    0.21    2.81 v output43/X (sky130_fd_sc_hd__clkbuf_4)
     1    0.03                           out[1] (net)
                  0.08    0.00    2.81 v out[1] (out)
                                  2.81   data arrival time

                  0.00    0.00    0.00   clock __VIRTUAL_CLK__ (rise edge)
                          0.00    0.00   clock network delay (ideal)
                          0.25    0.25   clock uncertainty
                          0.00    0.25   clock reconvergence pessimism
                         -2.00   -1.75   output external delay
                                 -1.75   data required time
-----------------------------------------------------------------------------
                                 -1.75   data required time
                                 -2.81   data arrival time
-----------------------------------------------------------------------------
                                  4.56   slack (MET)


Startpoint: b[15] (input port clocked by __VIRTUAL_CLK__)
Endpoint: out[15] (output port clocked by __VIRTUAL_CLK__)
Path Group: __VIRTUAL_CLK__
Path Type: min

Fanout     Cap    Slew   Delay    Time   Description
-----------------------------------------------------------------------------
                  0.00    0.00    0.00   clock __VIRTUAL_CLK__ (rise edge)
                          0.00    0.00   clock network delay (ideal)
                          2.00    2.00 ^ input external delay
                  0.02    0.01    2.01 ^ b[15] (in)
     1    0.00                           b[15] (net)
                  0.02    0.00    2.01 ^ input26/A (sky130_fd_sc_hd__clkbuf_2)
                  0.14    0.15    2.17 ^ input26/X (sky130_fd_sc_hd__clkbuf_2)
     5    0.02                           net26 (net)
                  0.14    0.00    2.17 ^ _463_/B (sky130_fd_sc_hd__xor2_2)
                  0.05    0.10    2.27 v _463_/X (sky130_fd_sc_hd__xor2_2)
     3    0.01                           _009_ (net)
                  0.05    0.00    2.27 v _811_/A (sky130_fd_sc_hd__xor2_1)
                  0.05    0.16    2.43 v _811_/X (sky130_fd_sc_hd__xor2_1)
     2    0.01                           _342_ (net)
                  0.05    0.00    2.43 v _812_/B1 (sky130_fd_sc_hd__o21ai_1)
                  0.10    0.08    2.51 ^ _812_/Y (sky130_fd_sc_hd__o21ai_1)
     1    0.00                           _343_ (net)
                  0.10    0.00    2.51 ^ _823_/A2 (sky130_fd_sc_hd__a31oi_2)
                  0.05    0.13    2.64 v _823_/Y (sky130_fd_sc_hd__a31oi_2)
     2    0.01                           net42 (net)
                  0.05    0.00    2.64 v output42/A (sky130_fd_sc_hd__clkbuf_4)
                  0.08    0.17    2.82 v output42/X (sky130_fd_sc_hd__clkbuf_4)
     1    0.03                           out[15] (net)
                  0.08    0.00    2.82 v out[15] (out)
                                  2.82   data arrival time

                  0.00    0.00    0.00   clock __VIRTUAL_CLK__ (rise edge)
                          0.00    0.00   clock network delay (ideal)
                          0.25    0.25   clock uncertainty
                          0.00    0.25   clock reconvergence pessimism
                         -2.00   -1.75   output external delay
                                 -1.75   data required time
-----------------------------------------------------------------------------
                                 -1.75   data required time
                                 -2.82   data arrival time
-----------------------------------------------------------------------------
                                  4.57   slack (MET)


Startpoint: b[6] (input port clocked by __VIRTUAL_CLK__)
Endpoint: out[6] (output port clocked by __VIRTUAL_CLK__)
Path Group: __VIRTUAL_CLK__
Path Type: min

Fanout     Cap    Slew   Delay    Time   Description
-----------------------------------------------------------------------------
                  0.00    0.00    0.00   clock __VIRTUAL_CLK__ (rise edge)
                          0.00    0.00   clock network delay (ideal)
                          2.00    2.00 ^ input external delay
                  0.02    0.01    2.01 ^ b[6] (in)
     1    0.00                           b[6] (net)
                  0.02    0.00    2.01 ^ input32/A (sky130_fd_sc_hd__clkbuf_4)
                  0.14    0.18    2.20 ^ input32/X (sky130_fd_sc_hd__clkbuf_4)
     8    0.04                           net32 (net)
                  0.14    0.00    2.20 ^ _671_/A2 (sky130_fd_sc_hd__o21ai_1)
                  0.05    0.08    2.28 v _671_/Y (sky130_fd_sc_hd__o21ai_1)
     1    0.00                           _211_ (net)
                  0.05    0.00    2.28 v _672_/B1 (sky130_fd_sc_hd__o21ai_1)
                  0.07    0.06    2.34 ^ _672_/Y (sky130_fd_sc_hd__o21ai_1)
     1    0.00                           _212_ (net)
                  0.07    0.00    2.34 ^ _673_/C1 (sky130_fd_sc_hd__a311o_1)
                  0.24    0.23    2.58 ^ _673_/X (sky130_fd_sc_hd__a311o_1)
     2    0.02                           net48 (net)
                  0.24    0.00    2.58 ^ output48/A (sky130_fd_sc_hd__clkbuf_4)
                  0.11    0.24    2.82 ^ output48/X (sky130_fd_sc_hd__clkbuf_4)
     1    0.03                           out[6] (net)
                  0.11    0.00    2.82 ^ out[6] (out)
                                  2.82   data arrival time

                  0.00    0.00    0.00   clock __VIRTUAL_CLK__ (rise edge)
                          0.00    0.00   clock network delay (ideal)
                          0.25    0.25   clock uncertainty
                          0.00    0.25   clock reconvergence pessimism
                         -2.00   -1.75   output external delay
                                 -1.75   data required time
-----------------------------------------------------------------------------
                                 -1.75   data required time
                                 -2.82   data arrival time
-----------------------------------------------------------------------------
                                  4.57   slack (MET)


Startpoint: a[2] (input port clocked by __VIRTUAL_CLK__)
Endpoint: out[2] (output port clocked by __VIRTUAL_CLK__)
Path Group: __VIRTUAL_CLK__
Path Type: min

Fanout     Cap    Slew   Delay    Time   Description
-----------------------------------------------------------------------------
                  0.00    0.00    0.00   clock __VIRTUAL_CLK__ (rise edge)
                          0.00    0.00   clock network delay (ideal)
                          2.00    2.00 ^ input external delay
                  0.03    0.01    2.01 ^ a[2] (in)
     1    0.00                           a[2] (net)
                  0.03    0.00    2.01 ^ input9/A (sky130_fd_sc_hd__buf_1)
                  0.13    0.13    2.14 ^ input9/X (sky130_fd_sc_hd__buf_1)
     2    0.01                           net9 (net)
                  0.13    0.00    2.15 ^ _425_/A (sky130_fd_sc_hd__or2_1)
                  0.08    0.14    2.29 ^ _425_/X (sky130_fd_sc_hd__or2_1)
     2    0.01                           _378_ (net)
                  0.08    0.00    2.29 ^ _577_/B1 (sky130_fd_sc_hd__o21a_1)
                  0.08    0.14    2.43 ^ _577_/X (sky130_fd_sc_hd__o21a_1)
     1    0.01                           _121_ (net)
                  0.08    0.00    2.43 ^ _582_/C (sky130_fd_sc_hd__or4_4)
                  0.03    0.12    2.55 ^ _582_/X (sky130_fd_sc_hd__or4_4)
     1    0.01                           _126_ (net)
                  0.03    0.00    2.55 ^ _583_/A (sky130_fd_sc_hd__buf_6)
                  0.05    0.09    2.64 ^ _583_/X (sky130_fd_sc_hd__buf_6)
     2    0.02                           net44 (net)
                  0.05    0.00    2.64 ^ output44/A (sky130_fd_sc_hd__clkbuf_4)
                  0.11    0.18    2.82 ^ output44/X (sky130_fd_sc_hd__clkbuf_4)
     1    0.03                           out[2] (net)
                  0.11    0.00    2.82 ^ out[2] (out)
                                  2.82   data arrival time

                  0.00    0.00    0.00   clock __VIRTUAL_CLK__ (rise edge)
                          0.00    0.00   clock network delay (ideal)
                          0.25    0.25   clock uncertainty
                          0.00    0.25   clock reconvergence pessimism
                         -2.00   -1.75   output external delay
                                 -1.75   data required time
-----------------------------------------------------------------------------
                                 -1.75   data required time
                                 -2.82   data arrival time
-----------------------------------------------------------------------------
                                  4.57   slack (MET)


Startpoint: b[7] (input port clocked by __VIRTUAL_CLK__)
Endpoint: out[7] (output port clocked by __VIRTUAL_CLK__)
Path Group: __VIRTUAL_CLK__
Path Type: min

Fanout     Cap    Slew   Delay    Time   Description
-----------------------------------------------------------------------------
                  0.00    0.00    0.00   clock __VIRTUAL_CLK__ (rise edge)
                          0.00    0.00   clock network delay (ideal)
                          2.00    2.00 ^ input external delay
                  0.02    0.01    2.01 ^ b[7] (in)
     1    0.00                           b[7] (net)
                  0.02    0.00    2.01 ^ input33/A (sky130_fd_sc_hd__clkbuf_4)
                  0.14    0.18    2.19 ^ input33/X (sky130_fd_sc_hd__clkbuf_4)
     7    0.04                           net33 (net)
                  0.14    0.00    2.20 ^ _687_/B1 (sky130_fd_sc_hd__o32a_1)
                  0.05    0.16    2.35 ^ _687_/X (sky130_fd_sc_hd__o32a_1)
     1    0.00                           _226_ (net)
                  0.05    0.00    2.35 ^ _688_/B1 (sky130_fd_sc_hd__a211o_1)
                  0.05    0.10    2.45 ^ _688_/X (sky130_fd_sc_hd__a211o_1)
     1    0.00                           _227_ (net)
                  0.05    0.00    2.45 ^ _689_/B2 (sky130_fd_sc_hd__o22a_1)
                  0.15    0.18    2.63 ^ _689_/X (sky130_fd_sc_hd__o22a_1)
     2    0.02                           net49 (net)
                  0.15    0.00    2.63 ^ output49/A (sky130_fd_sc_hd__clkbuf_4)
                  0.11    0.21    2.84 ^ output49/X (sky130_fd_sc_hd__clkbuf_4)
     1    0.03                           out[7] (net)
                  0.11    0.00    2.84 ^ out[7] (out)
                                  2.84   data arrival time

                  0.00    0.00    0.00   clock __VIRTUAL_CLK__ (rise edge)
                          0.00    0.00   clock network delay (ideal)
                          0.25    0.25   clock uncertainty
                          0.00    0.25   clock reconvergence pessimism
                         -2.00   -1.75   output external delay
                                 -1.75   data required time
-----------------------------------------------------------------------------
                                 -1.75   data required time
                                 -2.84   data arrival time
-----------------------------------------------------------------------------
                                  4.59   slack (MET)


Startpoint: a[8] (input port clocked by __VIRTUAL_CLK__)
Endpoint: out[8] (output port clocked by __VIRTUAL_CLK__)
Path Group: __VIRTUAL_CLK__
Path Type: min

Fanout     Cap    Slew   Delay    Time   Description
-----------------------------------------------------------------------------
                  0.00    0.00    0.00   clock __VIRTUAL_CLK__ (rise edge)
                          0.00    0.00   clock network delay (ideal)
                          2.00    2.00 ^ input external delay
                  0.02    0.01    2.01 ^ a[8] (in)
     1    0.00                           a[8] (net)
                  0.02    0.00    2.01 ^ input15/A (sky130_fd_sc_hd__buf_2)
                  0.21    0.21    2.21 ^ input15/X (sky130_fd_sc_hd__buf_2)
     6    0.04                           net15 (net)
                  0.21    0.00    2.22 ^ _447_/A (sky130_fd_sc_hd__or2_1)
                  0.10    0.17    2.39 ^ _447_/X (sky130_fd_sc_hd__or2_1)
     2    0.01                           _400_ (net)
                  0.10    0.00    2.39 ^ _706_/B2 (sky130_fd_sc_hd__a32o_1)
                  0.05    0.13    2.52 ^ _706_/X (sky130_fd_sc_hd__a32o_1)
     1    0.00                           _244_ (net)
                  0.05    0.00    2.52 ^ _707_/C1 (sky130_fd_sc_hd__a211o_1)
                  0.13    0.15    2.67 ^ _707_/X (sky130_fd_sc_hd__a211o_1)
     2    0.01                           net50 (net)
                  0.13    0.00    2.67 ^ output50/A (sky130_fd_sc_hd__clkbuf_4)
                  0.11    0.20    2.87 ^ output50/X (sky130_fd_sc_hd__clkbuf_4)
     1    0.03                           out[8] (net)
                  0.11    0.00    2.87 ^ out[8] (out)
                                  2.87   data arrival time

                  0.00    0.00    0.00   clock __VIRTUAL_CLK__ (rise edge)
                          0.00    0.00   clock network delay (ideal)
                          0.25    0.25   clock uncertainty
                          0.00    0.25   clock reconvergence pessimism
                         -2.00   -1.75   output external delay
                                 -1.75   data required time
-----------------------------------------------------------------------------
                                 -1.75   data required time
                                 -2.87   data arrival time
-----------------------------------------------------------------------------
                                  4.62   slack (MET)


Startpoint: b[14] (input port clocked by __VIRTUAL_CLK__)
Endpoint: out[14] (output port clocked by __VIRTUAL_CLK__)
Path Group: __VIRTUAL_CLK__
Path Type: min

Fanout     Cap    Slew   Delay    Time   Description
-----------------------------------------------------------------------------
                  0.00    0.00    0.00   clock __VIRTUAL_CLK__ (rise edge)
                          0.00    0.00   clock network delay (ideal)
                          2.00    2.00 ^ input external delay
                  0.02    0.01    2.01 ^ b[14] (in)
     1    0.00                           b[14] (net)
                  0.02    0.00    2.01 ^ input25/A (sky130_fd_sc_hd__clkbuf_2)
                  0.17    0.18    2.19 ^ input25/X (sky130_fd_sc_hd__clkbuf_2)
     6    0.03                           net25 (net)
                  0.17    0.00    2.19 ^ _458_/B (sky130_fd_sc_hd__or2_1)
                  0.06    0.13    2.33 ^ _458_/X (sky130_fd_sc_hd__or2_1)
     2    0.01                           _004_ (net)
                  0.06    0.00    2.33 ^ _806_/B1 (sky130_fd_sc_hd__o21a_1)
                  0.05    0.12    2.44 ^ _806_/X (sky130_fd_sc_hd__o21a_1)
     1    0.00                           _338_ (net)
                  0.05    0.00    2.44 ^ _807_/B1 (sky130_fd_sc_hd__a41o_1)
                  0.04    0.08    2.53 ^ _807_/X (sky130_fd_sc_hd__a41o_1)
     1    0.00                           _339_ (net)
                  0.04    0.00    2.53 ^ _808_/C1 (sky130_fd_sc_hd__a211o_1)
                  0.13    0.15    2.67 ^ _808_/X (sky130_fd_sc_hd__a211o_1)
     2    0.01                           net41 (net)
                  0.13    0.00    2.67 ^ output41/A (sky130_fd_sc_hd__clkbuf_4)
                  0.11    0.21    2.88 ^ output41/X (sky130_fd_sc_hd__clkbuf_4)
     1    0.03                           out[14] (net)
                  0.11    0.00    2.88 ^ out[14] (out)
                                  2.88   data arrival time

                  0.00    0.00    0.00   clock __VIRTUAL_CLK__ (rise edge)
                          0.00    0.00   clock network delay (ideal)
                          0.25    0.25   clock uncertainty
                          0.00    0.25   clock reconvergence pessimism
                         -2.00   -1.75   output external delay
                                 -1.75   data required time
-----------------------------------------------------------------------------
                                 -1.75   data required time
                                 -2.88   data arrival time
-----------------------------------------------------------------------------
                                  4.63   slack (MET)


Startpoint: b[10] (input port clocked by __VIRTUAL_CLK__)
Endpoint: out[11] (output port clocked by __VIRTUAL_CLK__)
Path Group: __VIRTUAL_CLK__
Path Type: min

Fanout     Cap    Slew   Delay    Time   Description
-----------------------------------------------------------------------------
                  0.00    0.00    0.00   clock __VIRTUAL_CLK__ (rise edge)
                          0.00    0.00   clock network delay (ideal)
                          2.00    2.00 ^ input external delay
                  0.02    0.01    2.01 ^ b[10] (in)
     1    0.00                           b[10] (net)
                  0.02    0.00    2.01 ^ input21/A (sky130_fd_sc_hd__buf_2)
                  0.14    0.16    2.17 ^ input21/X (sky130_fd_sc_hd__buf_2)
     6    0.03                           net21 (net)
                  0.14    0.00    2.17 ^ _728_/A (sky130_fd_sc_hd__xnor2_2)
                  0.07    0.11    2.27 v _728_/Y (sky130_fd_sc_hd__xnor2_2)
     3    0.01                           _264_ (net)
                  0.07    0.00    2.27 v _744_/B (sky130_fd_sc_hd__nand2_1)
                  0.07    0.09    2.36 ^ _744_/Y (sky130_fd_sc_hd__nand2_1)
     2    0.01                           _279_ (net)
                  0.07    0.00    2.36 ^ _748_/A1 (sky130_fd_sc_hd__a21oi_1)
                  0.05    0.06    2.43 v _748_/Y (sky130_fd_sc_hd__a21oi_1)
     1    0.00                           _283_ (net)
                  0.05    0.00    2.43 v _758_/A1 (sky130_fd_sc_hd__o22a_1)
                  0.13    0.28    2.70 v _758_/X (sky130_fd_sc_hd__o22a_1)
     2    0.02                           net38 (net)
                  0.13    0.00    2.70 v output38/A (sky130_fd_sc_hd__clkbuf_4)
                  0.08    0.21    2.91 v output38/X (sky130_fd_sc_hd__clkbuf_4)
     1    0.03                           out[11] (net)
                  0.08    0.00    2.91 v out[11] (out)
                                  2.91   data arrival time

                  0.00    0.00    0.00   clock __VIRTUAL_CLK__ (rise edge)
                          0.00    0.00   clock network delay (ideal)
                          0.25    0.25   clock uncertainty
                          0.00    0.25   clock reconvergence pessimism
                         -2.00   -1.75   output external delay
                                 -1.75   data required time
-----------------------------------------------------------------------------
                                 -1.75   data required time
                                 -2.91   data arrival time
-----------------------------------------------------------------------------
                                  4.66   slack (MET)


Startpoint: a[0] (input port clocked by __VIRTUAL_CLK__)
Endpoint: out[0] (output port clocked by __VIRTUAL_CLK__)
Path Group: __VIRTUAL_CLK__
Path Type: min

Fanout     Cap    Slew   Delay    Time   Description
-----------------------------------------------------------------------------
                  0.00    0.00    0.00   clock __VIRTUAL_CLK__ (rise edge)
                          0.00    0.00   clock network delay (ideal)
                          2.00    2.00 v input external delay
                  0.01    0.00    2.00 v a[0] (in)
     1    0.00                           a[0] (net)
                  0.01    0.00    2.00 v input1/A (sky130_fd_sc_hd__buf_2)
                  0.09    0.16    2.16 v input1/X (sky130_fd_sc_hd__buf_2)
     6    0.04                           net1 (net)
                  0.09    0.00    2.16 v _423_/B (sky130_fd_sc_hd__nand2b_2)
                  0.11    0.13    2.29 ^ _423_/Y (sky130_fd_sc_hd__nand2b_2)
     4    0.02                           _376_ (net)
                  0.11    0.00    2.29 ^ _489_/A (sky130_fd_sc_hd__nand2_1)
                  0.12    0.13    2.42 v _489_/Y (sky130_fd_sc_hd__nand2_1)
     3    0.02                           _035_ (net)
                  0.12    0.00    2.42 v _525_/B2 (sky130_fd_sc_hd__o32a_1)
                  0.06    0.19    2.61 v _525_/X (sky130_fd_sc_hd__o32a_1)
     2    0.01                           net36 (net)
                  0.06    0.00    2.61 v rebuffer6/A (sky130_fd_sc_hd__buf_1)
                  0.07    0.12    2.73 v rebuffer6/X (sky130_fd_sc_hd__buf_1)
     1    0.01                           net59 (net)
                  0.07    0.00    2.73 v output36/A (sky130_fd_sc_hd__clkbuf_4)
                  0.08    0.18    2.91 v output36/X (sky130_fd_sc_hd__clkbuf_4)
     1    0.03                           out[0] (net)
                  0.08    0.00    2.91 v out[0] (out)
                                  2.91   data arrival time

                  0.00    0.00    0.00   clock __VIRTUAL_CLK__ (rise edge)
                          0.00    0.00   clock network delay (ideal)
                          0.25    0.25   clock uncertainty
                          0.00    0.25   clock reconvergence pessimism
                         -2.00   -1.75   output external delay
                                 -1.75   data required time
-----------------------------------------------------------------------------
                                 -1.75   data required time
                                 -2.91   data arrival time
-----------------------------------------------------------------------------
                                  4.66   slack (MET)


Startpoint: alu_op[1] (input port clocked by __VIRTUAL_CLK__)
Endpoint: out[3] (output port clocked by __VIRTUAL_CLK__)
Path Group: __VIRTUAL_CLK__
Path Type: min

Fanout     Cap    Slew   Delay    Time   Description
-----------------------------------------------------------------------------
                  0.00    0.00    0.00   clock __VIRTUAL_CLK__ (rise edge)
                          0.00    0.00   clock network delay (ideal)
                          2.00    2.00 ^ input external delay
                  0.03    0.02    2.02 ^ alu_op[1] (in)
     1    0.01                           alu_op[1] (net)
                  0.03    0.00    2.02 ^ input18/A (sky130_fd_sc_hd__buf_6)
                  0.07    0.11    2.13 ^ input18/X (sky130_fd_sc_hd__buf_6)
    10    0.03                           net18 (net)
                  0.07    0.00    2.13 ^ _523_/B (sky130_fd_sc_hd__or2_1)
                  0.04    0.09    2.22 ^ _523_/X (sky130_fd_sc_hd__or2_1)
     1    0.00                           _069_ (net)
                  0.04    0.00    2.22 ^ _524_/A (sky130_fd_sc_hd__clkbuf_4)
                  0.19    0.23    2.45 ^ _524_/X (sky130_fd_sc_hd__clkbuf_4)
     9    0.06                           _070_ (net)
                  0.20    0.00    2.45 ^ _608_/A1 (sky130_fd_sc_hd__o21a_1)
                  0.19    0.25    2.70 ^ _608_/X (sky130_fd_sc_hd__o21a_1)
     2    0.02                           net45 (net)
                  0.19    0.00    2.70 ^ output45/A (sky130_fd_sc_hd__clkbuf_4)
                  0.12    0.23    2.93 ^ output45/X (sky130_fd_sc_hd__clkbuf_4)
     1    0.04                           out[3] (net)
                  0.12    0.00    2.93 ^ out[3] (out)
                                  2.93   data arrival time

                  0.00    0.00    0.00   clock __VIRTUAL_CLK__ (rise edge)
                          0.00    0.00   clock network delay (ideal)
                          0.25    0.25   clock uncertainty
                          0.00    0.25   clock reconvergence pessimism
                         -2.00   -1.75   output external delay
                                 -1.75   data required time
-----------------------------------------------------------------------------
                                 -1.75   data required time
                                 -2.93   data arrival time
-----------------------------------------------------------------------------
                                  4.68   slack (MET)


Startpoint: b[10] (input port clocked by __VIRTUAL_CLK__)
Endpoint: out[10] (output port clocked by __VIRTUAL_CLK__)
Path Group: __VIRTUAL_CLK__
Path Type: min

Fanout     Cap    Slew   Delay    Time   Description
-----------------------------------------------------------------------------
                  0.00    0.00    0.00   clock __VIRTUAL_CLK__ (rise edge)
                          0.00    0.00   clock network delay (ideal)
                          2.00    2.00 ^ input external delay
                  0.02    0.01    2.01 ^ b[10] (in)
     1    0.00                           b[10] (net)
                  0.02    0.00    2.01 ^ input21/A (sky130_fd_sc_hd__buf_2)
                  0.14    0.16    2.17 ^ input21/X (sky130_fd_sc_hd__buf_2)
     6    0.03                           net21 (net)
                  0.14    0.00    2.17 ^ _450_/B (sky130_fd_sc_hd__or2_1)
                  0.13    0.17    2.34 ^ _450_/X (sky130_fd_sc_hd__or2_1)
     3    0.01                           _403_ (net)
                  0.13    0.00    2.34 ^ _738_/B2 (sky130_fd_sc_hd__a32o_1)
                  0.08    0.16    2.50 ^ _738_/X (sky130_fd_sc_hd__a32o_1)
     1    0.01                           _274_ (net)
                  0.08    0.00    2.50 ^ _743_/B1 (sky130_fd_sc_hd__a211o_1)
                  0.20    0.21    2.71 ^ _743_/X (sky130_fd_sc_hd__a211o_1)
     2    0.02                           net37 (net)
                  0.20    0.00    2.71 ^ output37/A (sky130_fd_sc_hd__clkbuf_4)
                  0.12    0.23    2.94 ^ output37/X (sky130_fd_sc_hd__clkbuf_4)
     1    0.03                           out[10] (net)
                  0.12    0.00    2.94 ^ out[10] (out)
                                  2.94   data arrival time

                  0.00    0.00    0.00   clock __VIRTUAL_CLK__ (rise edge)
                          0.00    0.00   clock network delay (ideal)
                          0.25    0.25   clock uncertainty
                          0.00    0.25   clock reconvergence pessimism
                         -2.00   -1.75   output external delay
                                 -1.75   data required time
-----------------------------------------------------------------------------
                                 -1.75   data required time
                                 -2.94   data arrival time
-----------------------------------------------------------------------------
                                  4.69   slack (MET)


Startpoint: b[12] (input port clocked by __VIRTUAL_CLK__)
Endpoint: out[12] (output port clocked by __VIRTUAL_CLK__)
Path Group: __VIRTUAL_CLK__
Path Type: min

Fanout     Cap    Slew   Delay    Time   Description
-----------------------------------------------------------------------------
                  0.00    0.00    0.00   clock __VIRTUAL_CLK__ (rise edge)
                          0.00    0.00   clock network delay (ideal)
                          2.00    2.00 ^ input external delay
                  0.02    0.01    2.01 ^ b[12] (in)
     1    0.00                           b[12] (net)
                  0.02    0.00    2.01 ^ input23/A (sky130_fd_sc_hd__buf_2)
                  0.19    0.19    2.20 ^ input23/X (sky130_fd_sc_hd__buf_2)
     6    0.04                           net23 (net)
                  0.19    0.00    2.20 ^ _771_/A1 (sky130_fd_sc_hd__a31o_1)
                  0.04    0.15    2.36 ^ _771_/X (sky130_fd_sc_hd__a31o_1)
     1    0.00                           _305_ (net)
                  0.04    0.00    2.36 ^ _772_/A2 (sky130_fd_sc_hd__o21a_1)
                  0.06    0.11    2.47 ^ _772_/X (sky130_fd_sc_hd__o21a_1)
     1    0.01                           _306_ (net)
                  0.06    0.00    2.47 ^ _776_/B1 (sky130_fd_sc_hd__a211o_1)
                  0.24    0.23    2.69 ^ _776_/X (sky130_fd_sc_hd__a211o_1)
     2    0.03                           net39 (net)
                  0.24    0.00    2.70 ^ output39/A (sky130_fd_sc_hd__buf_2)
                  0.17    0.24    2.94 ^ output39/X (sky130_fd_sc_hd__buf_2)
     1    0.03                           out[12] (net)
                  0.17    0.00    2.94 ^ out[12] (out)
                                  2.94   data arrival time

                  0.00    0.00    0.00   clock __VIRTUAL_CLK__ (rise edge)
                          0.00    0.00   clock network delay (ideal)
                          0.25    0.25   clock uncertainty
                          0.00    0.25   clock reconvergence pessimism
                         -2.00   -1.75   output external delay
                                 -1.75   data required time
-----------------------------------------------------------------------------
                                 -1.75   data required time
                                 -2.94   data arrival time
-----------------------------------------------------------------------------
                                  4.69   slack (MET)


Startpoint: alu_op[1] (input port clocked by __VIRTUAL_CLK__)
Endpoint: out[5] (output port clocked by __VIRTUAL_CLK__)
Path Group: __VIRTUAL_CLK__
Path Type: min

Fanout     Cap    Slew   Delay    Time   Description
-----------------------------------------------------------------------------
                  0.00    0.00    0.00   clock __VIRTUAL_CLK__ (rise edge)
                          0.00    0.00   clock network delay (ideal)
                          2.00    2.00 ^ input external delay
                  0.03    0.02    2.02 ^ alu_op[1] (in)
     1    0.01                           alu_op[1] (net)
                  0.03    0.00    2.02 ^ input18/A (sky130_fd_sc_hd__buf_6)
                  0.07    0.11    2.13 ^ input18/X (sky130_fd_sc_hd__buf_6)
    10    0.03                           net18 (net)
                  0.07    0.00    2.13 ^ _501_/B (sky130_fd_sc_hd__nor2_2)
                  0.08    0.08    2.21 v _501_/Y (sky130_fd_sc_hd__nor2_2)
     7    0.03                           _047_ (net)
                  0.08    0.00    2.21 v _643_/C1 (sky130_fd_sc_hd__a221o_1)
                  0.05    0.25    2.47 v _643_/X (sky130_fd_sc_hd__a221o_1)
     1    0.00                           _184_ (net)
                  0.05    0.00    2.47 v _644_/B2 (sky130_fd_sc_hd__o22a_1)
                  0.16    0.27    2.73 v _644_/X (sky130_fd_sc_hd__o22a_1)
     2    0.03                           net47 (net)
                  0.16    0.00    2.73 v output47/A (sky130_fd_sc_hd__clkbuf_4)
                  0.08    0.22    2.95 v output47/X (sky130_fd_sc_hd__clkbuf_4)
     1    0.03                           out[5] (net)
                  0.08    0.00    2.95 v out[5] (out)
                                  2.95   data arrival time

                  0.00    0.00    0.00   clock __VIRTUAL_CLK__ (rise edge)
                          0.00    0.00   clock network delay (ideal)
                          0.25    0.25   clock uncertainty
                          0.00    0.25   clock reconvergence pessimism
                         -2.00   -1.75   output external delay
                                 -1.75   data required time
-----------------------------------------------------------------------------
                                 -1.75   data required time
                                 -2.95   data arrival time
-----------------------------------------------------------------------------
                                  4.70   slack (MET)


Startpoint: b[13] (input port clocked by __VIRTUAL_CLK__)
Endpoint: zero (output port clocked by __VIRTUAL_CLK__)
Path Group: __VIRTUAL_CLK__
Path Type: min

Fanout     Cap    Slew   Delay    Time   Description
-----------------------------------------------------------------------------
                  0.00    0.00    0.00   clock __VIRTUAL_CLK__ (rise edge)
                          0.00    0.00   clock network delay (ideal)
                          2.00    2.00 ^ input external delay
                  0.02    0.01    2.01 ^ b[13] (in)
     1    0.00                           b[13] (net)
                  0.02    0.00    2.01 ^ input24/A (sky130_fd_sc_hd__buf_2)
                  0.19    0.19    2.20 ^ input24/X (sky130_fd_sc_hd__buf_2)
     8    0.04                           net24 (net)
                  0.19    0.00    2.20 ^ _786_/A2 (sky130_fd_sc_hd__o22a_1)
                  0.04    0.15    2.35 ^ _786_/X (sky130_fd_sc_hd__o22a_1)
     1    0.00                           _319_ (net)
                  0.04    0.00    2.35 ^ _787_/B (sky130_fd_sc_hd__nor2_1)
                  0.03    0.04    2.39 v _787_/Y (sky130_fd_sc_hd__nor2_1)
     1    0.00                           _320_ (net)
                  0.03    0.00    2.39 v _791_/B1 (sky130_fd_sc_hd__a22oi_2)
                  0.23    0.20    2.59 ^ _791_/Y (sky130_fd_sc_hd__a22oi_2)
     2    0.02                           net40 (net)
                  0.23    0.00    2.59 ^ _828_/B (sky130_fd_sc_hd__nor2_1)
                  0.05    0.06    2.65 v _828_/Y (sky130_fd_sc_hd__nor2_1)
     1    0.00                           _358_ (net)
                  0.05    0.00    2.65 v _829_/D (sky130_fd_sc_hd__and4bb_1)
                  0.09    0.25    2.90 v _829_/X (sky130_fd_sc_hd__and4bb_1)
     1    0.02                           _359_ (net)
                  0.09    0.00    2.90 v _830_/A (sky130_fd_sc_hd__clkbuf_1)
                  0.04    0.12    3.01 v _830_/X (sky130_fd_sc_hd__clkbuf_1)
     1    0.01                           net52 (net)
                  0.04    0.00    3.01 v output52/A (sky130_fd_sc_hd__buf_6)
                  0.04    0.13    3.14 v output52/X (sky130_fd_sc_hd__buf_6)
     1    0.03                           zero (net)
                  0.04    0.00    3.14 v zero (out)
                                  3.14   data arrival time

                  0.00    0.00    0.00   clock __VIRTUAL_CLK__ (rise edge)
                          0.00    0.00   clock network delay (ideal)
                          0.25    0.25   clock uncertainty
                          0.00    0.25   clock reconvergence pessimism
                         -2.00   -1.75   output external delay
                                 -1.75   data required time
-----------------------------------------------------------------------------
                                 -1.75   data required time
                                 -3.14   data arrival time
-----------------------------------------------------------------------------
                                  4.89   slack (MET)



