Instance name,  X location,  Y location,  Voltage 
_420_, 97.37, 108.8, 0.000113507
input7, 97.37, 108.8, 0.000113507
output45, 97.37, 108.8, 0.000113507
FILLER_0_36_187, 97.37, 108.8, 0.000113507
FILLER_0_34_187, 97.37, 103.36, 0.000102091
_584_, 97.37, 97.92, 9.79952e-05
_586_, 97.37, 97.92, 9.79952e-05
_609_, 97.37, 97.92, 9.79952e-05
FILLER_0_31_188, 97.37, 97.92, 9.79952e-05
FILLER_0_32_186, 97.37, 97.92, 9.79952e-05
FILLER_0_32_206, 97.37, 97.92, 9.79952e-05
FILLER_0_33_207, 97.37, 97.92, 9.79952e-05
_585_, 97.37, 92.48, 9.6344e-05
input28, 97.37, 92.48, 9.6344e-05
rebuffer3, 97.37, 92.48, 9.6344e-05
FILLER_0_30_201, 97.37, 92.48, 9.6344e-05
_562_, 97.37, 87.04, 0.000102442
_587_, 97.37, 87.04, 0.000102442
_588_, 97.37, 87.04, 0.000102442
_589_, 97.37, 87.04, 0.000102442
_590_, 97.37, 87.04, 0.000102442
_614_, 97.37, 87.04, 0.000102442
_615_, 97.37, 87.04, 0.000102442
FILLER_0_28_190, 97.37, 87.04, 0.000102442
FILLER_0_28_197, 97.37, 87.04, 0.000102442
FILLER_0_29_205, 97.37, 87.04, 0.000102442
_563_, 97.37, 81.6, 9.24552e-05
_591_, 97.37, 81.6, 9.24552e-05
FILLER_0_26_190, 97.37, 81.6, 9.24552e-05
FILLER_0_26_209, 97.37, 81.6, 9.24552e-05
FILLER_0_27_209, 97.37, 81.6, 9.24552e-05
_432_, 97.37, 76.16, 9.84548e-05
_603_, 97.37, 76.16, 9.84548e-05
_607_, 97.37, 76.16, 9.84548e-05
_608_, 97.37, 76.16, 9.84548e-05
FILLER_0_24_207, 97.37, 76.16, 9.84548e-05
FILLER_0_25_207, 97.37, 76.16, 9.84548e-05
_428_, 97.37, 70.72, 8.73282e-05
_433_, 97.37, 70.72, 8.73282e-05
_601_, 97.37, 70.72, 8.73282e-05
_602_, 97.37, 70.72, 8.73282e-05
FILLER_0_21_186, 97.37, 70.72, 8.73282e-05
FILLER_0_22_197, 97.37, 70.72, 8.73282e-05
_429_, 97.37, 65.28, 8.29138e-05
_576_, 97.37, 65.28, 8.29138e-05
_577_, 97.37, 65.28, 8.29138e-05
input29, 97.37, 65.28, 8.29138e-05
FILLER_0_19_193, 97.37, 65.28, 8.29138e-05
FILLER_0_20_188, 97.37, 65.28, 8.29138e-05
FILLER_0_20_204, 97.37, 65.28, 8.29138e-05
FILLER_0_21_208, 97.37, 65.28, 8.29138e-05
_425_, 97.37, 59.84, 8.17634e-05
_436_, 97.37, 59.84, 8.17634e-05
_639_, 97.37, 59.84, 8.17634e-05
FILLER_0_18_192, 97.37, 59.84, 8.17634e-05
_426_, 97.37, 54.4, 7.83636e-05
_640_, 97.37, 54.4, 7.83636e-05
output52, 97.37, 54.4, 7.83636e-05
FILLER_0_16_189, 97.37, 54.4, 7.83636e-05
FILLER_0_16_197, 97.37, 54.4, 7.83636e-05
_618_, 97.37, 48.96, 7.3901e-05
_619_, 97.37, 48.96, 7.3901e-05
_830_, 97.37, 48.96, 7.3901e-05
input6, 97.37, 48.96, 7.3901e-05
FILLER_0_14_186, 97.37, 48.96, 7.3901e-05
FILLER_0_14_197, 97.37, 48.96, 7.3901e-05
FILLER_0_15_207, 97.37, 48.96, 7.3901e-05
_443_, 97.37, 43.52, 8.23953e-05
_628_, 97.37, 43.52, 8.23953e-05
_644_, 97.37, 43.52, 8.23953e-05
FILLER_0_11_197, 97.37, 43.52, 8.23953e-05
FILLER_0_12_190, 97.37, 43.52, 8.23953e-05
FILLER_0_12_206, 97.37, 43.52, 8.23953e-05
_616_, 97.37, 38.08, 8.37533e-05
_617_, 97.37, 38.08, 8.37533e-05
_634_, 97.37, 38.08, 8.37533e-05
FILLER_0_10_197, 97.37, 38.08, 8.37533e-05
_442_, 97.37, 32.64, 8.1635e-05
_613_, 97.37, 32.64, 8.1635e-05
_629_, 97.37, 32.64, 8.1635e-05
_633_, 97.37, 32.64, 8.1635e-05
FILLER_0_7_192, 97.37, 32.64, 8.1635e-05
FILLER_0_9_208, 97.37, 32.64, 8.1635e-05
_632_, 97.37, 27.2, 8.78781e-05
_652_, 97.37, 27.2, 8.78781e-05
_653_, 97.37, 27.2, 8.78781e-05
FILLER_0_6_191, 97.37, 27.2, 8.78781e-05
FILLER_0_6_207, 97.37, 27.2, 8.78781e-05
_610_, 97.37, 21.76, 8.19114e-05
_612_, 97.37, 21.76, 8.19114e-05
FILLER_0_3_189, 97.37, 21.76, 8.19114e-05
FILLER_0_4_192, 97.37, 21.76, 8.19114e-05
FILLER_0_4_209, 97.37, 21.76, 8.19114e-05
FILLER_0_5_208, 97.37, 21.76, 8.19114e-05
_412_, 97.37, 16.32, 9.26517e-05
_557_, 97.37, 16.32, 9.26517e-05
output37, 97.37, 16.32, 9.26517e-05
rebuffer5, 97.37, 16.32, 9.26517e-05
FILLER_0_1_196, 97.37, 16.32, 9.26517e-05
FILLER_0_2_200, 97.37, 16.32, 9.26517e-05
input9, 97.37, 10.88, 8.8534e-05
input19, 97.37, 10.88, 8.8534e-05
split8, 97.37, 10.88, 8.8534e-05
FILLER_0_0_208, 97.37, 10.88, 8.8534e-05
_485_, 72.07, 108.8, 0.000105132
input10, 72.07, 108.8, 0.000105132
input25, 72.07, 108.8, 0.000105132
FILLER_0_35_137, 72.07, 108.8, 0.000105132
FILLER_0_36_133, 72.07, 108.8, 0.000105132
FILLER_0_36_153, 72.07, 108.8, 0.000105132
_419_, 72.07, 103.36, 0.000104495
_421_, 72.07, 103.36, 0.000104495
_422_, 72.07, 103.36, 0.000104495
_571_, 72.07, 103.36, 0.000104495
_514_, 72.07, 97.92, 9.83058e-05
_515_, 72.07, 97.92, 9.83058e-05
_517_, 72.07, 97.92, 9.83058e-05
_572_, 72.07, 97.92, 9.83058e-05
split1, 72.07, 97.92, 9.83058e-05
FILLER_0_33_157, 72.07, 97.92, 9.83058e-05
_488_, 72.07, 92.48, 9.65108e-05
_513_, 72.07, 92.48, 9.65108e-05
_547_, 72.07, 92.48, 9.65108e-05
_573_, 72.07, 92.48, 9.65108e-05
FILLER_0_30_136, 72.07, 92.48, 9.65108e-05
FILLER_0_30_146, 72.07, 92.48, 9.65108e-05
FILLER_0_31_152, 72.07, 92.48, 9.65108e-05
_519_, 72.07, 87.04, 9.4415e-05
_622_, 72.07, 87.04, 9.4415e-05
FILLER_0_28_134, 72.07, 87.04, 9.4415e-05
_504_, 72.07, 81.6, 9.32794e-05
_521_, 72.07, 81.6, 9.32794e-05
_592_, 72.07, 81.6, 9.32794e-05
_594_, 72.07, 81.6, 9.32794e-05
_599_, 72.07, 81.6, 9.32794e-05
_600_, 72.07, 81.6, 9.32794e-05
FILLER_0_25_132, 72.07, 81.6, 9.32794e-05
FILLER_0_25_141, 72.07, 81.6, 9.32794e-05
FILLER_0_26_157, 72.07, 81.6, 9.32794e-05
FILLER_0_27_147, 72.07, 81.6, 9.32794e-05
_574_, 72.07, 76.16, 8.681e-05
_606_, 72.07, 76.16, 8.681e-05
FILLER_0_23_132, 72.07, 76.16, 8.681e-05
FILLER_0_24_135, 72.07, 76.16, 8.681e-05
_507_, 72.07, 70.72, 8.78506e-05
_546_, 72.07, 70.72, 8.78506e-05
_580_, 72.07, 70.72, 8.78506e-05
_582_, 72.07, 70.72, 8.78506e-05
_583_, 72.07, 70.72, 8.78506e-05
FILLER_0_21_137, 72.07, 70.72, 8.78506e-05
FILLER_0_22_147, 72.07, 70.72, 8.78506e-05
FILLER_0_23_147, 72.07, 70.72, 8.78506e-05
_434_, 72.07, 65.28, 7.73034e-05
_435_, 72.07, 65.28, 7.73034e-05
_496_, 72.07, 65.28, 7.73034e-05
_581_, 72.07, 65.28, 7.73034e-05
FILLER_0_20_131, 72.07, 65.28, 7.73034e-05
FILLER_0_20_146, 72.07, 65.28, 7.73034e-05
FILLER_0_21_157, 72.07, 65.28, 7.73034e-05
_536_, 72.07, 59.84, 7.56245e-05
FILLER_0_19_157, 72.07, 59.84, 7.56245e-05
_525_, 72.07, 54.4, 7.22202e-05
_552_, 72.07, 54.4, 7.22202e-05
_553_, 72.07, 54.4, 7.22202e-05
_554_, 72.07, 54.4, 7.22202e-05
FILLER_0_16_149, 72.07, 54.4, 7.22202e-05
FILLER_0_17_158, 72.07, 54.4, 7.22202e-05
_824_, 72.07, 48.96, 6.7678e-05
_825_, 72.07, 48.96, 6.7678e-05
rebuffer6, 72.07, 48.96, 6.7678e-05
FILLER_0_13_131, 72.07, 48.96, 6.7678e-05
FILLER_0_15_157, 72.07, 48.96, 6.7678e-05
_491_, 72.07, 43.52, 7.38231e-05
_492_, 72.07, 43.52, 7.38231e-05
_505_, 72.07, 43.52, 7.38231e-05
_520_, 72.07, 43.52, 7.38231e-05
_534_, 72.07, 43.52, 7.38231e-05
_544_, 72.07, 43.52, 7.38231e-05
_545_, 72.07, 43.52, 7.38231e-05
FILLER_0_12_145, 72.07, 43.52, 7.38231e-05
FILLER_0_13_147, 72.07, 43.52, 7.38231e-05
FILLER_0_13_158, 72.07, 43.52, 7.38231e-05
_501_, 72.07, 38.08, 7.88819e-05
_669_, 72.07, 38.08, 7.88819e-05
FILLER_0_9_141, 72.07, 38.08, 7.88819e-05
FILLER_0_11_151, 72.07, 38.08, 7.88819e-05
_493_, 72.07, 32.64, 7.7706e-05
_497_, 72.07, 32.64, 7.7706e-05
_498_, 72.07, 32.64, 7.7706e-05
_526_, 72.07, 32.64, 7.7706e-05
FILLER_0_8_141, 72.07, 32.64, 7.7706e-05
_410_, 72.07, 27.2, 8.50472e-05
_494_, 72.07, 27.2, 8.50472e-05
_654_, 72.07, 27.2, 8.50472e-05
_693_, 72.07, 27.2, 8.50472e-05
FILLER_0_6_131, 72.07, 27.2, 8.50472e-05
FILLER_0_7_147, 72.07, 27.2, 8.50472e-05
_408_, 72.07, 21.76, 7.99225e-05
_409_, 72.07, 21.76, 7.99225e-05
_523_, 72.07, 21.76, 7.99225e-05
FILLER_0_3_135, 72.07, 21.76, 7.99225e-05
FILLER_0_4_137, 72.07, 21.76, 7.99225e-05
FILLER_0_4_153, 72.07, 21.76, 7.99225e-05
FILLER_0_5_147, 72.07, 21.76, 7.99225e-05
_411_, 72.07, 16.32, 8.61748e-05
_416_, 72.07, 16.32, 8.61748e-05
_676_, 72.07, 16.32, 8.61748e-05
_677_, 72.07, 16.32, 8.61748e-05
FILLER_0_2_132, 72.07, 16.32, 8.61748e-05
FILLER_0_2_154, 72.07, 16.32, 8.61748e-05
_648_, 72.07, 10.88, 8.95809e-05
_675_, 72.07, 10.88, 8.95809e-05
input18, 72.07, 10.88, 8.95809e-05
output49, 72.07, 10.88, 8.95809e-05
FILLER_0_0_147, 72.07, 10.88, 8.95809e-05
FILLER_0_1_145, 72.07, 10.88, 8.95809e-05
input17, 46.77, 108.8, 0.000103768
input26, 46.77, 108.8, 0.000103768
FILLER_0_36_77, 46.77, 108.8, 0.000103768
FILLER_0_36_85, 46.77, 108.8, 0.000103768
_459_, 46.77, 103.36, 0.000100616
_467_, 46.77, 103.36, 0.000100616
_475_, 46.77, 103.36, 0.000100616
_567_, 46.77, 103.36, 0.000100616
_570_, 46.77, 103.36, 0.000100616
FILLER_0_34_93, 46.77, 103.36, 0.000100616
FILLER_0_35_94, 46.77, 103.36, 0.000100616
_510_, 46.77, 97.92, 9.48273e-05
_509_, 46.77, 92.48, 9.44419e-05
_566_, 46.77, 92.48, 9.44419e-05
_595_, 46.77, 92.48, 9.44419e-05
FILLER_0_29_78, 46.77, 92.48, 9.44419e-05
FILLER_0_30_85, 46.77, 92.48, 9.44419e-05
_597_, 46.77, 87.04, 8.80261e-05
_598_, 46.77, 87.04, 8.80261e-05
_680_, 46.77, 87.04, 8.80261e-05
_681_, 46.77, 87.04, 8.80261e-05
FILLER_0_28_77, 46.77, 87.04, 8.80261e-05
_682_, 46.77, 81.6, 8.95614e-05
_753_, 46.77, 81.6, 8.95614e-05
FILLER_0_26_79, 46.77, 81.6, 8.95614e-05
_540_, 46.77, 76.16, 8.10157e-05
_541_, 46.77, 76.16, 8.10157e-05
_542_, 46.77, 76.16, 8.10157e-05
_775_, 46.77, 76.16, 8.10157e-05
FILLER_0_24_85, 46.77, 76.16, 8.10157e-05
_702_, 46.77, 70.72, 7.7495e-05
_754_, 46.77, 70.72, 7.7495e-05
_757_, 46.77, 70.72, 7.7495e-05
FILLER_0_21_82, 46.77, 70.72, 7.7495e-05
FILLER_0_22_97, 46.77, 70.72, 7.7495e-05
_663_, 46.77, 65.28, 6.96449e-05
_664_, 46.77, 65.28, 6.96449e-05
FILLER_0_20_80, 46.77, 65.28, 6.96449e-05
_662_, 46.77, 59.84, 6.86626e-05
_683_, 46.77, 59.84, 6.86626e-05
_708_, 46.77, 59.84, 6.86626e-05
FILLER_0_18_81, 46.77, 59.84, 6.86626e-05
_715_, 46.77, 54.4, 5.71853e-05
_790_, 46.77, 54.4, 5.71853e-05
FILLER_0_16_80, 46.77, 54.4, 5.71853e-05
_700_, 46.77, 48.96, 5.54288e-05
_716_, 46.77, 48.96, 5.54288e-05
FILLER_0_13_77, 46.77, 48.96, 5.54288e-05
FILLER_0_14_76, 46.77, 48.96, 5.54288e-05
FILLER_0_14_97, 46.77, 48.96, 5.54288e-05
_703_, 46.77, 43.52, 6.05009e-05
_717_, 46.77, 43.52, 6.05009e-05
_826_, 46.77, 43.52, 6.05009e-05
FILLER_0_12_85, 46.77, 43.52, 6.05009e-05
FILLER_0_13_97, 46.77, 43.52, 6.05009e-05
_706_, 46.77, 38.08, 7.21169e-05
_707_, 46.77, 38.08, 7.21169e-05
FILLER_0_10_81, 46.77, 38.08, 7.21169e-05
_670_, 46.77, 32.64, 7.22033e-05
_671_, 46.77, 32.64, 7.22033e-05
_710_, 46.77, 32.64, 7.22033e-05
FILLER_0_7_83, 46.77, 32.64, 7.22033e-05
FILLER_0_8_85, 46.77, 32.64, 7.22033e-05
_448_, 46.77, 27.2, 8.07557e-05
_668_, 46.77, 27.2, 8.07557e-05
_689_, 46.77, 27.2, 8.07557e-05
_699_, 46.77, 27.2, 8.07557e-05
_723_, 46.77, 27.2, 8.07557e-05
FILLER_0_6_81, 46.77, 27.2, 8.07557e-05
FILLER_0_6_97, 46.77, 27.2, 8.07557e-05
FILLER_0_7_101, 46.77, 27.2, 8.07557e-05
_718_, 46.77, 21.76, 7.64239e-05
_719_, 46.77, 21.76, 7.64239e-05
_724_, 46.77, 21.76, 7.64239e-05
_695_, 46.77, 16.32, 7.92543e-05
_696_, 46.77, 16.32, 7.92543e-05
_697_, 46.77, 16.32, 7.92543e-05
_720_, 46.77, 16.32, 7.92543e-05
_726_, 46.77, 16.32, 7.92543e-05
input35, 46.77, 10.88, 8.74511e-05
output44, 46.77, 10.88, 8.74511e-05
FILLER_0_0_77, 46.77, 10.88, 8.74511e-05
output47, 21.47, 108.8, 0.000109054
FILLER_0_36_29, 21.47, 108.8, 0.000109054
_468_, 21.47, 103.36, 9.69262e-05
_471_, 21.47, 103.36, 9.69262e-05
_473_, 21.47, 103.36, 9.69262e-05
_474_, 21.47, 103.36, 9.69262e-05
FILLER_0_33_30, 21.47, 103.36, 9.69262e-05
FILLER_0_34_29, 21.47, 103.36, 9.69262e-05
FILLER_0_34_37, 21.47, 103.36, 9.69262e-05
_456_, 21.47, 97.92, 9.41564e-05
_464_, 21.47, 97.92, 9.41564e-05
_472_, 21.47, 97.92, 9.41564e-05
FILLER_0_32_29, 21.47, 97.92, 9.41564e-05
FILLER_0_33_38, 21.47, 97.92, 9.41564e-05
FILLER_0_33_48, 21.47, 97.92, 9.41564e-05
_495_, 21.47, 92.48, 9.54937e-05
_770_, 21.47, 92.48, 9.54937e-05
_771_, 21.47, 92.48, 9.54937e-05
_772_, 21.47, 92.48, 9.54937e-05
_811_, 21.47, 92.48, 9.54937e-05
FILLER_0_30_36, 21.47, 92.48, 9.54937e-05
FILLER_0_31_39, 21.47, 92.48, 9.54937e-05
FILLER_0_27_27, 21.47, 87.04, 8.58055e-05
_798_, 21.47, 81.6, 9.76213e-05
_799_, 21.47, 81.6, 9.76213e-05
_812_, 21.47, 81.6, 9.76213e-05
_813_, 21.47, 81.6, 9.76213e-05
_823_, 21.47, 81.6, 9.76213e-05
FILLER_0_26_37, 21.47, 81.6, 9.76213e-05
_769_, 21.47, 76.16, 8.36739e-05
_776_, 21.47, 76.16, 8.36739e-05
FILLER_0_24_37, 21.47, 76.16, 8.36739e-05
_763_, 21.47, 70.72, 7.96951e-05
_814_, 21.47, 70.72, 7.96951e-05
FILLER_0_22_32, 21.47, 70.72, 7.96951e-05
_800_, 21.47, 65.28, 7.30723e-05
FILLER_0_20_29, 21.47, 65.28, 7.30723e-05
FILLER_0_21_48, 21.47, 65.28, 7.30723e-05
_788_, 21.47, 59.84, 6.84065e-05
FILLER_0_17_29, 21.47, 59.84, 6.84065e-05
FILLER_0_18_41, 21.47, 59.84, 6.84065e-05
_755_, 21.47, 54.4, 6.43317e-05
FILLER_0_15_27, 21.47, 54.4, 6.43317e-05
FILLER_0_16_41, 21.47, 54.4, 6.43317e-05
_709_, 21.47, 48.96, 6.15294e-05
_736_, 21.47, 48.96, 6.15294e-05
_737_, 21.47, 48.96, 6.15294e-05
_773_, 21.47, 48.96, 6.15294e-05
_465_, 21.47, 43.52, 6.50977e-05
_483_, 21.47, 43.52, 6.50977e-05
_484_, 21.47, 43.52, 6.50977e-05
FILLER_0_12_29, 21.47, 43.52, 6.50977e-05
FILLER_0_13_40, 21.47, 43.52, 6.50977e-05
FILLER_0_13_48, 21.47, 43.52, 6.50977e-05
_447_, 21.47, 38.08, 7.74589e-05
_751_, 21.47, 38.08, 7.74589e-05
FILLER_0_10_41, 21.47, 38.08, 7.74589e-05
FILLER_0_11_39, 21.47, 38.08, 7.74589e-05
_758_, 21.47, 32.64, 7.70427e-05
FILLER_0_9_35, 21.47, 32.64, 7.70427e-05
_744_, 21.47, 27.2, 8.07512e-05
_748_, 21.47, 27.2, 8.07512e-05
_765_, 21.47, 27.2, 8.07512e-05
FILLER_0_5_29, 21.47, 27.2, 8.07512e-05
FILLER_0_6_36, 21.47, 27.2, 8.07512e-05
FILLER_0_6_43, 21.47, 27.2, 8.07512e-05
FILLER_0_7_40, 21.47, 27.2, 8.07512e-05
_729_, 21.47, 21.76, 8.17984e-05
_764_, 21.47, 21.76, 8.17984e-05
_767_, 21.47, 21.76, 8.17984e-05
_768_, 21.47, 21.76, 8.17984e-05
FILLER_0_4_29, 21.47, 21.76, 8.17984e-05
_721_, 21.47, 10.88, 9.59771e-05
input2, 21.47, 10.88, 9.59771e-05
FILLER_0_0_41, 21.47, 10.88, 9.59771e-05
FILLER_0_1_45, 21.47, 10.88, 9.59771e-05
PHY_70, 5.52, 108.8, 0.000122392
PHY_72, 5.52, 108.8, 0.000122392
output51, 5.52, 108.8, 0.000122392
PHY_71, 106.72, 108.8, 0.00011988
PHY_73, 106.72, 108.8, 0.00011988
input27, 106.72, 108.8, 0.00011988
output46, 106.72, 108.8, 0.00011988
input5, 13.495, 108.8, 0.000116936
input14, 13.495, 108.8, 0.000116936
FILLER_0_36_12, 13.495, 108.8, 0.000116936
FILLER_0_36_21, 13.495, 108.8, 0.000116936
_463_, 34.12, 108.8, 0.000111125
output48, 34.12, 108.8, 0.000111125
FILLER_0_35_52, 34.12, 108.8, 0.000111125
output38, 59.42, 108.8, 0.000108768
FILLER_0_36_106, 59.42, 108.8, 0.000108768
_528_, 84.72, 108.8, 0.000111701
_532_, 84.72, 108.8, 0.000111701
input30, 84.72, 108.8, 0.000111701
FILLER_0_35_159, 84.72, 108.8, 0.000111701
FILLER_0_35_169, 84.72, 108.8, 0.000111701
FILLER_0_36_161, 84.72, 108.8, 0.000111701
PHY_66, 5.52, 103.36, 0.000102018
PHY_68, 5.52, 103.36, 0.000102018
input8, 5.52, 103.36, 0.000102018
input20, 5.52, 103.36, 0.000102018
PHY_67, 106.72, 103.36, 0.0001053
PHY_69, 106.72, 103.36, 0.0001053
input34, 106.72, 103.36, 0.0001053
FILLER_0_33_15, 13.495, 103.36, 9.94722e-05
FILLER_0_34_24, 13.495, 103.36, 9.94722e-05
_458_, 34.12, 103.36, 9.97815e-05
_460_, 34.12, 103.36, 9.97815e-05
_461_, 34.12, 103.36, 9.97815e-05
FILLER_0_33_57, 34.12, 103.36, 9.97815e-05
FILLER_0_34_58, 34.12, 103.36, 9.97815e-05
_512_, 59.42, 103.36, 0.000105497
_593_, 59.42, 103.36, 0.000105497
FILLER_0_33_108, 59.42, 103.36, 0.000105497
FILLER_0_34_119, 59.42, 103.36, 0.000105497
_529_, 84.72, 103.36, 0.000107506
_530_, 84.72, 103.36, 0.000107506
_531_, 84.72, 103.36, 0.000107506
_555_, 84.72, 103.36, 0.000107506
rebuffer7, 84.72, 103.36, 0.000107506
FILLER_0_34_171, 84.72, 103.36, 0.000107506
FILLER_0_35_178, 84.72, 103.36, 0.000107506
PHY_62, 5.52, 97.92, 9.52259e-05
PHY_64, 5.52, 97.92, 9.52259e-05
PHY_63, 106.72, 97.92, 9.79952e-05
PHY_65, 106.72, 97.92, 9.79952e-05
FILLER_0_31_213, 106.72, 97.92, 9.79952e-05
FILLER_0_32_214, 106.72, 97.92, 9.79952e-05
_462_, 13.495, 97.92, 9.52259e-05
_470_, 13.495, 97.92, 9.52259e-05
FILLER_0_32_15, 13.495, 97.92, 9.52259e-05
FILLER_0_32_22, 13.495, 97.92, 9.52259e-05
_457_, 34.12, 97.92, 9.82221e-05
_469_, 34.12, 97.92, 9.82221e-05
_596_, 34.12, 97.92, 9.82221e-05
_804_, 34.12, 97.92, 9.82221e-05
_806_, 34.12, 97.92, 9.82221e-05
FILLER_0_31_52, 34.12, 97.92, 9.82221e-05
FILLER_0_32_56, 34.12, 97.92, 9.82221e-05
FILLER_0_32_75, 34.12, 97.92, 9.82221e-05
FILLER_0_33_72, 34.12, 97.92, 9.82221e-05
_487_, 59.42, 97.92, 9.89347e-05
FILLER_0_32_120, 59.42, 97.92, 9.89347e-05
_423_, 84.72, 97.92, 0.000101143
_516_, 84.72, 97.92, 0.000101143
_533_, 84.72, 97.92, 0.000101143
FILLER_0_31_163, 84.72, 97.92, 0.000101143
FILLER_0_32_162, 84.72, 97.92, 0.000101143
FILLER_0_32_176, 84.72, 97.92, 0.000101143
PHY_58, 5.52, 92.48, 9.9954e-05
PHY_60, 5.52, 92.48, 9.9954e-05
input16, 5.52, 92.48, 9.9954e-05
PHY_59, 106.72, 92.48, 9.6344e-05
PHY_61, 106.72, 92.48, 9.6344e-05
FILLER_0_29_213, 106.72, 92.48, 9.6344e-05
_794_, 13.495, 92.48, 9.84175e-05
_796_, 13.495, 92.48, 9.84175e-05
_810_, 13.495, 92.48, 9.84175e-05
_508_, 34.12, 92.48, 9.76185e-05
_805_, 34.12, 92.48, 9.76185e-05
_818_, 34.12, 92.48, 9.76185e-05
_819_, 34.12, 92.48, 9.76185e-05
_820_, 34.12, 92.48, 9.76185e-05
FILLER_0_29_53, 34.12, 92.48, 9.76185e-05
FILLER_0_29_57, 34.12, 92.48, 9.76185e-05
FILLER_0_30_55, 34.12, 92.48, 9.76185e-05
_511_, 59.42, 92.48, 9.85469e-05
_623_, 59.42, 92.48, 9.85469e-05
_658_, 59.42, 92.48, 9.85469e-05
FILLER_0_30_124, 59.42, 92.48, 9.85469e-05
FILLER_0_31_125, 59.42, 92.48, 9.85469e-05
_437_, 84.72, 92.48, 9.93559e-05
_489_, 84.72, 92.48, 9.93559e-05
_548_, 84.72, 92.48, 9.93559e-05
rebuffer2, 84.72, 92.48, 9.93559e-05
FILLER_0_29_169, 84.72, 92.48, 9.93559e-05
FILLER_0_30_182, 84.72, 92.48, 9.93559e-05
_795_, 5.52, 87.04, 8.79834e-05
PHY_54, 5.52, 87.04, 8.79834e-05
PHY_56, 5.52, 87.04, 8.79834e-05
FILLER_0_29_3, 5.52, 87.04, 8.79834e-05
PHY_55, 106.72, 87.04, 0.000104323
PHY_57, 106.72, 87.04, 0.000104323
input23, 106.72, 87.04, 0.000104323
FILLER_0_28_212, 106.72, 87.04, 0.000104323
_809_, 13.495, 87.04, 8.7214e-05
FILLER_0_27_57, 34.12, 87.04, 8.69158e-05
_568_, 59.42, 87.04, 9.3637e-05
_569_, 59.42, 87.04, 9.3637e-05
_660_, 59.42, 87.04, 9.3637e-05
FILLER_0_27_104, 59.42, 87.04, 9.3637e-05
FILLER_0_28_110, 59.42, 87.04, 9.3637e-05
_556_, 84.72, 87.04, 0.000100411
_558_, 84.72, 87.04, 0.000100411
_559_, 84.72, 87.04, 0.000100411
_560_, 84.72, 87.04, 0.000100411
_561_, 84.72, 87.04, 0.000100411
FILLER_0_27_159, 84.72, 87.04, 0.000100411
PHY_50, 5.52, 81.6, 0.000110778
PHY_52, 5.52, 81.6, 0.000110778
output42, 5.52, 81.6, 0.000110778
PHY_51, 106.72, 81.6, 9.24552e-05
PHY_53, 106.72, 81.6, 9.24552e-05
_780_, 13.495, 81.6, 0.000104872
_781_, 13.495, 81.6, 0.000104872
_797_, 13.495, 81.6, 0.000104872
_657_, 34.12, 81.6, 9.86178e-05
_807_, 34.12, 81.6, 9.86178e-05
_808_, 34.12, 81.6, 9.86178e-05
_821_, 34.12, 81.6, 9.86178e-05
_822_, 34.12, 81.6, 9.86178e-05
FILLER_0_25_49, 34.12, 81.6, 9.86178e-05
FILLER_0_26_50, 34.12, 81.6, 9.86178e-05
FILLER_0_27_75, 34.12, 81.6, 9.86178e-05
_624_, 59.42, 81.6, 9.45447e-05
_625_, 59.42, 81.6, 9.45447e-05
_626_, 59.42, 81.6, 9.45447e-05
_659_, 59.42, 81.6, 9.45447e-05
_661_, 59.42, 81.6, 9.45447e-05
FILLER_0_25_105, 59.42, 81.6, 9.45447e-05
FILLER_0_26_115, 59.42, 81.6, 9.45447e-05
FILLER_0_26_124, 59.42, 81.6, 9.45447e-05
_503_, 84.72, 81.6, 9.55716e-05
_564_, 84.72, 81.6, 9.55716e-05
_578_, 84.72, 81.6, 9.55716e-05
_579_, 84.72, 81.6, 9.55716e-05
FILLER_0_27_181, 84.72, 81.6, 9.55716e-05
_779_, 5.52, 76.16, 8.64156e-05
PHY_46, 5.52, 76.16, 8.64156e-05
PHY_48, 5.52, 76.16, 8.64156e-05
PHY_47, 106.72, 76.16, 0.000105374
PHY_49, 106.72, 76.16, 0.000105374
output36, 106.72, 76.16, 0.000105374
FILLER_0_23_211, 106.72, 76.16, 0.000105374
_782_, 13.495, 76.16, 8.59593e-05
_792_, 13.495, 76.16, 8.59593e-05
_793_, 13.495, 76.16, 8.59593e-05
FILLER_0_24_15, 13.495, 76.16, 8.59593e-05
_803_, 34.12, 76.16, 8.26333e-05
FILLER_0_23_57, 34.12, 76.16, 8.26333e-05
FILLER_0_24_51, 34.12, 76.16, 8.26333e-05
FILLER_0_24_59, 34.12, 76.16, 8.26333e-05
_684_, 59.42, 76.16, 8.54107e-05
_565_, 84.72, 76.16, 9.53184e-05
_604_, 84.72, 76.16, 9.53184e-05
_665_, 84.72, 76.16, 9.53184e-05
FILLER_0_24_165, 84.72, 76.16, 9.53184e-05
FILLER_0_25_177, 84.72, 76.16, 9.53184e-05
_778_, 5.52, 70.72, 8.44622e-05
PHY_42, 5.52, 70.72, 8.44622e-05
PHY_44, 5.52, 70.72, 8.44622e-05
input1, 5.52, 70.72, 8.44622e-05
FILLER_0_22_3, 5.52, 70.72, 8.44622e-05
PHY_43, 106.72, 70.72, 8.73282e-05
PHY_45, 106.72, 70.72, 8.73282e-05
_761_, 13.495, 70.72, 8.28113e-05
_777_, 13.495, 70.72, 8.28113e-05
FILLER_0_21_10, 13.495, 70.72, 8.28113e-05
FILLER_0_22_12, 13.495, 70.72, 8.28113e-05
_801_, 34.12, 70.72, 8.08577e-05
_802_, 34.12, 70.72, 8.08577e-05
_815_, 34.12, 70.72, 8.08577e-05
_816_, 34.12, 70.72, 8.08577e-05
_817_, 34.12, 70.72, 8.08577e-05
FILLER_0_21_57, 34.12, 70.72, 8.08577e-05
_518_, 59.42, 70.72, 8.53519e-05
_605_, 59.42, 70.72, 8.53519e-05
_666_, 59.42, 70.72, 8.53519e-05
_741_, 59.42, 70.72, 8.53519e-05
FILLER_0_21_109, 59.42, 70.72, 8.53519e-05
FILLER_0_22_129, 59.42, 70.72, 8.53519e-05
FILLER_0_23_123, 59.42, 70.72, 8.53519e-05
_424_, 84.72, 70.72, 8.86885e-05
_430_, 84.72, 70.72, 8.86885e-05
_438_, 84.72, 70.72, 8.86885e-05
FILLER_0_21_165, 84.72, 70.72, 8.86885e-05
FILLER_0_22_159, 84.72, 70.72, 8.86885e-05
_760_, 5.52, 65.28, 7.808e-05
PHY_38, 5.52, 65.28, 7.808e-05
PHY_40, 5.52, 65.28, 7.808e-05
input22, 5.52, 65.28, 7.808e-05
FILLER_0_20_7, 5.52, 65.28, 7.808e-05
_575_, 106.72, 65.28, 8.31702e-05
PHY_39, 106.72, 65.28, 8.31702e-05
PHY_41, 106.72, 65.28, 8.31702e-05
_762_, 13.495, 65.28, 7.65145e-05
_783_, 13.495, 65.28, 7.65145e-05
FILLER_0_20_23, 13.495, 65.28, 7.65145e-05
_739_, 34.12, 65.28, 7.25892e-05
_742_, 34.12, 65.28, 7.25892e-05
_756_, 34.12, 65.28, 7.25892e-05
FILLER_0_19_51, 34.12, 65.28, 7.25892e-05
FILLER_0_21_69, 34.12, 65.28, 7.25892e-05
FILLER_0_19_113, 59.42, 65.28, 7.34742e-05
_431_, 84.72, 65.28, 8.13335e-05
_446_, 84.72, 65.28, 8.13335e-05
_499_, 84.72, 65.28, 8.13335e-05
_500_, 84.72, 65.28, 8.13335e-05
FILLER_0_19_165, 84.72, 65.28, 8.13335e-05
PHY_34, 5.52, 59.84, 7.00063e-05
PHY_36, 5.52, 59.84, 7.00063e-05
_427_, 106.72, 59.84, 8.20949e-05
PHY_35, 106.72, 59.84, 8.20949e-05
PHY_37, 106.72, 59.84, 8.20949e-05
_784_, 13.495, 59.84, 7.00063e-05
_786_, 13.495, 59.84, 7.00063e-05
_787_, 13.495, 59.84, 7.00063e-05
FILLER_0_18_24, 13.495, 59.84, 7.00063e-05
_539_, 34.12, 59.84, 7.12614e-05
_740_, 34.12, 59.84, 7.12614e-05
FILLER_0_18_49, 34.12, 59.84, 7.12614e-05
FILLER_0_18_73, 34.12, 59.84, 7.12614e-05
_535_, 59.42, 59.84, 7.80331e-05
_538_, 59.42, 59.84, 7.80331e-05
_543_, 59.42, 59.84, 7.80331e-05
_635_, 59.42, 59.84, 7.80331e-05
_636_, 59.42, 59.84, 7.80331e-05
FILLER_0_18_110, 59.42, 59.84, 7.80331e-05
FILLER_0_19_121, 59.42, 59.84, 7.80331e-05
_486_, 84.72, 59.84, 7.96806e-05
_502_, 84.72, 59.84, 7.96806e-05
_550_, 84.72, 59.84, 7.96806e-05
FILLER_0_18_162, 84.72, 59.84, 7.96806e-05
_759_, 5.52, 54.4, 7.05363e-05
PHY_30, 5.52, 54.4, 7.05363e-05
PHY_32, 5.52, 54.4, 7.05363e-05
input21, 5.52, 54.4, 7.05363e-05
FILLER_0_17_3, 5.52, 54.4, 7.05363e-05
PHY_31, 106.72, 54.4, 7.83636e-05
PHY_33, 106.72, 54.4, 7.83636e-05
_785_, 13.495, 54.4, 6.91896e-05
_791_, 13.495, 54.4, 6.91896e-05
_714_, 34.12, 54.4, 6.33227e-05
_789_, 34.12, 54.4, 6.33227e-05
FILLER_0_15_57, 34.12, 54.4, 6.33227e-05
FILLER_0_17_69, 34.12, 54.4, 6.33227e-05
_774_, 59.42, 54.4, 6.61796e-05
FILLER_0_16_129, 59.42, 54.4, 6.61796e-05
_490_, 84.72, 54.4, 7.78242e-05
_522_, 84.72, 54.4, 7.78242e-05
_551_, 84.72, 54.4, 7.78242e-05
_620_, 84.72, 54.4, 7.78242e-05
FILLER_0_15_169, 84.72, 54.4, 7.78242e-05
PHY_26, 5.52, 48.96, 6.19631e-05
PHY_28, 5.52, 48.96, 6.19631e-05
PHY_27, 106.72, 48.96, 7.3901e-05
PHY_29, 106.72, 48.96, 7.3901e-05
FILLER_0_13_211, 106.72, 48.96, 7.3901e-05
_451_, 13.495, 48.96, 6.1963e-05
FILLER_0_13_10, 13.495, 48.96, 6.1963e-05
_828_, 34.12, 48.96, 6.01739e-05
_829_, 34.12, 48.96, 6.01739e-05
_549_, 59.42, 48.96, 6.25062e-05
_701_, 59.42, 48.96, 6.25062e-05
FILLER_0_13_113, 59.42, 48.96, 6.25062e-05
FILLER_0_14_105, 59.42, 48.96, 6.25062e-05
FILLER_0_14_117, 59.42, 48.96, 6.25062e-05
_621_, 84.72, 48.96, 7.13221e-05
FILLER_0_13_169, 84.72, 48.96, 7.13221e-05
_455_, 5.52, 43.52, 6.90315e-05
_480_, 5.52, 43.52, 6.90315e-05
PHY_22, 5.52, 43.52, 6.90315e-05
PHY_24, 5.52, 43.52, 6.90315e-05
FILLER_0_12_3, 5.52, 43.52, 6.90315e-05
PHY_23, 106.72, 43.52, 8.23953e-05
PHY_25, 106.72, 43.52, 8.23953e-05
FILLER_0_12_214, 106.72, 43.52, 8.23953e-05
_450_, 13.495, 43.52, 6.80326e-05
_477_, 13.495, 43.52, 6.80326e-05
_481_, 13.495, 43.52, 6.80326e-05
_482_, 13.495, 43.52, 6.80326e-05
FILLER_0_11_9, 13.495, 43.52, 6.80326e-05
FILLER_0_12_13, 13.495, 43.52, 6.80326e-05
FILLER_0_12_24, 13.495, 43.52, 6.80326e-05
_449_, 34.12, 43.52, 6.4391e-05
_705_, 34.12, 43.52, 6.4391e-05
_738_, 34.12, 43.52, 6.4391e-05
_827_, 34.12, 43.52, 6.4391e-05
_506_, 59.42, 43.52, 6.8071e-05
_637_, 59.42, 43.52, 6.8071e-05
_638_, 59.42, 43.52, 6.8071e-05
FILLER_0_11_113, 59.42, 43.52, 6.8071e-05
FILLER_0_12_126, 59.42, 43.52, 6.8071e-05
_441_, 84.72, 43.52, 7.94478e-05
_466_, 84.72, 43.52, 7.94478e-05
_627_, 84.72, 43.52, 7.94478e-05
FILLER_0_11_160, 84.72, 43.52, 7.94478e-05
FILLER_0_11_169, 84.72, 43.52, 7.94478e-05
FILLER_0_12_168, 84.72, 43.52, 7.94478e-05
FILLER_0_12_182, 84.72, 43.52, 7.94478e-05
PHY_18, 5.52, 38.08, 9.02906e-05
PHY_20, 5.52, 38.08, 9.02906e-05
output50, 5.52, 38.08, 9.02906e-05
PHY_19, 106.72, 38.08, 8.81141e-05
PHY_21, 106.72, 38.08, 8.81141e-05
output39, 106.72, 38.08, 8.81141e-05
_452_, 13.495, 38.08, 8.585e-05
_453_, 13.495, 38.08, 8.585e-05
_454_, 13.495, 38.08, 8.585e-05
_476_, 13.495, 38.08, 8.585e-05
_479_, 13.495, 38.08, 8.585e-05
_704_, 34.12, 38.08, 7.85017e-05
_713_, 34.12, 38.08, 7.85017e-05
_725_, 34.12, 38.08, 7.85017e-05
FILLER_0_9_52, 34.12, 38.08, 7.85017e-05
FILLER_0_10_58, 34.12, 38.08, 7.85017e-05
_645_, 59.42, 38.08, 8.09769e-05
_672_, 59.42, 38.08, 8.09769e-05
_673_, 59.42, 38.08, 8.09769e-05
_688_, 59.42, 38.08, 8.09769e-05
FILLER_0_9_105, 59.42, 38.08, 8.09769e-05
FILLER_0_10_130, 59.42, 38.08, 8.09769e-05
_445_, 84.72, 38.08, 8.34289e-05
_642_, 84.72, 38.08, 8.34289e-05
_643_, 84.72, 38.08, 8.34289e-05
max_cap53, 84.72, 38.08, 8.34289e-05
FILLER_0_9_163, 84.72, 38.08, 8.34289e-05
FILLER_0_9_169, 84.72, 38.08, 8.34289e-05
FILLER_0_10_171, 84.72, 38.08, 8.34289e-05
PHY_14, 5.52, 32.64, 8.09677e-05
PHY_16, 5.52, 32.64, 8.09677e-05
input3, 5.52, 32.64, 8.09677e-05
FILLER_0_9_7, 5.52, 32.64, 8.09677e-05
PHY_15, 106.72, 32.64, 8.1635e-05
PHY_17, 106.72, 32.64, 8.1635e-05
FILLER_0_7_214, 106.72, 32.64, 8.1635e-05
FILLER_0_8_214, 106.72, 32.64, 8.1635e-05
_750_, 13.495, 32.64, 7.95809e-05
_752_, 13.495, 32.64, 7.95809e-05
FILLER_0_8_15, 13.495, 32.64, 7.95809e-05
_711_, 34.12, 32.64, 7.87634e-05
_712_, 34.12, 32.64, 7.87634e-05
_743_, 34.12, 32.64, 7.87634e-05
_749_, 34.12, 32.64, 7.87634e-05
FILLER_0_7_57, 34.12, 32.64, 7.87634e-05
FILLER_0_8_53, 34.12, 32.64, 7.87634e-05
_667_, 59.42, 32.64, 7.70801e-05
_685_, 59.42, 32.64, 7.70801e-05
_687_, 59.42, 32.64, 7.70801e-05
FILLER_0_7_109, 59.42, 32.64, 7.70801e-05
FILLER_0_7_113, 59.42, 32.64, 7.70801e-05
FILLER_0_8_130, 59.42, 32.64, 7.70801e-05
FILLER_0_9_120, 59.42, 32.64, 7.70801e-05
_439_, 84.72, 32.64, 8.16188e-05
_440_, 84.72, 32.64, 8.16188e-05
_527_, 84.72, 32.64, 8.16188e-05
_641_, 84.72, 32.64, 8.16188e-05
rebuffer4, 84.72, 32.64, 8.16188e-05
FILLER_0_7_159, 84.72, 32.64, 8.16188e-05
FILLER_0_7_169, 84.72, 32.64, 8.16188e-05
FILLER_0_8_175, 84.72, 32.64, 8.16188e-05
_746_, 5.52, 27.2, 8.84826e-05
PHY_10, 5.52, 27.2, 8.84826e-05
PHY_12, 5.52, 27.2, 8.84826e-05
input33, 5.52, 27.2, 8.84826e-05
PHY_11, 106.72, 27.2, 8.99392e-05
PHY_13, 106.72, 27.2, 8.99392e-05
input15, 106.72, 27.2, 8.99392e-05
_747_, 13.495, 27.2, 8.51583e-05
FILLER_0_5_15, 13.495, 27.2, 8.51583e-05
FILLER_0_6_9, 13.495, 27.2, 8.51583e-05
_407_, 34.12, 27.2, 8.42091e-05
_733_, 34.12, 27.2, 8.42091e-05
_734_, 34.12, 27.2, 8.42091e-05
_735_, 34.12, 27.2, 8.42091e-05
FILLER_0_6_73, 34.12, 27.2, 8.42091e-05
_655_, 59.42, 27.2, 8.53015e-05
_656_, 59.42, 27.2, 8.53015e-05
_678_, 59.42, 27.2, 8.53015e-05
_679_, 59.42, 27.2, 8.53015e-05
_686_, 59.42, 27.2, 8.53015e-05
FILLER_0_5_104, 59.42, 27.2, 8.53015e-05
FILLER_0_6_123, 59.42, 27.2, 8.53015e-05
_444_, 84.72, 27.2, 9.20586e-05
_524_, 84.72, 27.2, 9.20586e-05
_537_, 84.72, 27.2, 9.20586e-05
_631_, 84.72, 27.2, 9.20586e-05
_651_, 84.72, 27.2, 9.20586e-05
FILLER_0_5_169, 84.72, 27.2, 9.20586e-05
FILLER_0_6_160, 84.72, 27.2, 9.20586e-05
FILLER_0_6_169, 84.72, 27.2, 9.20586e-05
PHY_6, 5.52, 21.76, 8.55574e-05
PHY_8, 5.52, 21.76, 8.55574e-05
PHY_7, 106.72, 21.76, 8.19114e-05
PHY_9, 106.72, 21.76, 8.19114e-05
FILLER_0_3_212, 106.72, 21.76, 8.19114e-05
_478_, 13.495, 21.76, 8.55574e-05
_728_, 13.495, 21.76, 8.55574e-05
_766_, 13.495, 21.76, 8.55574e-05
FILLER_0_4_15, 13.495, 21.76, 8.55574e-05
_730_, 34.12, 21.76, 7.94622e-05
FILLER_0_4_66, 34.12, 21.76, 7.94622e-05
FILLER_0_4_72, 34.12, 21.76, 7.94622e-05
FILLER_0_5_75, 34.12, 21.76, 7.94622e-05
_650_, 59.42, 21.76, 8.17063e-05
_674_, 59.42, 21.76, 8.17063e-05
_690_, 59.42, 21.76, 8.17063e-05
_694_, 59.42, 21.76, 8.17063e-05
FILLER_0_3_106, 59.42, 21.76, 8.17063e-05
_417_, 84.72, 21.76, 8.20892e-05
_418_, 84.72, 21.76, 8.20892e-05
_630_, 84.72, 21.76, 8.20892e-05
FILLER_0_3_163, 84.72, 21.76, 8.20892e-05
FILLER_0_5_177, 84.72, 21.76, 8.20892e-05
PHY_2, 5.52, 16.32, 8.26052e-05
PHY_4, 5.52, 16.32, 8.26052e-05
input24, 5.52, 16.32, 8.26052e-05
FILLER_0_2_7, 5.52, 16.32, 8.26052e-05
FILLER_0_3_3, 5.52, 16.32, 8.26052e-05
PHY_3, 106.72, 16.32, 9.46707e-05
PHY_5, 106.72, 16.32, 9.46707e-05
input13, 106.72, 16.32, 9.46707e-05
FILLER_0_1_210, 106.72, 16.32, 9.46707e-05
_727_, 13.495, 16.32, 8.10001e-05
_745_, 13.495, 16.32, 8.10001e-05
FILLER_0_2_20, 13.495, 16.32, 8.10001e-05
_698_, 34.12, 16.32, 8.13164e-05
_722_, 34.12, 16.32, 8.13164e-05
_731_, 34.12, 16.32, 8.13164e-05
_732_, 34.12, 16.32, 8.13164e-05
FILLER_0_3_69, 34.12, 16.32, 8.13164e-05
_646_, 59.42, 16.32, 8.59479e-05
_649_, 59.42, 16.32, 8.59479e-05
_691_, 59.42, 16.32, 8.59479e-05
FILLER_0_2_116, 59.42, 16.32, 8.59479e-05
_413_, 84.72, 16.32, 9.21217e-05
_415_, 84.72, 16.32, 9.21217e-05
_611_, 84.72, 16.32, 9.21217e-05
_647_, 84.72, 16.32, 9.21217e-05
FILLER_0_1_163, 84.72, 16.32, 9.21217e-05
FILLER_0_2_169, 84.72, 16.32, 9.21217e-05
FILLER_0_3_181, 84.72, 16.32, 9.21217e-05
PHY_0, 5.52, 10.88, 0.000119168
input31, 5.52, 10.88, 0.000119168
input32, 5.52, 10.88, 0.000119168
output43, 5.52, 10.88, 0.000119168
PHY_1, 106.72, 10.88, 9.01452e-05
input11, 106.72, 10.88, 9.01452e-05
output40, 13.495, 10.88, 0.000110444
FILLER_0_0_13, 13.495, 10.88, 0.000110444
output41, 34.12, 10.88, 9.53806e-05
FILLER_0_0_49, 34.12, 10.88, 9.53806e-05
_692_, 59.42, 10.88, 9.05037e-05
input12, 59.42, 10.88, 9.05037e-05
FILLER_0_0_105, 59.42, 10.88, 9.05037e-05
FILLER_0_0_113, 59.42, 10.88, 9.05037e-05
_414_, 84.72, 10.88, 9.05693e-05
input4, 84.72, 10.88, 9.05693e-05
FILLER_0_0_169, 84.72, 10.88, 9.05693e-05
FILLER_0_1_182, 84.72, 10.88, 9.05693e-05

