Instance name,  X location,  Y location,  Voltage 
FILLER_0_36_187, 94.07, 111.52, 1.79993
_420_, 94.07, 106.08, 1.79991
input7, 94.07, 106.08, 1.79991
output45, 94.07, 106.08, 1.79991
FILLER_0_34_187, 94.07, 106.08, 1.79991
_516_, 94.07, 100.64, 1.79993
_584_, 94.07, 100.64, 1.79993
FILLER_0_32_186, 94.07, 100.64, 1.79993
_585_, 94.07, 95.2, 1.79993
_586_, 94.07, 95.2, 1.79993
_609_, 94.07, 95.2, 1.79993
rebuffer2, 94.07, 95.2, 1.79993
FILLER_0_30_182, 94.07, 95.2, 1.79993
FILLER_0_31_188, 94.07, 95.2, 1.79993
FILLER_0_32_206, 94.07, 95.2, 1.79993
_558_, 94.07, 89.76, 1.79993
_561_, 94.07, 89.76, 1.79993
_562_, 94.07, 89.76, 1.79993
_587_, 94.07, 89.76, 1.79993
rebuffer3, 94.07, 89.76, 1.79993
FILLER_0_28_190, 94.07, 89.76, 1.79993
FILLER_0_29_205, 94.07, 89.76, 1.79993
FILLER_0_30_201, 94.07, 89.76, 1.79993
_563_, 94.07, 84.32, 1.79993
_564_, 94.07, 84.32, 1.79993
_590_, 94.07, 84.32, 1.79993
_591_, 94.07, 84.32, 1.79993
_614_, 94.07, 84.32, 1.79993
_615_, 94.07, 84.32, 1.79993
FILLER_0_26_190, 94.07, 84.32, 1.79993
FILLER_0_27_181, 94.07, 84.32, 1.79993
FILLER_0_28_197, 94.07, 84.32, 1.79993
_565_, 94.07, 78.88, 1.79993
_608_, 94.07, 78.88, 1.79993
_428_, 94.07, 73.44, 1.79994
_432_, 94.07, 73.44, 1.79994
_601_, 94.07, 73.44, 1.79994
_603_, 94.07, 73.44, 1.79994
_607_, 94.07, 73.44, 1.79994
_429_, 94.07, 68, 1.79993
_433_, 94.07, 68, 1.79993
_499_, 94.07, 68, 1.79993
_602_, 94.07, 68, 1.79993
FILLER_0_20_188, 94.07, 68, 1.79993
FILLER_0_21_186, 94.07, 68, 1.79993
FILLER_0_22_197, 94.07, 68, 1.79993
_436_, 94.07, 62.56, 1.79993
_576_, 94.07, 62.56, 1.79993
_577_, 94.07, 62.56, 1.79993
FILLER_0_18_192, 94.07, 62.56, 1.79993
FILLER_0_19_193, 94.07, 62.56, 1.79993
FILLER_0_20_204, 94.07, 62.56, 1.79993
_639_, 94.07, 57.12, 1.79992
FILLER_0_16_189, 94.07, 57.12, 1.79992
_426_, 94.07, 51.68, 1.79992
_640_, 94.07, 51.68, 1.79992
FILLER_0_14_186, 94.07, 51.68, 1.79992
FILLER_0_16_197, 94.07, 51.68, 1.79992
_443_, 94.07, 46.24, 1.79992
_618_, 94.07, 46.24, 1.79992
_619_, 94.07, 46.24, 1.79992
_830_, 94.07, 46.24, 1.79992
FILLER_0_12_182, 94.07, 46.24, 1.79992
FILLER_0_12_190, 94.07, 46.24, 1.79992
FILLER_0_14_197, 94.07, 46.24, 1.79992
_617_, 94.07, 40.8, 1.7999
_628_, 94.07, 40.8, 1.7999
_643_, 94.07, 40.8, 1.7999
_644_, 94.07, 40.8, 1.7999
FILLER_0_11_197, 94.07, 40.8, 1.7999
FILLER_0_12_206, 94.07, 40.8, 1.7999
_440_, 94.07, 35.36, 1.79991
_613_, 94.07, 35.36, 1.79991
_633_, 94.07, 35.36, 1.79991
_634_, 94.07, 35.36, 1.79991
_641_, 94.07, 35.36, 1.79991
rebuffer4, 94.07, 35.36, 1.79991
FILLER_0_10_197, 94.07, 35.36, 1.79991
_442_, 94.07, 29.92, 1.7999
_629_, 94.07, 29.92, 1.7999
FILLER_0_6_191, 94.07, 29.92, 1.7999
FILLER_0_7_192, 94.07, 29.92, 1.7999
_630_, 94.07, 24.48, 1.7999
_632_, 94.07, 24.48, 1.7999
_652_, 94.07, 24.48, 1.7999
_653_, 94.07, 24.48, 1.7999
FILLER_0_4_192, 94.07, 24.48, 1.7999
_610_, 94.07, 19.04, 1.7999
_611_, 94.07, 19.04, 1.7999
_612_, 94.07, 19.04, 1.7999
FILLER_0_3_181, 94.07, 19.04, 1.7999
FILLER_0_3_189, 94.07, 19.04, 1.7999
_412_, 94.07, 13.6, 1.79989
_557_, 94.07, 13.6, 1.79989
input9, 94.07, 13.6, 1.79989
input19, 94.07, 13.6, 1.79989
rebuffer5, 94.07, 13.6, 1.79989
split8, 94.07, 13.6, 1.79989
FILLER_0_1_182, 94.07, 13.6, 1.79989
FILLER_0_1_196, 94.07, 13.6, 1.79989
FILLER_0_2_200, 94.07, 13.6, 1.79989
input25, 68.77, 111.52, 1.79993
FILLER_0_36_133, 68.77, 111.52, 1.79993
_421_, 68.77, 106.08, 1.79992
_485_, 68.77, 106.08, 1.79992
FILLER_0_35_137, 68.77, 106.08, 1.79992
_422_, 68.77, 100.64, 1.79992
_487_, 68.77, 100.64, 1.79992
_515_, 68.77, 100.64, 1.79992
_571_, 68.77, 100.64, 1.79992
_514_, 68.77, 95.2, 1.79993
_517_, 68.77, 95.2, 1.79993
_572_, 68.77, 95.2, 1.79993
_623_, 68.77, 95.2, 1.79993
split1, 68.77, 95.2, 1.79993
FILLER_0_30_124, 68.77, 95.2, 1.79993
FILLER_0_30_136, 68.77, 95.2, 1.79993
FILLER_0_31_125, 68.77, 95.2, 1.79993
_513_, 68.77, 89.76, 1.79993
_573_, 68.77, 89.76, 1.79993
FILLER_0_28_134, 68.77, 89.76, 1.79993
FILLER_0_30_146, 68.77, 89.76, 1.79993
_504_, 68.77, 84.32, 1.79993
_519_, 68.77, 84.32, 1.79993
_594_, 68.77, 84.32, 1.79993
_626_, 68.77, 84.32, 1.79993
FILLER_0_26_124, 68.77, 84.32, 1.79993
FILLER_0_27_147, 68.77, 84.32, 1.79993
_521_, 68.77, 78.88, 1.79994
_592_, 68.77, 78.88, 1.79994
_599_, 68.77, 78.88, 1.79994
_600_, 68.77, 78.88, 1.79994
FILLER_0_24_135, 68.77, 78.88, 1.79994
FILLER_0_25_132, 68.77, 78.88, 1.79994
FILLER_0_25_141, 68.77, 78.88, 1.79994
_518_, 68.77, 73.44, 1.79995
_546_, 68.77, 73.44, 1.79995
_574_, 68.77, 73.44, 1.79995
_605_, 68.77, 73.44, 1.79995
_606_, 68.77, 73.44, 1.79995
FILLER_0_22_129, 68.77, 73.44, 1.79995
FILLER_0_23_132, 68.77, 73.44, 1.79995
FILLER_0_23_147, 68.77, 73.44, 1.79995
_507_, 68.77, 68, 1.79993
_581_, 68.77, 68, 1.79993
_582_, 68.77, 68, 1.79993
_583_, 68.77, 68, 1.79993
FILLER_0_20_131, 68.77, 68, 1.79993
FILLER_0_21_137, 68.77, 68, 1.79993
FILLER_0_22_147, 68.77, 68, 1.79993
_434_, 68.77, 62.56, 1.79993
_635_, 68.77, 62.56, 1.79993
FILLER_0_20_146, 68.77, 62.56, 1.79993
_536_, 68.77, 57.12, 1.79992
_553_, 68.77, 57.12, 1.79992
FILLER_0_16_129, 68.77, 57.12, 1.79992
_549_, 68.77, 51.68, 1.79992
_552_, 68.77, 51.68, 1.79992
_554_, 68.77, 51.68, 1.79992
FILLER_0_16_149, 68.77, 51.68, 1.79992
_492_, 68.77, 46.24, 1.79991
_534_, 68.77, 46.24, 1.79991
_824_, 68.77, 46.24, 1.79991
_825_, 68.77, 46.24, 1.79991
FILLER_0_12_126, 68.77, 46.24, 1.79991
FILLER_0_13_131, 68.77, 46.24, 1.79991
FILLER_0_13_147, 68.77, 46.24, 1.79991
_505_, 68.77, 40.8, 1.7999
_520_, 68.77, 40.8, 1.7999
_544_, 68.77, 40.8, 1.7999
_545_, 68.77, 40.8, 1.7999
FILLER_0_10_130, 68.77, 40.8, 1.7999
FILLER_0_11_151, 68.77, 40.8, 1.7999
FILLER_0_12_145, 68.77, 40.8, 1.7999
_497_, 68.77, 35.36, 1.79991
_498_, 68.77, 35.36, 1.79991
_685_, 68.77, 35.36, 1.79991
FILLER_0_8_130, 68.77, 35.36, 1.79991
FILLER_0_9_141, 68.77, 35.36, 1.79991
_493_, 68.77, 29.92, 1.7999
_654_, 68.77, 29.92, 1.7999
FILLER_0_6_131, 68.77, 29.92, 1.7999
FILLER_0_7_147, 68.77, 29.92, 1.7999
FILLER_0_8_141, 68.77, 29.92, 1.7999
_410_, 68.77, 24.48, 1.7999
_690_, 68.77, 24.48, 1.7999
_693_, 68.77, 24.48, 1.7999
_694_, 68.77, 24.48, 1.7999
FILLER_0_4_137, 68.77, 24.48, 1.7999
FILLER_0_5_147, 68.77, 24.48, 1.7999
_408_, 68.77, 19.04, 1.7999
_409_, 68.77, 19.04, 1.7999
_646_, 68.77, 19.04, 1.7999
_691_, 68.77, 19.04, 1.7999
FILLER_0_2_132, 68.77, 19.04, 1.7999
FILLER_0_3_135, 68.77, 19.04, 1.7999
_675_, 68.77, 13.6, 1.79989
_676_, 68.77, 13.6, 1.79989
_677_, 68.77, 13.6, 1.79989
_692_, 68.77, 13.6, 1.79989
output49, 68.77, 13.6, 1.79989
FILLER_0_0_147, 68.77, 13.6, 1.79989
FILLER_0_1_145, 68.77, 13.6, 1.79989
input26, 43.47, 111.52, 1.79993
FILLER_0_36_77, 43.47, 111.52, 1.79993
_458_, 43.47, 106.08, 1.79991
_475_, 43.47, 106.08, 1.79991
input17, 43.47, 106.08, 1.79991
FILLER_0_35_94, 43.47, 106.08, 1.79991
FILLER_0_36_85, 43.47, 106.08, 1.79991
_459_, 43.47, 100.64, 1.79992
_467_, 43.47, 100.64, 1.79992
_469_, 43.47, 100.64, 1.79992
_596_, 43.47, 100.64, 1.79992
FILLER_0_32_75, 43.47, 100.64, 1.79992
FILLER_0_33_72, 43.47, 100.64, 1.79992
FILLER_0_34_93, 43.47, 100.64, 1.79992
_805_, 43.47, 95.2, 1.79993
_509_, 43.47, 89.76, 1.79992
_566_, 43.47, 89.76, 1.79992
_595_, 43.47, 89.76, 1.79992
FILLER_0_28_77, 43.47, 89.76, 1.79992
FILLER_0_29_78, 43.47, 89.76, 1.79992
FILLER_0_30_85, 43.47, 89.76, 1.79992
_597_, 43.47, 84.32, 1.79993
_598_, 43.47, 84.32, 1.79993
_657_, 43.47, 84.32, 1.79993
_680_, 43.47, 84.32, 1.79993
_681_, 43.47, 84.32, 1.79993
_753_, 43.47, 84.32, 1.79993
_821_, 43.47, 84.32, 1.79993
FILLER_0_26_79, 43.47, 84.32, 1.79993
FILLER_0_27_75, 43.47, 84.32, 1.79993
_682_, 43.47, 78.88, 1.79993
_540_, 43.47, 73.44, 1.79993
_542_, 43.47, 73.44, 1.79993
_754_, 43.47, 73.44, 1.79993
_757_, 43.47, 73.44, 1.79993
_802_, 43.47, 73.44, 1.79993
_815_, 43.47, 73.44, 1.79993
FILLER_0_24_85, 43.47, 73.44, 1.79993
_663_, 43.47, 68, 1.79993
_739_, 43.47, 68, 1.79993
_756_, 43.47, 68, 1.79993
FILLER_0_20_80, 43.47, 68, 1.79993
FILLER_0_21_69, 43.47, 68, 1.79993
FILLER_0_21_82, 43.47, 68, 1.79993
_539_, 43.47, 62.56, 1.79992
_683_, 43.47, 62.56, 1.79992
FILLER_0_18_73, 43.47, 62.56, 1.79992
FILLER_0_18_81, 43.47, 62.56, 1.79992
_662_, 43.47, 57.12, 1.79991
_708_, 43.47, 57.12, 1.79991
_789_, 43.47, 57.12, 1.79991
FILLER_0_16_80, 43.47, 57.12, 1.79991
FILLER_0_17_69, 43.47, 57.12, 1.79991
_700_, 43.47, 51.68, 1.79991
_715_, 43.47, 51.68, 1.79991
_790_, 43.47, 51.68, 1.79991
FILLER_0_14_76, 43.47, 51.68, 1.79991
_716_, 43.47, 46.24, 1.79991
_738_, 43.47, 46.24, 1.79991
FILLER_0_13_77, 43.47, 46.24, 1.79991
_706_, 43.47, 40.8, 1.7999
_717_, 43.47, 40.8, 1.7999
_725_, 43.47, 40.8, 1.7999
_826_, 43.47, 40.8, 1.7999
FILLER_0_10_81, 43.47, 40.8, 1.7999
FILLER_0_12_85, 43.47, 40.8, 1.7999
_707_, 43.47, 35.36, 1.7999
_710_, 43.47, 35.36, 1.7999
_711_, 43.47, 35.36, 1.7999
_668_, 43.47, 29.92, 1.7999
_670_, 43.47, 29.92, 1.7999
FILLER_0_6_73, 43.47, 29.92, 1.7999
FILLER_0_6_81, 43.47, 29.92, 1.7999
FILLER_0_7_83, 43.47, 29.92, 1.7999
FILLER_0_8_85, 43.47, 29.92, 1.7999
_699_, 43.47, 24.48, 1.7999
_719_, 43.47, 24.48, 1.7999
_723_, 43.47, 24.48, 1.7999
_730_, 43.47, 24.48, 1.7999
FILLER_0_4_72, 43.47, 24.48, 1.7999
FILLER_0_5_75, 43.47, 24.48, 1.7999
_718_, 43.47, 19.04, 1.7999
_724_, 43.47, 19.04, 1.7999
FILLER_0_3_69, 43.47, 19.04, 1.7999
_695_, 43.47, 13.6, 1.79988
_696_, 43.47, 13.6, 1.79988
_697_, 43.47, 13.6, 1.79988
_720_, 43.47, 13.6, 1.79988
input35, 43.47, 13.6, 1.79988
FILLER_0_0_77, 43.47, 13.6, 1.79988
input14, 18.17, 111.52, 1.79992
FILLER_0_36_21, 18.17, 111.52, 1.79992
output47, 18.17, 106.08, 1.79991
FILLER_0_34_24, 18.17, 106.08, 1.79991
FILLER_0_36_29, 18.17, 106.08, 1.79991
_462_, 18.17, 100.64, 1.79992
_470_, 18.17, 100.64, 1.79992
_471_, 18.17, 100.64, 1.79992
_472_, 18.17, 100.64, 1.79992
_473_, 18.17, 100.64, 1.79992
FILLER_0_32_15, 18.17, 100.64, 1.79992
FILLER_0_32_22, 18.17, 100.64, 1.79992
FILLER_0_33_15, 18.17, 100.64, 1.79992
FILLER_0_33_30, 18.17, 100.64, 1.79992
FILLER_0_33_38, 18.17, 100.64, 1.79992
FILLER_0_34_29, 18.17, 100.64, 1.79992
FILLER_0_34_37, 18.17, 100.64, 1.79992
_464_, 18.17, 95.2, 1.79992
FILLER_0_31_39, 18.17, 95.2, 1.79992
FILLER_0_32_29, 18.17, 95.2, 1.79992
_495_, 18.17, 89.76, 1.79992
_796_, 18.17, 89.76, 1.79992
_809_, 18.17, 89.76, 1.79992
_811_, 18.17, 89.76, 1.79992
FILLER_0_30_36, 18.17, 89.76, 1.79992
_797_, 18.17, 84.32, 1.79992
_812_, 18.17, 84.32, 1.79992
_813_, 18.17, 84.32, 1.79992
FILLER_0_27_27, 18.17, 84.32, 1.79992
_781_, 18.17, 78.88, 1.79991
_782_, 18.17, 78.88, 1.79991
_792_, 18.17, 78.88, 1.79991
_793_, 18.17, 78.88, 1.79991
_798_, 18.17, 78.88, 1.79991
_799_, 18.17, 78.88, 1.79991
_823_, 18.17, 78.88, 1.79991
FILLER_0_24_15, 18.17, 78.88, 1.79991
FILLER_0_26_37, 18.17, 78.88, 1.79991
_761_, 18.17, 73.44, 1.79993
_769_, 18.17, 73.44, 1.79993
_777_, 18.17, 73.44, 1.79993
FILLER_0_24_37, 18.17, 73.44, 1.79993
_762_, 18.17, 68, 1.79992
_763_, 18.17, 68, 1.79992
_783_, 18.17, 68, 1.79992
_814_, 18.17, 68, 1.79992
FILLER_0_20_23, 18.17, 68, 1.79992
FILLER_0_22_32, 18.17, 68, 1.79992
_784_, 18.17, 62.56, 1.79992
_787_, 18.17, 62.56, 1.79992
_800_, 18.17, 62.56, 1.79992
FILLER_0_18_24, 18.17, 62.56, 1.79992
FILLER_0_20_29, 18.17, 62.56, 1.79992
_785_, 18.17, 57.12, 1.79991
_788_, 18.17, 57.12, 1.79991
_791_, 18.17, 57.12, 1.79991
FILLER_0_17_29, 18.17, 57.12, 1.79991
FILLER_0_18_41, 18.17, 57.12, 1.79991
_773_, 18.17, 51.68, 1.79991
FILLER_0_15_27, 18.17, 51.68, 1.79991
FILLER_0_16_41, 18.17, 51.68, 1.79991
_450_, 18.17, 46.24, 1.79991
_451_, 18.17, 46.24, 1.79991
_477_, 18.17, 46.24, 1.79991
_481_, 18.17, 46.24, 1.79991
_484_, 18.17, 46.24, 1.79991
_736_, 18.17, 46.24, 1.79991
_737_, 18.17, 46.24, 1.79991
FILLER_0_12_24, 18.17, 46.24, 1.79991
FILLER_0_13_40, 18.17, 46.24, 1.79991
_453_, 18.17, 40.8, 1.7999
_454_, 18.17, 40.8, 1.7999
_465_, 18.17, 40.8, 1.7999
_476_, 18.17, 40.8, 1.7999
_482_, 18.17, 40.8, 1.7999
_483_, 18.17, 40.8, 1.7999
FILLER_0_11_39, 18.17, 40.8, 1.7999
FILLER_0_12_29, 18.17, 40.8, 1.7999
_479_, 18.17, 35.36, 1.7999
_750_, 18.17, 35.36, 1.7999
_751_, 18.17, 35.36, 1.7999
_752_, 18.17, 35.36, 1.7999
FILLER_0_8_15, 18.17, 35.36, 1.7999
FILLER_0_9_35, 18.17, 35.36, 1.7999
FILLER_0_10_41, 18.17, 35.36, 1.7999
_747_, 18.17, 29.92, 1.7999
FILLER_0_7_40, 18.17, 29.92, 1.7999
_478_, 18.17, 24.48, 1.79989
_744_, 18.17, 24.48, 1.79989
_765_, 18.17, 24.48, 1.79989
_766_, 18.17, 24.48, 1.79989
_768_, 18.17, 24.48, 1.79989
FILLER_0_4_15, 18.17, 24.48, 1.79989
FILLER_0_5_15, 18.17, 24.48, 1.79989
FILLER_0_5_29, 18.17, 24.48, 1.79989
FILLER_0_6_36, 18.17, 24.48, 1.79989
_727_, 18.17, 19.04, 1.7999
_729_, 18.17, 19.04, 1.7999
_767_, 18.17, 19.04, 1.7999
FILLER_0_2_20, 18.17, 19.04, 1.7999
FILLER_0_4_29, 18.17, 19.04, 1.7999
output40, 18.17, 13.6, 1.79988
FILLER_0_0_41, 18.17, 13.6, 1.79988
PHY_72, 5.52, 111.52, 1.79992
PHY_73, 106.72, 111.52, 1.79992
output46, 106.72, 111.52, 1.79992
FILLER_0_36_106, 56.12, 111.52, 1.79993
input10, 81.42, 111.52, 1.79993
FILLER_0_36_153, 81.42, 111.52, 1.79993
FILLER_0_36_161, 81.42, 111.52, 1.79993
PHY_68, 5.52, 106.08, 1.79989
PHY_70, 5.52, 106.08, 1.79989
input5, 5.52, 106.08, 1.79989
input8, 5.52, 106.08, 1.79989
output51, 5.52, 106.08, 1.79989
FILLER_0_36_12, 5.52, 106.08, 1.79989
PHY_69, 106.72, 106.08, 1.79991
PHY_71, 106.72, 106.08, 1.79991
input27, 106.72, 106.08, 1.79991
input34, 106.72, 106.08, 1.79991
_463_, 30.82, 106.08, 1.7999
_468_, 30.82, 106.08, 1.7999
_474_, 30.82, 106.08, 1.7999
output48, 30.82, 106.08, 1.7999
FILLER_0_35_52, 30.82, 106.08, 1.7999
_567_, 56.12, 106.08, 1.79991
_570_, 56.12, 106.08, 1.79991
output38, 56.12, 106.08, 1.79991
_419_, 81.42, 106.08, 1.79991
_528_, 81.42, 106.08, 1.79991
_530_, 81.42, 106.08, 1.79991
_532_, 81.42, 106.08, 1.79991
input30, 81.42, 106.08, 1.79991
FILLER_0_35_159, 81.42, 106.08, 1.79991
FILLER_0_35_169, 81.42, 106.08, 1.79991
FILLER_0_35_178, 81.42, 106.08, 1.79991
PHY_64, 5.52, 100.64, 1.79991
PHY_66, 5.52, 100.64, 1.79991
input20, 5.52, 100.64, 1.79991
PHY_65, 106.72, 100.64, 1.79993
PHY_67, 106.72, 100.64, 1.79993
FILLER_0_32_214, 106.72, 100.64, 1.79993
FILLER_0_33_207, 106.72, 100.64, 1.79993
_456_, 30.82, 100.64, 1.79992
_457_, 30.82, 100.64, 1.79992
_460_, 30.82, 100.64, 1.79992
_461_, 30.82, 100.64, 1.79992
_804_, 30.82, 100.64, 1.79992
FILLER_0_33_48, 30.82, 100.64, 1.79992
FILLER_0_33_57, 30.82, 100.64, 1.79992
FILLER_0_34_58, 30.82, 100.64, 1.79992
_510_, 56.12, 100.64, 1.79992
_512_, 56.12, 100.64, 1.79992
_593_, 56.12, 100.64, 1.79992
FILLER_0_33_108, 56.12, 100.64, 1.79992
FILLER_0_34_119, 56.12, 100.64, 1.79992
_529_, 81.42, 100.64, 1.79992
_531_, 81.42, 100.64, 1.79992
_555_, 81.42, 100.64, 1.79992
rebuffer7, 81.42, 100.64, 1.79992
FILLER_0_32_162, 81.42, 100.64, 1.79992
FILLER_0_33_157, 81.42, 100.64, 1.79992
FILLER_0_34_171, 81.42, 100.64, 1.79992
PHY_60, 5.52, 95.2, 1.79992
PHY_62, 5.52, 95.2, 1.79992
PHY_61, 106.72, 95.2, 1.79993
PHY_63, 106.72, 95.2, 1.79993
input28, 106.72, 95.2, 1.79993
FILLER_0_31_213, 106.72, 95.2, 1.79993
_770_, 30.82, 95.2, 1.79992
_771_, 30.82, 95.2, 1.79992
_772_, 30.82, 95.2, 1.79992
_806_, 30.82, 95.2, 1.79992
FILLER_0_30_55, 30.82, 95.2, 1.79992
FILLER_0_31_52, 30.82, 95.2, 1.79992
FILLER_0_32_56, 30.82, 95.2, 1.79992
FILLER_0_32_120, 56.12, 95.2, 1.79993
_423_, 81.42, 95.2, 1.79992
_488_, 81.42, 95.2, 1.79992
_489_, 81.42, 95.2, 1.79992
_533_, 81.42, 95.2, 1.79992
_547_, 81.42, 95.2, 1.79992
FILLER_0_31_152, 81.42, 95.2, 1.79992
FILLER_0_31_163, 81.42, 95.2, 1.79992
FILLER_0_32_176, 81.42, 95.2, 1.79992
_794_, 5.52, 89.76, 1.79991
_795_, 5.52, 89.76, 1.79991
_810_, 5.52, 89.76, 1.79991
PHY_56, 5.52, 89.76, 1.79991
PHY_58, 5.52, 89.76, 1.79991
input16, 5.52, 89.76, 1.79991
FILLER_0_29_3, 5.52, 89.76, 1.79991
_588_, 106.72, 89.76, 1.79993
_589_, 106.72, 89.76, 1.79993
PHY_57, 106.72, 89.76, 1.79993
PHY_59, 106.72, 89.76, 1.79993
FILLER_0_28_212, 106.72, 89.76, 1.79993
FILLER_0_29_213, 106.72, 89.76, 1.79993
_508_, 30.82, 89.76, 1.79992
_818_, 30.82, 89.76, 1.79992
_819_, 30.82, 89.76, 1.79992
_820_, 30.82, 89.76, 1.79992
FILLER_0_29_53, 30.82, 89.76, 1.79992
FILLER_0_29_57, 30.82, 89.76, 1.79992
_511_, 56.12, 89.76, 1.79993
_658_, 56.12, 89.76, 1.79993
FILLER_0_28_110, 56.12, 89.76, 1.79993
_437_, 81.42, 89.76, 1.79993
_548_, 81.42, 89.76, 1.79993
_556_, 81.42, 89.76, 1.79993
_622_, 81.42, 89.76, 1.79993
FILLER_0_29_169, 81.42, 89.76, 1.79993
PHY_52, 5.52, 84.32, 1.79992
PHY_54, 5.52, 84.32, 1.79992
PHY_53, 106.72, 84.32, 1.79993
PHY_55, 106.72, 84.32, 1.79993
input23, 106.72, 84.32, 1.79993
FILLER_0_26_209, 106.72, 84.32, 1.79993
FILLER_0_27_209, 106.72, 84.32, 1.79993
_807_, 30.82, 84.32, 1.79992
_808_, 30.82, 84.32, 1.79992
FILLER_0_26_50, 30.82, 84.32, 1.79992
FILLER_0_27_57, 30.82, 84.32, 1.79992
_568_, 56.12, 84.32, 1.79993
_569_, 56.12, 84.32, 1.79993
_624_, 56.12, 84.32, 1.79993
_660_, 56.12, 84.32, 1.79993
_661_, 56.12, 84.32, 1.79993
FILLER_0_27_104, 56.12, 84.32, 1.79993
_559_, 81.42, 84.32, 1.79993
_560_, 81.42, 84.32, 1.79993
FILLER_0_26_157, 81.42, 84.32, 1.79993
FILLER_0_27_159, 81.42, 84.32, 1.79993
_779_, 5.52, 78.88, 1.7999
_780_, 5.52, 78.88, 1.7999
PHY_48, 5.52, 78.88, 1.7999
PHY_50, 5.52, 78.88, 1.7999
output42, 5.52, 78.88, 1.7999
PHY_49, 106.72, 78.88, 1.79992
PHY_51, 106.72, 78.88, 1.79992
output36, 106.72, 78.88, 1.79992
FILLER_0_24_207, 106.72, 78.88, 1.79992
FILLER_0_25_207, 106.72, 78.88, 1.79992
_776_, 30.82, 78.88, 1.79992
_822_, 30.82, 78.88, 1.79992
FILLER_0_24_51, 30.82, 78.88, 1.79992
FILLER_0_25_49, 30.82, 78.88, 1.79992
_541_, 56.12, 78.88, 1.79993
_625_, 56.12, 78.88, 1.79993
_659_, 56.12, 78.88, 1.79993
_775_, 56.12, 78.88, 1.79993
FILLER_0_25_105, 56.12, 78.88, 1.79993
FILLER_0_26_115, 56.12, 78.88, 1.79993
_503_, 81.42, 78.88, 1.79993
_578_, 81.42, 78.88, 1.79993
_579_, 81.42, 78.88, 1.79993
FILLER_0_24_165, 81.42, 78.88, 1.79993
FILLER_0_25_177, 81.42, 78.88, 1.79993
PHY_44, 5.52, 73.44, 1.79992
PHY_46, 5.52, 73.44, 1.79992
input1, 5.52, 73.44, 1.79992
PHY_45, 106.72, 73.44, 1.79994
PHY_47, 106.72, 73.44, 1.79994
FILLER_0_23_211, 106.72, 73.44, 1.79994
_803_, 30.82, 73.44, 1.79993
_817_, 30.82, 73.44, 1.79993
FILLER_0_23_57, 30.82, 73.44, 1.79993
FILLER_0_24_59, 30.82, 73.44, 1.79993
_684_, 56.12, 73.44, 1.79994
_702_, 56.12, 73.44, 1.79994
_741_, 56.12, 73.44, 1.79994
FILLER_0_22_97, 56.12, 73.44, 1.79994
FILLER_0_23_123, 56.12, 73.44, 1.79994
_430_, 81.42, 73.44, 1.79994
_580_, 81.42, 73.44, 1.79994
_604_, 81.42, 73.44, 1.79994
_665_, 81.42, 73.44, 1.79994
FILLER_0_22_159, 81.42, 73.44, 1.79994
_760_, 5.52, 68, 1.79992
_778_, 5.52, 68, 1.79992
PHY_40, 5.52, 68, 1.79992
PHY_42, 5.52, 68, 1.79992
FILLER_0_21_10, 5.52, 68, 1.79992
FILLER_0_22_3, 5.52, 68, 1.79992
FILLER_0_22_12, 5.52, 68, 1.79992
PHY_41, 106.72, 68, 1.79993
PHY_43, 106.72, 68, 1.79993
input29, 106.72, 68, 1.79993
FILLER_0_21_208, 106.72, 68, 1.79993
_801_, 30.82, 68, 1.79992
_816_, 30.82, 68, 1.79992
FILLER_0_21_48, 30.82, 68, 1.79992
FILLER_0_21_57, 30.82, 68, 1.79992
_664_, 56.12, 68, 1.79993
_666_, 56.12, 68, 1.79993
FILLER_0_21_109, 56.12, 68, 1.79993
_424_, 81.42, 68, 1.79993
_435_, 81.42, 68, 1.79993
_438_, 81.42, 68, 1.79993
_446_, 81.42, 68, 1.79993
_496_, 81.42, 68, 1.79993
FILLER_0_21_157, 81.42, 68, 1.79993
FILLER_0_21_165, 81.42, 68, 1.79993
PHY_36, 5.52, 62.56, 1.79992
PHY_38, 5.52, 62.56, 1.79992
input22, 5.52, 62.56, 1.79992
FILLER_0_20_7, 5.52, 62.56, 1.79992
_425_, 106.72, 62.56, 1.79993
_427_, 106.72, 62.56, 1.79993
_575_, 106.72, 62.56, 1.79993
PHY_37, 106.72, 62.56, 1.79993
PHY_39, 106.72, 62.56, 1.79993
_740_, 30.82, 62.56, 1.79992
_742_, 30.82, 62.56, 1.79992
FILLER_0_18_49, 30.82, 62.56, 1.79992
FILLER_0_19_51, 30.82, 62.56, 1.79992
_535_, 56.12, 62.56, 1.79993
FILLER_0_18_110, 56.12, 62.56, 1.79993
FILLER_0_19_113, 56.12, 62.56, 1.79993
FILLER_0_19_121, 56.12, 62.56, 1.79993
_431_, 81.42, 62.56, 1.79993
_486_, 81.42, 62.56, 1.79993
_500_, 81.42, 62.56, 1.79993
FILLER_0_18_162, 81.42, 62.56, 1.79993
FILLER_0_19_157, 81.42, 62.56, 1.79993
FILLER_0_19_165, 81.42, 62.56, 1.79993
_759_, 5.52, 57.12, 1.79991
_786_, 5.52, 57.12, 1.79991
PHY_32, 5.52, 57.12, 1.79991
PHY_34, 5.52, 57.12, 1.79991
FILLER_0_17_3, 5.52, 57.12, 1.79991
PHY_33, 106.72, 57.12, 1.79992
PHY_35, 106.72, 57.12, 1.79992
output52, 106.72, 57.12, 1.79992
_755_, 30.82, 57.12, 1.79991
_538_, 56.12, 57.12, 1.79992
_543_, 56.12, 57.12, 1.79992
_636_, 56.12, 57.12, 1.79992
_490_, 81.42, 57.12, 1.79992
_502_, 81.42, 57.12, 1.79992
_525_, 81.42, 57.12, 1.79992
_550_, 81.42, 57.12, 1.79992
_620_, 81.42, 57.12, 1.79992
FILLER_0_17_158, 81.42, 57.12, 1.79992
PHY_28, 5.52, 51.68, 1.79991
PHY_30, 5.52, 51.68, 1.79991
input21, 5.52, 51.68, 1.79991
PHY_29, 106.72, 51.68, 1.79991
PHY_31, 106.72, 51.68, 1.79991
input6, 106.72, 51.68, 1.79991
FILLER_0_15_207, 106.72, 51.68, 1.79991
_709_, 30.82, 51.68, 1.79991
_714_, 30.82, 51.68, 1.79991
FILLER_0_15_57, 30.82, 51.68, 1.79991
_701_, 56.12, 51.68, 1.79991
_774_, 56.12, 51.68, 1.79991
FILLER_0_14_97, 56.12, 51.68, 1.79991
FILLER_0_14_105, 56.12, 51.68, 1.79991
_522_, 81.42, 51.68, 1.79991
_551_, 81.42, 51.68, 1.79991
_621_, 81.42, 51.68, 1.79991
rebuffer6, 81.42, 51.68, 1.79991
FILLER_0_15_157, 81.42, 51.68, 1.79991
FILLER_0_15_169, 81.42, 51.68, 1.79991
_455_, 5.52, 46.24, 1.79991
PHY_24, 5.52, 46.24, 1.79991
PHY_26, 5.52, 46.24, 1.79991
FILLER_0_13_10, 5.52, 46.24, 1.79991
PHY_25, 106.72, 46.24, 1.79992
PHY_27, 106.72, 46.24, 1.79992
FILLER_0_12_214, 106.72, 46.24, 1.79992
FILLER_0_13_211, 106.72, 46.24, 1.79992
_828_, 30.82, 46.24, 1.79991
_829_, 30.82, 46.24, 1.79991
FILLER_0_13_48, 30.82, 46.24, 1.79991
_637_, 56.12, 46.24, 1.79991
_638_, 56.12, 46.24, 1.79991
_703_, 56.12, 46.24, 1.79991
FILLER_0_13_97, 56.12, 46.24, 1.79991
FILLER_0_13_113, 56.12, 46.24, 1.79991
FILLER_0_14_117, 56.12, 46.24, 1.79991
_466_, 81.42, 46.24, 1.79991
_491_, 81.42, 46.24, 1.79991
_627_, 81.42, 46.24, 1.79991
FILLER_0_13_158, 81.42, 46.24, 1.79991
FILLER_0_13_169, 81.42, 46.24, 1.79991
_480_, 5.52, 40.8, 1.79989
PHY_20, 5.52, 40.8, 1.79989
PHY_22, 5.52, 40.8, 1.79989
output50, 5.52, 40.8, 1.79989
FILLER_0_11_9, 5.52, 40.8, 1.79989
FILLER_0_12_3, 5.52, 40.8, 1.79989
FILLER_0_12_13, 5.52, 40.8, 1.79989
_616_, 106.72, 40.8, 1.79989
PHY_21, 106.72, 40.8, 1.79989
PHY_23, 106.72, 40.8, 1.79989
output39, 106.72, 40.8, 1.79989
_447_, 30.82, 40.8, 1.7999
_449_, 30.82, 40.8, 1.7999
_704_, 30.82, 40.8, 1.7999
_705_, 30.82, 40.8, 1.7999
_827_, 30.82, 40.8, 1.7999
_506_, 56.12, 40.8, 1.7999
_645_, 56.12, 40.8, 1.7999
_673_, 56.12, 40.8, 1.7999
FILLER_0_11_113, 56.12, 40.8, 1.7999
_441_, 81.42, 40.8, 1.7999
_445_, 81.42, 40.8, 1.7999
_501_, 81.42, 40.8, 1.7999
_669_, 81.42, 40.8, 1.7999
FILLER_0_11_160, 81.42, 40.8, 1.7999
FILLER_0_11_169, 81.42, 40.8, 1.7999
FILLER_0_12_168, 81.42, 40.8, 1.7999
_452_, 5.52, 35.36, 1.7999
PHY_16, 5.52, 35.36, 1.7999
PHY_18, 5.52, 35.36, 1.7999
input3, 5.52, 35.36, 1.7999
FILLER_0_9_7, 5.52, 35.36, 1.7999
PHY_17, 106.72, 35.36, 1.79991
PHY_19, 106.72, 35.36, 1.79991
FILLER_0_8_214, 106.72, 35.36, 1.79991
FILLER_0_9_208, 106.72, 35.36, 1.79991
_713_, 30.82, 35.36, 1.7999
_758_, 30.82, 35.36, 1.7999
FILLER_0_8_53, 30.82, 35.36, 1.7999
FILLER_0_9_52, 30.82, 35.36, 1.7999
FILLER_0_10_58, 30.82, 35.36, 1.7999
_667_, 56.12, 35.36, 1.7999
_671_, 56.12, 35.36, 1.7999
_672_, 56.12, 35.36, 1.7999
_688_, 56.12, 35.36, 1.7999
FILLER_0_9_105, 56.12, 35.36, 1.7999
FILLER_0_9_120, 56.12, 35.36, 1.7999
_439_, 81.42, 35.36, 1.7999
_526_, 81.42, 35.36, 1.7999
_642_, 81.42, 35.36, 1.7999
max_cap53, 81.42, 35.36, 1.7999
FILLER_0_9_163, 81.42, 35.36, 1.7999
FILLER_0_9_169, 81.42, 35.36, 1.7999
FILLER_0_10_171, 81.42, 35.36, 1.7999
_746_, 5.52, 29.92, 1.79989
PHY_12, 5.52, 29.92, 1.79989
PHY_14, 5.52, 29.92, 1.79989
PHY_13, 106.72, 29.92, 1.7999
PHY_15, 106.72, 29.92, 1.7999
input15, 106.72, 29.92, 1.7999
FILLER_0_6_207, 106.72, 29.92, 1.7999
FILLER_0_7_214, 106.72, 29.92, 1.7999
_407_, 30.82, 29.92, 1.79989
_712_, 30.82, 29.92, 1.79989
_734_, 30.82, 29.92, 1.79989
_743_, 30.82, 29.92, 1.79989
_748_, 30.82, 29.92, 1.79989
_749_, 30.82, 29.92, 1.79989
FILLER_0_6_43, 30.82, 29.92, 1.79989
FILLER_0_7_57, 30.82, 29.92, 1.79989
_448_, 56.12, 29.92, 1.79989
_679_, 56.12, 29.92, 1.79989
_686_, 56.12, 29.92, 1.79989
_687_, 56.12, 29.92, 1.79989
_689_, 56.12, 29.92, 1.79989
FILLER_0_6_97, 56.12, 29.92, 1.79989
FILLER_0_7_101, 56.12, 29.92, 1.79989
FILLER_0_7_109, 56.12, 29.92, 1.79989
FILLER_0_7_113, 56.12, 29.92, 1.79989
_494_, 81.42, 29.92, 1.7999
_527_, 81.42, 29.92, 1.7999
_537_, 81.42, 29.92, 1.7999
FILLER_0_6_160, 81.42, 29.92, 1.7999
FILLER_0_7_159, 81.42, 29.92, 1.7999
FILLER_0_7_169, 81.42, 29.92, 1.7999
FILLER_0_8_175, 81.42, 29.92, 1.7999
PHY_8, 5.52, 24.48, 1.79989
PHY_10, 5.52, 24.48, 1.79989
input33, 5.52, 24.48, 1.79989
FILLER_0_6_9, 5.52, 24.48, 1.79989
PHY_9, 106.72, 24.48, 1.7999
PHY_11, 106.72, 24.48, 1.7999
FILLER_0_4_209, 106.72, 24.48, 1.7999
FILLER_0_5_208, 106.72, 24.48, 1.7999
_733_, 30.82, 24.48, 1.79989
_735_, 30.82, 24.48, 1.79989
_764_, 30.82, 24.48, 1.79989
_655_, 56.12, 24.48, 1.7999
_656_, 56.12, 24.48, 1.7999
_678_, 56.12, 24.48, 1.7999
FILLER_0_5_104, 56.12, 24.48, 1.7999
FILLER_0_6_123, 56.12, 24.48, 1.7999
_417_, 81.42, 24.48, 1.79989
_418_, 81.42, 24.48, 1.79989
_444_, 81.42, 24.48, 1.79989
_523_, 81.42, 24.48, 1.79989
_524_, 81.42, 24.48, 1.79989
_631_, 81.42, 24.48, 1.79989
_651_, 81.42, 24.48, 1.79989
FILLER_0_4_153, 81.42, 24.48, 1.79989
FILLER_0_5_169, 81.42, 24.48, 1.79989
FILLER_0_5_177, 81.42, 24.48, 1.79989
FILLER_0_6_169, 81.42, 24.48, 1.79989
_728_, 5.52, 19.04, 1.7999
PHY_4, 5.52, 19.04, 1.7999
PHY_6, 5.52, 19.04, 1.7999
FILLER_0_3_3, 5.52, 19.04, 1.7999
PHY_5, 106.72, 19.04, 1.79989
PHY_7, 106.72, 19.04, 1.79989
output37, 106.72, 19.04, 1.79989
FILLER_0_3_212, 106.72, 19.04, 1.79989
_732_, 30.82, 19.04, 1.7999
FILLER_0_4_66, 30.82, 19.04, 1.7999
_650_, 56.12, 19.04, 1.7999
_674_, 56.12, 19.04, 1.7999
_726_, 56.12, 19.04, 1.7999
FILLER_0_3_106, 56.12, 19.04, 1.7999
_411_, 81.42, 19.04, 1.7999
_416_, 81.42, 19.04, 1.7999
_647_, 81.42, 19.04, 1.7999
FILLER_0_2_154, 81.42, 19.04, 1.7999
FILLER_0_3_163, 81.42, 19.04, 1.7999
_745_, 5.52, 13.6, 1.79986
PHY_0, 5.52, 13.6, 1.79986
PHY_2, 5.52, 13.6, 1.79986
input24, 5.52, 13.6, 1.79986
input31, 5.52, 13.6, 1.79986
input32, 5.52, 13.6, 1.79986
output43, 5.52, 13.6, 1.79986
FILLER_0_0_13, 5.52, 13.6, 1.79986
FILLER_0_2_7, 5.52, 13.6, 1.79986
PHY_1, 106.72, 13.6, 1.79988
PHY_3, 106.72, 13.6, 1.79988
input11, 106.72, 13.6, 1.79988
input13, 106.72, 13.6, 1.79988
FILLER_0_0_208, 106.72, 13.6, 1.79988
FILLER_0_1_210, 106.72, 13.6, 1.79988
_698_, 30.82, 13.6, 1.79987
_721_, 30.82, 13.6, 1.79987
_722_, 30.82, 13.6, 1.79987
_731_, 30.82, 13.6, 1.79987
input2, 30.82, 13.6, 1.79987
output41, 30.82, 13.6, 1.79987
FILLER_0_0_49, 30.82, 13.6, 1.79987
FILLER_0_1_45, 30.82, 13.6, 1.79987
_649_, 56.12, 13.6, 1.79988
input12, 56.12, 13.6, 1.79988
output44, 56.12, 13.6, 1.79988
FILLER_0_0_105, 56.12, 13.6, 1.79988
FILLER_0_0_113, 56.12, 13.6, 1.79988
FILLER_0_2_116, 56.12, 13.6, 1.79988
_413_, 81.42, 13.6, 1.79988
_414_, 81.42, 13.6, 1.79988
_415_, 81.42, 13.6, 1.79988
_648_, 81.42, 13.6, 1.79988
input4, 81.42, 13.6, 1.79988
input18, 81.42, 13.6, 1.79988
FILLER_0_0_169, 81.42, 13.6, 1.79988
FILLER_0_1_163, 81.42, 13.6, 1.79988
FILLER_0_2_169, 81.42, 13.6, 1.79988

